models/a32_s1.sav
1135.213715 elapsed
100003.000000 reward/count
0.116661 reward/mean
0.038522 reward/std
0.243805 reward/max
451.445977 depth/mean
387.327338 depth/std
0.962739 P(open_chest|enter_dungeon)
0.856259 P(eat_snail|enter_dungeon)
0.772207 P(defeat_orc_soldier|enter_dungeon)
0.584086 P(defeat_orc_mage|enter_dungeon)
0.003585 P(enter_gnomish_mines|enter_dungeon)
0.284347 P(eat_bat|enter_gnomish_mines)
0.644519 P(defeat_gnome_warrior|enter_gnomish_mines)
0.146912 P(defeat_gnome_archer|enter_gnomish_mines)
0.993850 P(collect_wood)
0.976091 P(place_table)
0.700019 P(eat_cow)
0.887973 P(collect_sapling)
0.771627 P(collect_drink)
0.954601 P(make_wood_pickaxe)
0.888763 P(make_wood_sword)
0.886273 P(place_plant)
0.480526 P(defeat_zombie)
0.941162 P(collect_stone)
0.898253 P(place_stone)
0.044319 P(eat_plant)
0.464096 P(defeat_skeleton)
0.605202 P(make_stone_pickaxe)
0.854434 P(make_stone_sword)
0.383408 P(wake_up)
0.892513 P(place_furnace)
0.761287 P(collect_coal)
0.473116 P(collect_iron)
0.085157 P(collect_diamond)
0.030109 P(make_iron_pickaxe)
0.029639 P(make_iron_sword)
0.763647 P(make_arrow)
0.865024 P(make_torch)
0.854194 P(place_torch)
0.010010 P(make_diamond_sword)
0.000000 P(make_iron_armour)
0.000000 P(make_diamond_armour)
0.002110 P(enter_gnomish_mines)
0.588542 P(enter_dungeon)
0.000000 P(enter_sewers)
0.000000 P(enter_vault)
0.000000 P(enter_troll_mines)
0.000000 P(enter_fire_realm)
0.000000 P(enter_ice_realm)
0.000000 P(enter_graveyard)
0.001360 P(defeat_gnome_warrior)
0.000310 P(defeat_gnome_archer)
0.454476 P(defeat_orc_solider)
0.343760 P(defeat_orc_mage)
0.000000 P(defeat_lizard)
0.000000 P(defeat_kobold)
0.000000 P(defeat_troll)
0.000000 P(defeat_deep_thing)
0.000000 P(defeat_pigman)
0.000000 P(defeat_fire_elemental)
0.000000 P(defeat_frost_troll)
0.000000 P(defeat_ice_elemental)
0.000000 P(damage_necromancer)
0.000000 P(defeat_necromancer)
0.000600 P(eat_bat)
0.503945 P(eat_snail)
0.566613 P(find_bow)
0.369389 P(fire_bow)
0.072008 P(collect_sapphire)
0.000000 P(learn_fireball)
0.000000 P(cast_fireball)
0.000000 P(learn_iceball)
0.000000 P(cast_iceball)
0.071568 P(collect_ruby)
0.009550 P(make_diamond_pickaxe)
0.566613 P(open_chest)
0.000000 P(drink_potion)
0.000000 P(enchant_sword)
0.000000 P(enchant_armour)
0.000000 P(defeat_knight)
0.000000 P(defeat_archer)

models/a32_s2.sav
1180.500404 elapsed
100006.000000 reward/count
0.118107 reward/mean
0.038622 reward/std
0.252655 reward/max
472.885117 depth/mean
409.719246 depth/std
0.962477 P(open_chest|enter_dungeon)
0.859685 P(eat_snail|enter_dungeon)
0.778576 P(defeat_orc_soldier|enter_dungeon)
0.589940 P(defeat_orc_mage|enter_dungeon)
0.003543 P(enter_gnomish_mines|enter_dungeon)
0.572088 P(eat_bat|enter_gnomish_mines)
0.624970 P(defeat_gnome_warrior|enter_gnomish_mines)
0.240373 P(defeat_gnome_archer|enter_gnomish_mines)
0.997250 P(collect_wood)
0.981981 P(place_table)
0.691249 P(eat_cow)
0.894626 P(collect_sapling)
0.778333 P(collect_drink)
0.965032 P(make_wood_pickaxe)
0.902626 P(make_wood_sword)
0.892296 P(place_plant)
0.489981 P(defeat_zombie)
0.953343 P(collect_stone)
0.914395 P(place_stone)
0.044127 P(eat_plant)
0.475741 P(defeat_skeleton)
0.689619 P(make_stone_pickaxe)
0.882937 P(make_stone_sword)
0.442143 P(wake_up)
0.900126 P(place_furnace)
0.774544 P(collect_coal)
0.552537 P(collect_iron)
0.083235 P(collect_diamond)
0.028188 P(make_iron_pickaxe)
0.028118 P(make_iron_sword)
0.748475 P(make_arrow)
0.875567 P(make_torch)
0.863978 P(place_torch)
0.009529 P(make_diamond_sword)
0.000000 P(make_iron_armour)
0.000010 P(make_diamond_armour)
0.002080 P(enter_gnomish_mines)
0.587075 P(enter_dungeon)
0.000000 P(enter_sewers)
0.000000 P(enter_vault)
0.000000 P(enter_troll_mines)
0.000000 P(enter_fire_realm)
0.000000 P(enter_ice_realm)
0.000000 P(enter_graveyard)
0.001300 P(defeat_gnome_warrior)
0.000500 P(defeat_gnome_archer)
0.457083 P(defeat_orc_solider)
0.346339 P(defeat_orc_mage)
0.000000 P(defeat_lizard)
0.000000 P(defeat_kobold)
0.000000 P(defeat_troll)
0.000000 P(defeat_deep_thing)
0.000000 P(defeat_pigman)
0.000000 P(defeat_fire_elemental)
0.000000 P(defeat_frost_troll)
0.000000 P(defeat_ice_elemental)
0.000000 P(damage_necromancer)
0.000000 P(defeat_necromancer)
0.001190 P(eat_bat)
0.504700 P(eat_snail)
0.565046 P(find_bow)
0.354899 P(fire_bow)
0.068596 P(collect_sapphire)
0.000000 P(learn_fireball)
0.000000 P(cast_fireball)
0.000000 P(learn_iceball)
0.000000 P(cast_iceball)
0.068846 P(collect_ruby)
0.009389 P(make_diamond_pickaxe)
0.565046 P(open_chest)
0.000000 P(drink_potion)
0.000000 P(enchant_sword)
0.000000 P(enchant_armour)
0.000000 P(defeat_knight)
0.000000 P(defeat_archer)

models/a32_s3.sav
1140.921495 elapsed
100005.000000 reward/count
0.115290 reward/mean
0.038279 reward/std
0.226106 reward/max
458.713654 depth/mean
387.957496 depth/std
0.960502 P(open_chest|enter_dungeon)
0.875135 P(eat_snail|enter_dungeon)
0.787475 P(defeat_orc_soldier|enter_dungeon)
0.581053 P(defeat_orc_mage|enter_dungeon)
0.003520 P(enter_gnomish_mines|enter_dungeon)
0.056407 P(eat_bat|enter_gnomish_mines)
0.076919 P(defeat_gnome_warrior|enter_gnomish_mines)
0.020512 P(defeat_gnome_archer|enter_gnomish_mines)
0.996920 P(collect_wood)
0.982141 P(place_table)
0.699765 P(eat_cow)
0.932383 P(collect_sapling)
0.789781 P(collect_drink)
0.966222 P(make_wood_pickaxe)
0.909025 P(make_wood_sword)
0.931363 P(place_plant)
0.490255 P(defeat_zombie)
0.951402 P(collect_stone)
0.911754 P(place_stone)
0.041758 P(eat_plant)
0.471766 P(defeat_skeleton)
0.699095 P(make_stone_pickaxe)
0.882406 P(make_stone_sword)
0.303325 P(wake_up)
0.909075 P(place_furnace)
0.783481 P(collect_coal)
0.553552 P(collect_iron)
0.076706 P(collect_diamond)
0.026969 P(make_iron_pickaxe)
0.027569 P(make_iron_sword)
0.735243 P(make_arrow)
0.869027 P(make_torch)
0.854497 P(place_torch)
0.008820 P(make_diamond_sword)
0.000000 P(make_iron_armour)
0.000000 P(make_diamond_armour)
0.001950 P(enter_gnomish_mines)
0.553932 P(enter_dungeon)
0.000000 P(enter_sewers)
0.000000 P(enter_vault)
0.000000 P(enter_troll_mines)
0.000000 P(enter_fire_realm)
0.000000 P(enter_ice_realm)
0.000000 P(enter_graveyard)
0.000150 P(defeat_gnome_warrior)
0.000040 P(defeat_gnome_archer)
0.436208 P(defeat_orc_solider)
0.321864 P(defeat_orc_mage)
0.000000 P(defeat_lizard)
0.000000 P(defeat_kobold)
0.000000 P(defeat_troll)
0.000000 P(defeat_deep_thing)
0.000000 P(defeat_pigman)
0.000000 P(defeat_fire_elemental)
0.000000 P(defeat_frost_troll)
0.000000 P(defeat_ice_elemental)
0.000000 P(damage_necromancer)
0.000000 P(defeat_necromancer)
0.000110 P(eat_bat)
0.484766 P(eat_snail)
0.532053 P(find_bow)
0.322874 P(fire_bow)
0.065217 P(collect_sapphire)
0.000000 P(learn_fireball)
0.000000 P(cast_fireball)
0.000000 P(learn_iceball)
0.000000 P(cast_iceball)
0.065797 P(collect_ruby)
0.008720 P(make_diamond_pickaxe)
0.532053 P(open_chest)
0.000000 P(drink_potion)
0.000000 P(enchant_sword)
0.000000 P(enchant_armour)
0.000000 P(defeat_knight)
0.000000 P(defeat_archer)

models/a32_s4.sav
1169.957204 elapsed
100004.000000 reward/count
0.117832 reward/mean
0.038866 reward/std
0.248230 reward/max
467.744310 depth/mean
402.124245 depth/std
0.966090 P(open_chest|enter_dungeon)
0.866717 P(eat_snail|enter_dungeon)
0.783710 P(defeat_orc_soldier|enter_dungeon)
0.620519 P(defeat_orc_mage|enter_dungeon)
0.004572 P(enter_gnomish_mines|enter_dungeon)
0.681792 P(eat_bat|enter_gnomish_mines)
0.715882 P(defeat_gnome_warrior|enter_gnomish_mines)
0.053028 P(defeat_gnome_archer|enter_gnomish_mines)
0.997450 P(collect_wood)
0.981621 P(place_table)
0.687333 P(eat_cow)
0.878125 P(collect_sapling)
0.790258 P(collect_drink)
0.966441 P(make_wood_pickaxe)
0.918373 P(make_wood_sword)
0.876725 P(place_plant)
0.488210 P(defeat_zombie)
0.955172 P(collect_stone)
0.916253 P(place_stone)
0.047828 P(eat_plant)
0.473231 P(defeat_skeleton)
0.684583 P(make_stone_pickaxe)
0.895444 P(make_stone_sword)
0.442422 P(wake_up)
0.901344 P(place_furnace)
0.769919 P(collect_coal)
0.565897 P(collect_iron)
0.083037 P(collect_diamond)
0.029619 P(make_iron_pickaxe)
0.028709 P(make_iron_sword)
0.762859 P(make_arrow)
0.869145 P(make_torch)
0.846046 P(place_torch)
0.009600 P(make_diamond_sword)
0.000010 P(make_iron_armour)
0.000000 P(make_diamond_armour)
0.002640 P(enter_gnomish_mines)
0.577397 P(enter_dungeon)
0.000000 P(enter_sewers)
0.000000 P(enter_vault)
0.000000 P(enter_troll_mines)
0.000000 P(enter_fire_realm)
0.000000 P(enter_ice_realm)
0.000000 P(enter_graveyard)
0.001890 P(defeat_gnome_warrior)
0.000140 P(defeat_gnome_archer)
0.452512 P(defeat_orc_solider)
0.358286 P(defeat_orc_mage)
0.000000 P(defeat_lizard)
0.000000 P(defeat_kobold)
0.000000 P(defeat_troll)
0.000000 P(defeat_deep_thing)
0.000000 P(defeat_pigman)
0.000000 P(defeat_fire_elemental)
0.000000 P(defeat_frost_troll)
0.000000 P(defeat_ice_elemental)
0.000000 P(damage_necromancer)
0.000000 P(defeat_necromancer)
0.001800 P(eat_bat)
0.500440 P(eat_snail)
0.557818 P(find_bow)
0.351166 P(fire_bow)
0.069007 P(collect_sapphire)
0.000000 P(learn_fireball)
0.000000 P(cast_fireball)
0.000000 P(learn_iceball)
0.000000 P(cast_iceball)
0.070577 P(collect_ruby)
0.009740 P(make_diamond_pickaxe)
0.557818 P(open_chest)
0.000000 P(drink_potion)
0.000000 P(enchant_sword)
0.000000 P(enchant_armour)
0.000000 P(defeat_knight)
0.000000 P(defeat_archer)

models/a32_s5.sav
1196.483104 elapsed
100003.000000 reward/count
0.115875 reward/mean
0.038936 reward/std
0.252655 reward/max
476.868604 depth/mean
444.256645 depth/std
0.958980 P(open_chest|enter_dungeon)
0.855597 P(eat_snail|enter_dungeon)
0.780065 P(defeat_orc_soldier|enter_dungeon)
0.585422 P(defeat_orc_mage|enter_dungeon)
0.003984 P(enter_gnomish_mines|enter_dungeon)
0.521529 P(eat_bat|enter_gnomish_mines)
0.564631 P(defeat_gnome_warrior|enter_gnomish_mines)
0.331882 P(defeat_gnome_archer|enter_gnomish_mines)
0.995700 P(collect_wood)
0.976661 P(place_table)
0.693059 P(eat_cow)
0.915803 P(collect_sapling)
0.772437 P(collect_drink)
0.953391 P(make_wood_pickaxe)
0.890233 P(make_wood_sword)
0.914513 P(place_plant)
0.480646 P(defeat_zombie)
0.934722 P(collect_stone)
0.889603 P(place_stone)
0.054368 P(eat_plant)
0.460776 P(defeat_skeleton)
0.624561 P(make_stone_pickaxe)
0.837115 P(make_stone_sword)
0.366779 P(wake_up)
0.888483 P(place_furnace)
0.749948 P(collect_coal)
0.508565 P(collect_iron)
0.081978 P(collect_diamond)
0.027629 P(make_iron_pickaxe)
0.028069 P(make_iron_sword)
0.735778 P(make_arrow)
0.850104 P(make_torch)
0.838385 P(place_torch)
0.009910 P(make_diamond_sword)
0.000000 P(make_iron_armour)
0.000000 P(make_diamond_armour)
0.002320 P(enter_gnomish_mines)
0.582383 P(enter_dungeon)
0.000000 P(enter_sewers)
0.000000 P(enter_vault)
0.000000 P(enter_troll_mines)
0.000000 P(enter_fire_realm)
0.000000 P(enter_ice_realm)
0.000000 P(enter_graveyard)
0.001310 P(defeat_gnome_warrior)
0.000770 P(defeat_gnome_archer)
0.454296 P(defeat_orc_solider)
0.340940 P(defeat_orc_mage)
0.000000 P(defeat_lizard)
0.000000 P(defeat_kobold)
0.000000 P(defeat_troll)
0.000000 P(defeat_deep_thing)
0.000000 P(defeat_pigman)
0.000000 P(defeat_fire_elemental)
0.000000 P(defeat_frost_troll)
0.000000 P(defeat_ice_elemental)
0.000000 P(damage_necromancer)
0.000000 P(defeat_necromancer)
0.001210 P(eat_bat)
0.498285 P(eat_snail)
0.558493 P(find_bow)
0.347300 P(fire_bow)
0.068578 P(collect_sapphire)
0.000000 P(learn_fireball)
0.000000 P(cast_fireball)
0.000000 P(learn_iceball)
0.000000 P(cast_iceball)
0.069128 P(collect_ruby)
0.009000 P(make_diamond_pickaxe)
0.558493 P(open_chest)
0.000000 P(drink_potion)
0.000000 P(enchant_sword)
0.000000 P(enchant_armour)
0.000000 P(defeat_knight)
0.000000 P(defeat_archer)

models/a32_s6.sav
1199.864245 elapsed
100000.000000 reward/count
0.118007 reward/mean
0.038422 reward/std
0.243805 reward/max
468.358000 depth/mean
426.897760 depth/std
0.966074 P(open_chest|enter_dungeon)
0.852501 P(eat_snail|enter_dungeon)
0.769703 P(defeat_orc_soldier|enter_dungeon)
0.573349 P(defeat_orc_mage|enter_dungeon)
0.002254 P(enter_gnomish_mines|enter_dungeon)
0.108688 P(eat_bat|enter_gnomish_mines)
0.094196 P(defeat_gnome_warrior|enter_gnomish_mines)
0.021738 P(defeat_gnome_archer|enter_gnomish_mines)
0.995230 P(collect_wood)
0.979070 P(place_table)
0.689600 P(eat_cow)
0.909570 P(collect_sapling)
0.778030 P(collect_drink)
0.955550 P(make_wood_pickaxe)
0.879610 P(make_wood_sword)
0.906230 P(place_plant)
0.479770 P(defeat_zombie)
0.942380 P(collect_stone)
0.906700 P(place_stone)
0.048350 P(eat_plant)
0.458520 P(defeat_skeleton)
0.649140 P(make_stone_pickaxe)
0.851950 P(make_stone_sword)
0.343710 P(wake_up)
0.901290 P(place_furnace)
0.752410 P(collect_coal)
0.496160 P(collect_iron)
0.085990 P(collect_diamond)
0.029960 P(make_iron_pickaxe)
0.029010 P(make_iron_sword)
0.708690 P(make_arrow)
0.859440 P(make_torch)
0.840380 P(place_torch)
0.010260 P(make_diamond_sword)
0.000000 P(make_iron_armour)
0.000000 P(make_diamond_armour)
0.001380 P(enter_gnomish_mines)
0.612210 P(enter_dungeon)
0.000000 P(enter_sewers)
0.000000 P(enter_vault)
0.000000 P(enter_troll_mines)
0.000000 P(enter_fire_realm)
0.000000 P(enter_ice_realm)
0.000000 P(enter_graveyard)
0.000130 P(defeat_gnome_warrior)
0.000030 P(defeat_gnome_archer)
0.471220 P(defeat_orc_solider)
0.351010 P(defeat_orc_mage)
0.000000 P(defeat_lizard)
0.000000 P(defeat_kobold)
0.000000 P(defeat_troll)
0.000000 P(defeat_deep_thing)
0.000000 P(defeat_pigman)
0.000000 P(defeat_fire_elemental)
0.000000 P(defeat_frost_troll)
0.000000 P(defeat_ice_elemental)
0.000000 P(damage_necromancer)
0.000000 P(defeat_necromancer)
0.000150 P(eat_bat)
0.521910 P(eat_snail)
0.591440 P(find_bow)
0.352350 P(fire_bow)
0.071710 P(collect_sapphire)
0.000000 P(learn_fireball)
0.000000 P(cast_fireball)
0.000000 P(learn_iceball)
0.000000 P(cast_iceball)
0.071620 P(collect_ruby)
0.010600 P(make_diamond_pickaxe)
0.591440 P(open_chest)
0.000000 P(drink_potion)
0.000000 P(enchant_sword)
0.000000 P(enchant_armour)
0.000000 P(defeat_knight)
0.000000 P(defeat_archer)

models/a32_s7.sav
1169.442209 elapsed
100005.000000 reward/count
0.120397 reward/mean
0.038221 reward/std
0.261504 reward/max
459.344593 depth/mean
403.037582 depth/std
0.962338 P(open_chest|enter_dungeon)
0.855136 P(eat_snail|enter_dungeon)
0.791741 P(defeat_orc_soldier|enter_dungeon)
0.601837 P(defeat_orc_mage|enter_dungeon)
0.004009 P(enter_gnomish_mines|enter_dungeon)
0.458998 P(eat_bat|enter_gnomish_mines)
0.688496 P(defeat_gnome_warrior|enter_gnomish_mines)
0.360641 P(defeat_gnome_archer|enter_gnomish_mines)
0.996690 P(collect_wood)
0.982521 P(place_table)
0.664867 P(eat_cow)
0.914654 P(collect_sapling)
0.799120 P(collect_drink)
0.964052 P(make_wood_pickaxe)
0.906965 P(make_wood_sword)
0.913794 P(place_plant)
0.469737 P(defeat_zombie)
0.952042 P(collect_stone)
0.897705 P(place_stone)
0.040338 P(eat_plant)
0.441598 P(defeat_skeleton)
0.679086 P(make_stone_pickaxe)
0.871306 P(make_stone_sword)
0.340853 P(wake_up)
0.903645 P(place_furnace)
0.767372 P(collect_coal)
0.550822 P(collect_iron)
0.087366 P(collect_diamond)
0.130653 P(make_iron_pickaxe)
0.178011 P(make_iron_sword)
0.748353 P(make_arrow)
0.860717 P(make_torch)
0.840438 P(place_torch)
0.010179 P(make_diamond_sword)
0.000000 P(make_iron_armour)
0.000000 P(make_diamond_armour)
0.002440 P(enter_gnomish_mines)
0.608540 P(enter_dungeon)
0.000000 P(enter_sewers)
0.000000 P(enter_vault)
0.000000 P(enter_troll_mines)
0.000000 P(enter_fire_realm)
0.000000 P(enter_ice_realm)
0.000000 P(enter_graveyard)
0.001680 P(defeat_gnome_warrior)
0.000880 P(defeat_gnome_archer)
0.481806 P(defeat_orc_solider)
0.366242 P(defeat_orc_mage)
0.000000 P(defeat_lizard)
0.000000 P(defeat_kobold)
0.000000 P(defeat_troll)
0.000000 P(defeat_deep_thing)
0.000000 P(defeat_pigman)
0.000000 P(defeat_fire_elemental)
0.000000 P(defeat_frost_troll)
0.000000 P(defeat_ice_elemental)
0.000000 P(damage_necromancer)
0.000000 P(defeat_necromancer)
0.001120 P(eat_bat)
0.520384 P(eat_snail)
0.585621 P(find_bow)
0.371461 P(fire_bow)
0.073056 P(collect_sapphire)
0.000000 P(learn_fireball)
0.000000 P(cast_fireball)
0.000000 P(learn_iceball)
0.000000 P(cast_iceball)
0.072096 P(collect_ruby)
0.010039 P(make_diamond_pickaxe)
0.585621 P(open_chest)
0.000000 P(drink_potion)
0.000000 P(enchant_sword)
0.000000 P(enchant_armour)
0.000000 P(defeat_knight)
0.000000 P(defeat_archer)

models/a32_s8.sav
1184.477466 elapsed
100001.000000 reward/count
0.115176 reward/mean
0.038370 reward/std
0.248230 reward/max
468.258177 depth/mean
413.622108 depth/std
0.956509 P(open_chest|enter_dungeon)
0.842343 P(eat_snail|enter_dungeon)
0.756540 P(defeat_orc_soldier|enter_dungeon)
0.565471 P(defeat_orc_mage|enter_dungeon)
0.002168 P(enter_gnomish_mines|enter_dungeon)
0.319974 P(eat_bat|enter_gnomish_mines)
0.479962 P(defeat_gnome_warrior|enter_gnomish_mines)
0.071994 P(defeat_gnome_archer|enter_gnomish_mines)
0.995010 P(collect_wood)
0.979340 P(place_table)
0.704103 P(eat_cow)
0.906531 P(collect_sapling)
0.758202 P(collect_drink)
0.958770 P(make_wood_pickaxe)
0.883661 P(make_wood_sword)
0.904311 P(place_plant)
0.488985 P(defeat_zombie)
0.943481 P(collect_stone)
0.894831 P(place_stone)
0.048630 P(eat_plant)
0.468385 P(defeat_skeleton)
0.667963 P(make_stone_pickaxe)
0.851981 P(make_stone_sword)
0.369956 P(wake_up)
0.897971 P(place_furnace)
0.775542 P(collect_coal)
0.531205 P(collect_iron)
0.078129 P(collect_diamond)
0.027650 P(make_iron_pickaxe)
0.026690 P(make_iron_sword)
0.714863 P(make_arrow)
0.864411 P(make_torch)
0.840482 P(place_torch)
0.009080 P(make_diamond_sword)
0.000010 P(make_iron_armour)
0.000000 P(make_diamond_armour)
0.001250 P(enter_gnomish_mines)
0.576434 P(enter_dungeon)
0.000000 P(enter_sewers)
0.000000 P(enter_vault)
0.000000 P(enter_troll_mines)
0.000000 P(enter_fire_realm)
0.000000 P(enter_ice_realm)
0.000000 P(enter_graveyard)
0.000600 P(defeat_gnome_warrior)
0.000090 P(defeat_gnome_archer)
0.436096 P(defeat_orc_solider)
0.325957 P(defeat_orc_mage)
0.000000 P(defeat_lizard)
0.000000 P(defeat_kobold)
0.000000 P(defeat_troll)
0.000000 P(defeat_deep_thing)
0.000000 P(defeat_pigman)
0.000000 P(defeat_fire_elemental)
0.000000 P(defeat_frost_troll)
0.000000 P(defeat_ice_elemental)
0.000000 P(damage_necromancer)
0.000000 P(defeat_necromancer)
0.000400 P(eat_bat)
0.485555 P(eat_snail)
0.551364 P(find_bow)
0.331897 P(fire_bow)
0.065719 P(collect_sapphire)
0.000000 P(learn_fireball)
0.000000 P(cast_fireball)
0.000000 P(learn_iceball)
0.000000 P(cast_iceball)
0.065359 P(collect_ruby)
0.009310 P(make_diamond_pickaxe)
0.551364 P(open_chest)
0.000000 P(drink_potion)
0.000000 P(enchant_sword)
0.000000 P(enchant_armour)
0.000000 P(defeat_knight)
0.000000 P(defeat_archer)

models/a32_s9.sav
1197.414198 elapsed
100009.000000 reward/count
0.124129 reward/mean
0.038960 reward/std
0.261504 reward/max
454.690468 depth/mean
388.682352 depth/std
0.964615 P(open_chest|enter_dungeon)
0.827218 P(eat_snail|enter_dungeon)
0.772083 P(defeat_orc_soldier|enter_dungeon)
0.605116 P(defeat_orc_mage|enter_dungeon)
0.004220 P(enter_gnomish_mines|enter_dungeon)
0.640265 P(eat_bat|enter_gnomish_mines)
0.690623 P(defeat_gnome_warrior|enter_gnomish_mines)
0.366893 P(defeat_gnome_archer|enter_gnomish_mines)
0.996830 P(collect_wood)
0.980782 P(place_table)
0.669360 P(eat_cow)
0.880431 P(collect_sapling)
0.816657 P(collect_drink)
0.964063 P(make_wood_pickaxe)
0.909958 P(make_wood_sword)
0.877061 P(place_plant)
0.476457 P(defeat_zombie)
0.951224 P(collect_stone)
0.906548 P(place_stone)
0.042696 P(eat_plant)
0.470208 P(defeat_skeleton)
0.706576 P(make_stone_pickaxe)
0.881121 P(make_stone_sword)
0.386425 P(wake_up)
0.901209 P(place_furnace)
0.767491 P(collect_coal)
0.535622 P(collect_iron)
0.095901 P(collect_diamond)
0.034117 P(make_iron_pickaxe)
0.032407 P(make_iron_sword)
0.772420 P(make_arrow)
0.880291 P(make_torch)
0.851513 P(place_torch)
0.010579 P(make_diamond_sword)
0.000000 P(make_iron_armour)
0.000010 P(make_diamond_armour)
0.002780 P(enter_gnomish_mines)
0.658691 P(enter_dungeon)
0.000010 P(enter_sewers)
0.000000 P(enter_vault)
0.000000 P(enter_troll_mines)
0.000000 P(enter_fire_realm)
0.000000 P(enter_ice_realm)
0.000000 P(enter_graveyard)
0.001920 P(defeat_gnome_warrior)
0.001020 P(defeat_gnome_archer)
0.508564 P(defeat_orc_solider)
0.398584 P(defeat_orc_mage)
0.000000 P(defeat_lizard)
0.000000 P(defeat_kobold)
0.000000 P(defeat_troll)
0.000000 P(defeat_deep_thing)
0.000000 P(defeat_pigman)
0.000000 P(defeat_fire_elemental)
0.000000 P(defeat_frost_troll)
0.000000 P(defeat_ice_elemental)
0.000000 P(damage_necromancer)
0.000000 P(defeat_necromancer)
0.001780 P(eat_bat)
0.544881 P(eat_snail)
0.635383 P(find_bow)
0.431091 P(fire_bow)
0.079893 P(collect_sapphire)
0.000000 P(learn_fireball)
0.000000 P(cast_fireball)
0.000000 P(learn_iceball)
0.000000 P(cast_iceball)
0.079963 P(collect_ruby)
0.011559 P(make_diamond_pickaxe)
0.635383 P(open_chest)
0.000000 P(drink_potion)
0.000000 P(enchant_sword)
0.000000 P(enchant_armour)
0.000000 P(defeat_knight)
0.000000 P(defeat_archer)

models/a32_s10.sav
1181.892780 elapsed
100005.000000 reward/count
0.117723 reward/mean
0.038331 reward/std
0.252655 reward/max
466.294735 depth/mean
418.310206 depth/std
0.963620 P(open_chest|enter_dungeon)
0.853879 P(eat_snail|enter_dungeon)
0.779250 P(defeat_orc_soldier|enter_dungeon)
0.589273 P(defeat_orc_mage|enter_dungeon)
0.003872 P(enter_gnomish_mines|enter_dungeon)
0.659454 P(eat_bat|enter_gnomish_mines)
0.672385 P(defeat_gnome_warrior|enter_gnomish_mines)
0.034481 P(defeat_gnome_archer|enter_gnomish_mines)
0.996240 P(collect_wood)
0.981681 P(place_table)
0.673966 P(eat_cow)
0.906595 P(collect_sapling)
0.786631 P(collect_drink)
0.961902 P(make_wood_pickaxe)
0.876226 P(make_wood_sword)
0.905675 P(place_plant)
0.476726 P(defeat_zombie)
0.946453 P(collect_stone)
0.901315 P(place_stone)
0.050507 P(eat_plant)
0.462127 P(defeat_skeleton)
0.657057 P(make_stone_pickaxe)
0.850937 P(make_stone_sword)
0.419649 P(wake_up)
0.907815 P(place_furnace)
0.770351 P(collect_coal)
0.533683 P(collect_iron)
0.084836 P(collect_diamond)
0.028429 P(make_iron_pickaxe)
0.029039 P(make_iron_sword)
0.714714 P(make_arrow)
0.867217 P(make_torch)
0.845698 P(place_torch)
0.009780 P(make_diamond_sword)
0.000000 P(make_iron_armour)
0.000000 P(make_diamond_armour)
0.002320 P(enter_gnomish_mines)
0.599200 P(enter_dungeon)
0.000000 P(enter_sewers)
0.000000 P(enter_vault)
0.000000 P(enter_troll_mines)
0.000000 P(enter_fire_realm)
0.000000 P(enter_ice_realm)
0.000000 P(enter_graveyard)
0.001560 P(defeat_gnome_warrior)
0.000080 P(defeat_gnome_archer)
0.466927 P(defeat_orc_solider)
0.353092 P(defeat_orc_mage)
0.000000 P(defeat_lizard)
0.000000 P(defeat_kobold)
0.000000 P(defeat_troll)
0.000000 P(defeat_deep_thing)
0.000000 P(defeat_pigman)
0.000000 P(defeat_fire_elemental)
0.000000 P(defeat_frost_troll)
0.000000 P(defeat_ice_elemental)
0.000000 P(damage_necromancer)
0.000000 P(defeat_necromancer)
0.001530 P(eat_bat)
0.511644 P(eat_snail)
0.577401 P(find_bow)
0.344673 P(fire_bow)
0.071186 P(collect_sapphire)
0.000000 P(learn_fireball)
0.000000 P(cast_fireball)
0.000000 P(learn_iceball)
0.000000 P(cast_iceball)
0.070716 P(collect_ruby)
0.009810 P(make_diamond_pickaxe)
0.577401 P(open_chest)
0.000000 P(drink_potion)
0.000000 P(enchant_sword)
0.000000 P(enchant_armour)
0.000000 P(defeat_knight)
0.000000 P(defeat_archer)

models/a32_s11.sav
1164.971381 elapsed
100000.000000 reward/count
0.117349 reward/mean
0.038203 reward/std
0.239381 reward/max
459.497000 depth/mean
398.331380 depth/std
0.961996 P(open_chest|enter_dungeon)
0.847327 P(eat_snail|enter_dungeon)
0.767638 P(defeat_orc_soldier|enter_dungeon)
0.592957 P(defeat_orc_mage|enter_dungeon)
0.002027 P(enter_gnomish_mines|enter_dungeon)
0.524956 P(eat_bat|enter_gnomish_mines)
0.599950 P(defeat_gnome_warrior|enter_gnomish_mines)
0.324973 P(defeat_gnome_archer|enter_gnomish_mines)
0.996390 P(collect_wood)
0.980310 P(place_table)
0.685890 P(eat_cow)
0.865840 P(collect_sapling)
0.801790 P(collect_drink)
0.961810 P(make_wood_pickaxe)
0.898040 P(make_wood_sword)
0.861860 P(place_plant)
0.482400 P(defeat_zombie)
0.947150 P(collect_stone)
0.905350 P(place_stone)
0.044150 P(eat_plant)
0.473510 P(defeat_skeleton)
0.684480 P(make_stone_pickaxe)
0.849450 P(make_stone_sword)
0.348000 P(wake_up)
0.896310 P(place_furnace)
0.771150 P(collect_coal)
0.561560 P(collect_iron)
0.084460 P(collect_diamond)
0.028770 P(make_iron_pickaxe)
0.029480 P(make_iron_sword)
0.742550 P(make_arrow)
0.872120 P(make_torch)
0.847750 P(place_torch)
0.010140 P(make_diamond_sword)
0.000000 P(make_iron_armour)
0.000010 P(make_diamond_armour)
0.001200 P(enter_gnomish_mines)
0.592050 P(enter_dungeon)
0.000000 P(enter_sewers)
0.000000 P(enter_vault)
0.000000 P(enter_troll_mines)
0.000000 P(enter_fire_realm)
0.000000 P(enter_ice_realm)
0.000000 P(enter_graveyard)
0.000720 P(defeat_gnome_warrior)
0.000390 P(defeat_gnome_archer)
0.454480 P(defeat_orc_solider)
0.351060 P(defeat_orc_mage)
0.000000 P(defeat_lizard)
0.000000 P(defeat_kobold)
0.000000 P(defeat_troll)
0.000000 P(defeat_deep_thing)
0.000000 P(defeat_pigman)
0.000000 P(defeat_fire_elemental)
0.000000 P(defeat_frost_troll)
0.000000 P(defeat_ice_elemental)
0.000000 P(damage_necromancer)
0.000000 P(defeat_necromancer)
0.000630 P(eat_bat)
0.501660 P(eat_snail)
0.569550 P(find_bow)
0.355600 P(fire_bow)
0.070040 P(collect_sapphire)
0.000000 P(learn_fireball)
0.000000 P(cast_fireball)
0.000000 P(learn_iceball)
0.000000 P(cast_iceball)
0.071220 P(collect_ruby)
0.009950 P(make_diamond_pickaxe)
0.569550 P(open_chest)
0.000000 P(drink_potion)
0.000000 P(enchant_sword)
0.000000 P(enchant_armour)
0.000000 P(defeat_knight)
0.000000 P(defeat_archer)

models/a32_s12.sav
1144.087563 elapsed
100000.000000 reward/count
0.116854 reward/mean
0.038811 reward/std
0.252655 reward/max
446.194750 depth/mean
399.330287 depth/std
0.961701 P(open_chest|enter_dungeon)
0.843638 P(eat_snail|enter_dungeon)
0.782670 P(defeat_orc_soldier|enter_dungeon)
0.599284 P(defeat_orc_mage|enter_dungeon)
0.002943 P(enter_gnomish_mines|enter_dungeon)
0.596456 P(eat_bat|enter_gnomish_mines)
0.543828 P(defeat_gnome_warrior|enter_gnomish_mines)
0.087714 P(defeat_gnome_archer|enter_gnomish_mines)
0.995930 P(collect_wood)
0.981550 P(place_table)
0.689380 P(eat_cow)
0.908530 P(collect_sapling)
0.756390 P(collect_drink)
0.967120 P(make_wood_pickaxe)
0.909150 P(make_wood_sword)
0.906580 P(place_plant)
0.485330 P(defeat_zombie)
0.953430 P(collect_stone)
0.903580 P(place_stone)
0.041060 P(eat_plant)
0.474840 P(defeat_skeleton)
0.726270 P(make_stone_pickaxe)
0.885960 P(make_stone_sword)
0.310810 P(wake_up)
0.887430 P(place_furnace)
0.765790 P(collect_coal)
0.547080 P(collect_iron)
0.085320 P(collect_diamond)
0.029360 P(make_iron_pickaxe)
0.028290 P(make_iron_sword)
0.735860 P(make_arrow)
0.864730 P(make_torch)
0.844910 P(place_torch)
0.009480 P(make_diamond_sword)
0.000000 P(make_iron_armour)
0.000000 P(make_diamond_armour)
0.001710 P(enter_gnomish_mines)
0.580960 P(enter_dungeon)
0.000000 P(enter_sewers)
0.000000 P(enter_vault)
0.000000 P(enter_troll_mines)
0.000000 P(enter_fire_realm)
0.000000 P(enter_ice_realm)
0.000000 P(enter_graveyard)
0.000930 P(defeat_gnome_warrior)
0.000150 P(defeat_gnome_archer)
0.454700 P(defeat_orc_solider)
0.348160 P(defeat_orc_mage)
0.000000 P(defeat_lizard)
0.000000 P(defeat_kobold)
0.000000 P(defeat_troll)
0.000000 P(defeat_deep_thing)
0.000000 P(defeat_pigman)
0.000000 P(defeat_fire_elemental)
0.000000 P(defeat_frost_troll)
0.000000 P(defeat_ice_elemental)
0.000000 P(damage_necromancer)
0.000000 P(defeat_necromancer)
0.001020 P(eat_bat)
0.490120 P(eat_snail)
0.558710 P(find_bow)
0.348220 P(fire_bow)
0.069710 P(collect_sapphire)
0.000000 P(learn_fireball)
0.000000 P(cast_fireball)
0.000000 P(learn_iceball)
0.000000 P(cast_iceball)
0.069720 P(collect_ruby)
0.009890 P(make_diamond_pickaxe)
0.558710 P(open_chest)
0.000000 P(drink_potion)
0.000000 P(enchant_sword)
0.000000 P(enchant_armour)
0.000000 P(defeat_knight)
0.000000 P(defeat_archer)

models/a32_s13.sav
1169.700620 elapsed
100005.000000 reward/count
0.119936 reward/mean
0.038307 reward/std
0.257080 reward/max
448.479726 depth/mean
375.024742 depth/std
0.959574 P(open_chest|enter_dungeon)
0.857315 P(eat_snail|enter_dungeon)
0.762939 P(defeat_orc_soldier|enter_dungeon)
0.582087 P(defeat_orc_mage|enter_dungeon)
0.002227 P(enter_gnomish_mines|enter_dungeon)
0.540107 P(eat_bat|enter_gnomish_mines)
0.656886 P(defeat_gnome_warrior|enter_gnomish_mines)
0.372236 P(defeat_gnome_archer|enter_gnomish_mines)
0.997660 P(collect_wood)
0.983731 P(place_table)
0.685086 P(eat_cow)
0.904325 P(collect_sapling)
0.783371 P(collect_drink)
0.967502 P(make_wood_pickaxe)
0.906685 P(make_wood_sword)
0.900885 P(place_plant)
0.476956 P(defeat_zombie)
0.955412 P(collect_stone)
0.903805 P(place_stone)
0.040418 P(eat_plant)
0.448238 P(defeat_skeleton)
0.702495 P(make_stone_pickaxe)
0.883256 P(make_stone_sword)
0.320654 P(wake_up)
0.914954 P(place_furnace)
0.780411 P(collect_coal)
0.540443 P(collect_iron)
0.084456 P(collect_diamond)
0.029359 P(make_iron_pickaxe)
0.029259 P(make_iron_sword)
0.759592 P(make_arrow)
0.881606 P(make_torch)
0.853587 P(place_torch)
0.009650 P(make_diamond_sword)
0.000000 P(make_iron_armour)
0.000000 P(make_diamond_armour)
0.001370 P(enter_gnomish_mines)
0.615169 P(enter_dungeon)
0.000000 P(enter_sewers)
0.000000 P(enter_vault)
0.000000 P(enter_troll_mines)
0.000000 P(enter_fire_realm)
0.000000 P(enter_ice_realm)
0.000000 P(enter_graveyard)
0.000900 P(defeat_gnome_warrior)
0.000510 P(defeat_gnome_archer)
0.469337 P(defeat_orc_solider)
0.358082 P(defeat_orc_mage)
0.000000 P(defeat_lizard)
0.000000 P(defeat_kobold)
0.000000 P(defeat_troll)
0.000000 P(defeat_deep_thing)
0.000000 P(defeat_pigman)
0.000000 P(defeat_fire_elemental)
0.000000 P(defeat_frost_troll)
0.000000 P(defeat_ice_elemental)
0.000000 P(damage_necromancer)
0.000000 P(defeat_necromancer)
0.000740 P(eat_bat)
0.527394 P(eat_snail)
0.590300 P(find_bow)
0.379451 P(fire_bow)
0.070296 P(collect_sapphire)
0.000000 P(learn_fireball)
0.000000 P(cast_fireball)
0.000000 P(learn_iceball)
0.000000 P(cast_iceball)
0.071336 P(collect_ruby)
0.009490 P(make_diamond_pickaxe)
0.590300 P(open_chest)
0.000000 P(drink_potion)
0.000000 P(enchant_sword)
0.000000 P(enchant_armour)
0.000000 P(defeat_knight)
0.000000 P(defeat_archer)

models/a32_s14.sav
1137.321161 elapsed
100002.000000 reward/count
0.119621 reward/mean
0.038411 reward/std
0.279204 reward/max
435.166097 depth/mean
330.955235 depth/std
0.958306 P(open_chest|enter_dungeon)
0.860489 P(eat_snail|enter_dungeon)
0.760745 P(defeat_orc_soldier|enter_dungeon)
0.583853 P(defeat_orc_mage|enter_dungeon)
0.004753 P(enter_gnomish_mines|enter_dungeon)
0.576492 P(eat_bat|enter_gnomish_mines)
0.597843 P(defeat_gnome_warrior|enter_gnomish_mines)
0.373652 P(defeat_gnome_archer|enter_gnomish_mines)
0.994770 P(collect_wood)
0.981590 P(place_table)
0.685276 P(eat_cow)
0.911242 P(collect_sapling)
0.783624 P(collect_drink)
0.964581 P(make_wood_pickaxe)
0.919952 P(make_wood_sword)
0.908442 P(place_plant)
0.483270 P(defeat_zombie)
0.952541 P(collect_stone)
0.913262 P(place_stone)
0.031909 P(eat_plant)
0.463631 P(defeat_skeleton)
0.721096 P(make_stone_pickaxe)
0.888672 P(make_stone_sword)
0.304414 P(wake_up)
0.903852 P(place_furnace)
0.784974 P(collect_coal)
0.595388 P(collect_iron)
0.082568 P(collect_diamond)
0.138157 P(make_iron_pickaxe)
0.255075 P(make_iron_sword)
0.765805 P(make_arrow)
0.863523 P(make_torch)
0.843493 P(place_torch)
0.009590 P(make_diamond_sword)
0.000230 P(make_iron_armour)
0.000000 P(make_diamond_armour)
0.002810 P(enter_gnomish_mines)
0.591198 P(enter_dungeon)
0.000000 P(enter_sewers)
0.000000 P(enter_vault)
0.000000 P(enter_troll_mines)
0.000000 P(enter_fire_realm)
0.000000 P(enter_ice_realm)
0.000000 P(enter_graveyard)
0.001680 P(defeat_gnome_warrior)
0.001050 P(defeat_gnome_archer)
0.449751 P(defeat_orc_solider)
0.345173 P(defeat_orc_mage)
0.000000 P(defeat_lizard)
0.000000 P(defeat_kobold)
0.000000 P(defeat_troll)
0.000000 P(defeat_deep_thing)
0.000000 P(defeat_pigman)
0.000000 P(defeat_fire_elemental)
0.000000 P(defeat_frost_troll)
0.000000 P(defeat_ice_elemental)
0.000000 P(damage_necromancer)
0.000000 P(defeat_necromancer)
0.001620 P(eat_bat)
0.508720 P(eat_snail)
0.566549 P(find_bow)
0.365303 P(fire_bow)
0.069349 P(collect_sapphire)
0.000000 P(learn_fireball)
0.000000 P(cast_fireball)
0.000000 P(learn_iceball)
0.000000 P(cast_iceball)
0.067999 P(collect_ruby)
0.009860 P(make_diamond_pickaxe)
0.566549 P(open_chest)
0.000000 P(drink_potion)
0.000000 P(enchant_sword)
0.000000 P(enchant_armour)
0.000000 P(defeat_knight)
0.000000 P(defeat_archer)

models/a32_s15.sav
1253.734977 elapsed
100001.000000 reward/count
0.118098 reward/mean
0.038548 reward/std
0.257080 reward/max
479.123689 depth/mean
428.576043 depth/std
0.965548 P(open_chest|enter_dungeon)
0.824249 P(eat_snail|enter_dungeon)
0.779534 P(defeat_orc_soldier|enter_dungeon)
0.596190 P(defeat_orc_mage|enter_dungeon)
0.002671 P(enter_gnomish_mines|enter_dungeon)
0.654047 P(eat_bat|enter_gnomish_mines)
0.584869 P(defeat_gnome_warrior|enter_gnomish_mines)
0.289290 P(defeat_gnome_archer|enter_gnomish_mines)
0.996110 P(collect_wood)
0.976610 P(place_table)
0.701333 P(eat_cow)
0.907261 P(collect_sapling)
0.781522 P(collect_drink)
0.959320 P(make_wood_pickaxe)
0.900841 P(make_wood_sword)
0.906061 P(place_plant)
0.492385 P(defeat_zombie)
0.947991 P(collect_stone)
0.895481 P(place_stone)
0.056359 P(eat_plant)
0.476285 P(defeat_skeleton)
0.683583 P(make_stone_pickaxe)
0.881871 P(make_stone_sword)
0.472025 P(wake_up)
0.900421 P(place_furnace)
0.764002 P(collect_coal)
0.502355 P(collect_iron)
0.086439 P(collect_diamond)
0.030180 P(make_iron_pickaxe)
0.028790 P(make_iron_sword)
0.734793 P(make_arrow)
0.864031 P(make_torch)
0.834052 P(place_torch)
0.009370 P(make_diamond_sword)
0.000000 P(make_iron_armour)
0.000000 P(make_diamond_armour)
0.001590 P(enter_gnomish_mines)
0.595324 P(enter_dungeon)
0.000000 P(enter_sewers)
0.000000 P(enter_vault)
0.000000 P(enter_troll_mines)
0.000000 P(enter_fire_realm)
0.000000 P(enter_ice_realm)
0.000000 P(enter_graveyard)
0.000930 P(defeat_gnome_warrior)
0.000460 P(defeat_gnome_archer)
0.464075 P(defeat_orc_solider)
0.354926 P(defeat_orc_mage)
0.000000 P(defeat_lizard)
0.000000 P(defeat_kobold)
0.000000 P(defeat_troll)
0.000000 P(defeat_deep_thing)
0.000000 P(defeat_pigman)
0.000000 P(defeat_fire_elemental)
0.000000 P(defeat_frost_troll)
0.000000 P(defeat_ice_elemental)
0.000000 P(damage_necromancer)
0.000000 P(defeat_necromancer)
0.001040 P(eat_bat)
0.490695 P(eat_snail)
0.574814 P(find_bow)
0.350966 P(fire_bow)
0.071149 P(collect_sapphire)
0.000000 P(learn_fireball)
0.000000 P(cast_fireball)
0.000000 P(learn_iceball)
0.000000 P(cast_iceball)
0.071579 P(collect_ruby)
0.010260 P(make_diamond_pickaxe)
0.574814 P(open_chest)
0.000000 P(drink_potion)
0.000000 P(enchant_sword)
0.000000 P(enchant_armour)
0.000000 P(defeat_knight)
0.000000 P(defeat_archer)

models/a32_s16.sav
1221.281921 elapsed
100002.000000 reward/count
0.114756 reward/mean
0.037866 reward/std
0.265929 reward/max
475.284184 depth/mean
424.877186 depth/std
0.960547 P(open_chest|enter_dungeon)
0.843936 P(eat_snail|enter_dungeon)
0.772339 P(defeat_orc_soldier|enter_dungeon)
0.583336 P(defeat_orc_mage|enter_dungeon)
0.002983 P(enter_gnomish_mines|enter_dungeon)
0.532513 P(eat_bat|enter_gnomish_mines)
0.656766 P(defeat_gnome_warrior|enter_gnomish_mines)
0.313591 P(defeat_gnome_archer|enter_gnomish_mines)
0.996750 P(collect_wood)
0.982420 P(place_table)
0.699466 P(eat_cow)
0.910452 P(collect_sapling)
0.758085 P(collect_drink)
0.957691 P(make_wood_pickaxe)
0.893492 P(make_wood_sword)
0.909072 P(place_plant)
0.485840 P(defeat_zombie)
0.943071 P(collect_stone)
0.906072 P(place_stone)
0.049629 P(eat_plant)
0.463531 P(defeat_skeleton)
0.675276 P(make_stone_pickaxe)
0.852843 P(make_stone_sword)
0.413492 P(wake_up)
0.896282 P(place_furnace)
0.770095 P(collect_coal)
0.543779 P(collect_iron)
0.077568 P(collect_diamond)
0.026969 P(make_iron_pickaxe)
0.026889 P(make_iron_sword)
0.697636 P(make_arrow)
0.860833 P(make_torch)
0.838843 P(place_torch)
0.009470 P(make_diamond_sword)
0.000000 P(make_iron_armour)
0.000000 P(make_diamond_armour)
0.001690 P(enter_gnomish_mines)
0.566489 P(enter_dungeon)
0.000000 P(enter_sewers)
0.000000 P(enter_vault)
0.000000 P(enter_troll_mines)
0.000000 P(enter_fire_realm)
0.000000 P(enter_ice_realm)
0.000000 P(enter_graveyard)
0.001110 P(defeat_gnome_warrior)
0.000530 P(defeat_gnome_archer)
0.437521 P(defeat_orc_solider)
0.330453 P(defeat_orc_mage)
0.000000 P(defeat_lizard)
0.000000 P(defeat_kobold)
0.000000 P(defeat_troll)
0.000000 P(defeat_deep_thing)
0.000000 P(defeat_pigman)
0.000000 P(defeat_fire_elemental)
0.000000 P(defeat_frost_troll)
0.000000 P(defeat_ice_elemental)
0.000000 P(damage_necromancer)
0.000000 P(defeat_necromancer)
0.000900 P(eat_bat)
0.478080 P(eat_snail)
0.544139 P(find_bow)
0.310974 P(fire_bow)
0.065399 P(collect_sapphire)
0.000000 P(learn_fireball)
0.000000 P(cast_fireball)
0.000000 P(learn_iceball)
0.000000 P(cast_iceball)
0.064419 P(collect_ruby)
0.008950 P(make_diamond_pickaxe)
0.544139 P(open_chest)
0.000000 P(drink_potion)
0.000000 P(enchant_sword)
0.000000 P(enchant_armour)
0.000000 P(defeat_knight)
0.000000 P(defeat_archer)

models/a32_s17.sav
1130.439133 elapsed
100007.000000 reward/count
0.115072 reward/mean
0.038566 reward/std
0.252655 reward/max
451.833702 depth/mean
393.601383 depth/std
0.958159 P(open_chest|enter_dungeon)
0.841830 P(eat_snail|enter_dungeon)
0.766859 P(defeat_orc_soldier|enter_dungeon)
0.580508 P(defeat_orc_mage|enter_dungeon)
0.003501 P(enter_gnomish_mines|enter_dungeon)
0.433476 P(eat_bat|enter_gnomish_mines)
0.630511 P(defeat_gnome_warrior|enter_gnomish_mines)
0.251219 P(defeat_gnome_archer|enter_gnomish_mines)
0.996110 P(collect_wood)
0.976062 P(place_table)
0.705221 P(eat_cow)
0.869569 P(collect_sapling)
0.779035 P(collect_drink)
0.955113 P(make_wood_pickaxe)
0.881438 P(make_wood_sword)
0.867519 P(place_plant)
0.486406 P(defeat_zombie)
0.937524 P(collect_stone)
0.891568 P(place_stone)
0.041137 P(eat_plant)
0.465647 P(defeat_skeleton)
0.672173 P(make_stone_pickaxe)
0.842431 P(make_stone_sword)
0.370994 P(wake_up)
0.883108 P(place_furnace)
0.770296 P(collect_coal)
0.513144 P(collect_iron)
0.081764 P(collect_diamond)
0.028868 P(make_iron_pickaxe)
0.027998 P(make_iron_sword)
0.722899 P(make_arrow)
0.863570 P(make_torch)
0.837931 P(place_torch)
0.009159 P(make_diamond_sword)
0.000000 P(make_iron_armour)
0.000000 P(make_diamond_armour)
0.002030 P(enter_gnomish_mines)
0.579779 P(enter_dungeon)
0.000000 P(enter_sewers)
0.000000 P(enter_vault)
0.000000 P(enter_troll_mines)
0.000000 P(enter_fire_realm)
0.000000 P(enter_ice_realm)
0.000000 P(enter_graveyard)
0.001280 P(defeat_gnome_warrior)
0.000510 P(defeat_gnome_archer)
0.444609 P(defeat_orc_solider)
0.336566 P(defeat_orc_mage)
0.000000 P(defeat_lizard)
0.000000 P(defeat_kobold)
0.000000 P(defeat_troll)
0.000000 P(defeat_deep_thing)
0.000000 P(defeat_pigman)
0.000000 P(defeat_fire_elemental)
0.000000 P(defeat_frost_troll)
0.000000 P(defeat_ice_elemental)
0.000000 P(damage_necromancer)
0.000000 P(defeat_necromancer)
0.000880 P(eat_bat)
0.488076 P(eat_snail)
0.555521 P(find_bow)
0.327567 P(fire_bow)
0.069245 P(collect_sapphire)
0.000000 P(learn_fireball)
0.000000 P(cast_fireball)
0.000000 P(learn_iceball)
0.000000 P(cast_iceball)
0.067835 P(collect_ruby)
0.009639 P(make_diamond_pickaxe)
0.555521 P(open_chest)
0.000000 P(drink_potion)
0.000000 P(enchant_sword)
0.000000 P(enchant_armour)
0.000000 P(defeat_knight)
0.000000 P(defeat_archer)

models/a32_s18.sav
1177.251074 elapsed
100003.000000 reward/count
0.115394 reward/mean
0.038112 reward/std
0.243805 reward/max
449.137296 depth/mean
388.804961 depth/std
0.961420 P(open_chest|enter_dungeon)
0.853062 P(eat_snail|enter_dungeon)
0.758919 P(defeat_orc_soldier|enter_dungeon)
0.564772 P(defeat_orc_mage|enter_dungeon)
0.001555 P(enter_gnomish_mines|enter_dungeon)
0.395561 P(eat_bat|enter_gnomish_mines)
0.483463 P(defeat_gnome_warrior|enter_gnomish_mines)
0.098890 P(defeat_gnome_archer|enter_gnomish_mines)
0.996370 P(collect_wood)
0.974131 P(place_table)
0.691609 P(eat_cow)
0.903803 P(collect_sapling)
0.771037 P(collect_drink)
0.955351 P(make_wood_pickaxe)
0.885473 P(make_wood_sword)
0.902383 P(place_plant)
0.476466 P(defeat_zombie)
0.940262 P(collect_stone)
0.899563 P(place_stone)
0.044359 P(eat_plant)
0.456456 P(defeat_skeleton)
0.645251 P(make_stone_pickaxe)
0.837555 P(make_stone_sword)
0.353489 P(wake_up)
0.895693 P(place_furnace)
0.759737 P(collect_coal)
0.497585 P(collect_iron)
0.080998 P(collect_diamond)
0.028429 P(make_iron_pickaxe)
0.028989 P(make_iron_sword)
0.712979 P(make_arrow)
0.858094 P(make_torch)
0.838075 P(place_torch)
0.009570 P(make_diamond_sword)
0.000000 P(make_iron_armour)
0.000000 P(make_diamond_armour)
0.000910 P(enter_gnomish_mines)
0.585262 P(enter_dungeon)
0.000000 P(enter_sewers)
0.000000 P(enter_vault)
0.000000 P(enter_troll_mines)
0.000000 P(enter_fire_realm)
0.000000 P(enter_ice_realm)
0.000000 P(enter_graveyard)
0.000440 P(defeat_gnome_warrior)
0.000090 P(defeat_gnome_archer)
0.444167 P(defeat_orc_solider)
0.330540 P(defeat_orc_mage)
0.000000 P(defeat_lizard)
0.000000 P(defeat_kobold)
0.000000 P(defeat_troll)
0.000000 P(defeat_deep_thing)
0.000000 P(defeat_pigman)
0.000000 P(defeat_fire_elemental)
0.000000 P(defeat_frost_troll)
0.000000 P(defeat_ice_elemental)
0.000000 P(damage_necromancer)
0.000000 P(defeat_necromancer)
0.000360 P(eat_bat)
0.499265 P(eat_snail)
0.562683 P(find_bow)
0.332070 P(fire_bow)
0.069038 P(collect_sapphire)
0.000000 P(learn_fireball)
0.000000 P(cast_fireball)
0.000000 P(learn_iceball)
0.000000 P(cast_iceball)
0.068498 P(collect_ruby)
0.009310 P(make_diamond_pickaxe)
0.562683 P(open_chest)
0.000000 P(drink_potion)
0.000000 P(enchant_sword)
0.000000 P(enchant_armour)
0.000000 P(defeat_knight)
0.000000 P(defeat_archer)

models/a32_s19.sav
1200.847193 elapsed
100006.000000 reward/count
0.117594 reward/mean
0.038314 reward/std
0.270354 reward/max
459.713677 depth/mean
413.691522 depth/std
0.960724 P(open_chest|enter_dungeon)
0.840463 P(eat_snail|enter_dungeon)
0.772847 P(defeat_orc_soldier|enter_dungeon)
0.583636 P(defeat_orc_mage|enter_dungeon)
0.002134 P(enter_gnomish_mines|enter_dungeon)
0.648387 P(eat_bat|enter_gnomish_mines)
0.742130 P(defeat_gnome_warrior|enter_gnomish_mines)
0.351535 P(defeat_gnome_archer|enter_gnomish_mines)
0.994970 P(collect_wood)
0.977001 P(place_table)
0.694198 P(eat_cow)
0.909985 P(collect_sapling)
0.787313 P(collect_drink)
0.958352 P(make_wood_pickaxe)
0.893226 P(make_wood_sword)
0.908915 P(place_plant)
0.474282 P(defeat_zombie)
0.942523 P(collect_stone)
0.886777 P(place_stone)
0.048637 P(eat_plant)
0.457293 P(defeat_skeleton)
0.659060 P(make_stone_pickaxe)
0.865498 P(make_stone_sword)
0.374438 P(wake_up)
0.881897 P(place_furnace)
0.765564 P(collect_coal)
0.503510 P(collect_iron)
0.084545 P(collect_diamond)
0.028298 P(make_iron_pickaxe)
0.029028 P(make_iron_sword)
0.721127 P(make_arrow)
0.872208 P(make_torch)
0.849039 P(place_torch)
0.009609 P(make_diamond_sword)
0.000010 P(make_iron_armour)
0.000000 P(make_diamond_armour)
0.001280 P(enter_gnomish_mines)
0.599824 P(enter_dungeon)
0.000000 P(enter_sewers)
0.000000 P(enter_vault)
0.000000 P(enter_troll_mines)
0.000000 P(enter_fire_realm)
0.000000 P(enter_ice_realm)
0.000000 P(enter_graveyard)
0.000950 P(defeat_gnome_warrior)
0.000450 P(defeat_gnome_archer)
0.463572 P(defeat_orc_solider)
0.350079 P(defeat_orc_mage)
0.000000 P(defeat_lizard)
0.000000 P(defeat_kobold)
0.000000 P(defeat_troll)
0.000000 P(defeat_deep_thing)
0.000000 P(defeat_pigman)
0.000000 P(defeat_fire_elemental)
0.000000 P(defeat_frost_troll)
0.000000 P(defeat_ice_elemental)
0.000000 P(damage_necromancer)
0.000000 P(defeat_necromancer)
0.000830 P(eat_bat)
0.504130 P(eat_snail)
0.576265 P(find_bow)
0.352719 P(fire_bow)
0.069876 P(collect_sapphire)
0.000000 P(learn_fireball)
0.000000 P(cast_fireball)
0.000000 P(learn_iceball)
0.000000 P(cast_iceball)
0.071186 P(collect_ruby)
0.009809 P(make_diamond_pickaxe)
0.576265 P(open_chest)
0.000000 P(drink_potion)
0.000000 P(enchant_sword)
0.000000 P(enchant_armour)
0.000000 P(defeat_knight)
0.000000 P(defeat_archer)

models/a32_s20.sav
1193.187251 elapsed
100008.000000 reward/count
0.121184 reward/mean
0.038558 reward/std
0.265929 reward/max
459.412077 depth/mean
376.612050 depth/std
0.955444 P(open_chest|enter_dungeon)
0.846088 P(eat_snail|enter_dungeon)
0.758427 P(defeat_orc_soldier|enter_dungeon)
0.558493 P(defeat_orc_mage|enter_dungeon)
0.002838 P(enter_gnomish_mines|enter_dungeon)
0.661074 P(eat_bat|enter_gnomish_mines)
0.666630 P(defeat_gnome_warrior|enter_gnomish_mines)
0.383312 P(defeat_gnome_archer|enter_gnomish_mines)
0.997000 P(collect_wood)
0.981741 P(place_table)
0.701414 P(eat_cow)
0.922466 P(collect_sapling)
0.807365 P(collect_drink)
0.960303 P(make_wood_pickaxe)
0.901348 P(make_wood_sword)
0.921566 P(place_plant)
0.491901 P(defeat_zombie)
0.950394 P(collect_stone)
0.910007 P(place_stone)
0.043177 P(eat_plant)
0.458043 P(defeat_skeleton)
0.692605 P(make_stone_pickaxe)
0.878950 P(make_stone_sword)
0.425056 P(wake_up)
0.909787 P(place_furnace)
0.775468 P(collect_coal)
0.542067 P(collect_iron)
0.084583 P(collect_diamond)
0.028968 P(make_iron_pickaxe)
0.029508 P(make_iron_sword)
0.724202 P(make_arrow)
0.871930 P(make_torch)
0.856631 P(place_torch)
0.010009 P(make_diamond_sword)
0.000000 P(make_iron_armour)
0.000000 P(make_diamond_armour)
0.001800 P(enter_gnomish_mines)
0.634209 P(enter_dungeon)
0.000000 P(enter_sewers)
0.000000 P(enter_vault)
0.000000 P(enter_troll_mines)
0.000000 P(enter_fire_realm)
0.000000 P(enter_ice_realm)
0.000000 P(enter_graveyard)
0.001200 P(defeat_gnome_warrior)
0.000690 P(defeat_gnome_archer)
0.481002 P(defeat_orc_solider)
0.354202 P(defeat_orc_mage)
0.000000 P(defeat_lizard)
0.000000 P(defeat_kobold)
0.000000 P(defeat_troll)
0.000000 P(defeat_deep_thing)
0.000000 P(defeat_pigman)
0.000000 P(defeat_fire_elemental)
0.000000 P(defeat_frost_troll)
0.000000 P(defeat_ice_elemental)
0.000000 P(damage_necromancer)
0.000000 P(defeat_necromancer)
0.001190 P(eat_bat)
0.536597 P(eat_snail)
0.605952 P(find_bow)
0.381010 P(fire_bow)
0.071164 P(collect_sapphire)
0.000000 P(learn_fireball)
0.000000 P(cast_fireball)
0.000000 P(learn_iceball)
0.000000 P(cast_iceball)
0.071784 P(collect_ruby)
0.009329 P(make_diamond_pickaxe)
0.605952 P(open_chest)
0.000000 P(drink_potion)
0.000000 P(enchant_sword)
0.000000 P(enchant_armour)
0.000000 P(defeat_knight)
0.000000 P(defeat_archer)

