models/b_s1.sav
1112.986250 elapsed
100004.000000 reward/count
0.118358 reward/mean
0.037109 reward/std
0.230531 reward/max
400.558118 depth/mean
305.664125 depth/std
0.964881 P(open_chest|enter_dungeon)
0.803443 P(eat_snail|enter_dungeon)
0.737470 P(defeat_orc_soldier|enter_dungeon)
0.546827 P(defeat_orc_mage|enter_dungeon)
0.000144 P(enter_gnomish_mines|enter_dungeon)
0.110988 P(eat_bat|enter_gnomish_mines)
0.000000 P(defeat_gnome_warrior|enter_gnomish_mines)
0.000000 P(defeat_gnome_archer|enter_gnomish_mines)
0.995240 P(collect_wood)
0.975501 P(place_table)
0.648464 P(eat_cow)
0.873245 P(collect_sapling)
0.787499 P(collect_drink)
0.955322 P(make_wood_pickaxe)
0.875585 P(make_wood_sword)
0.859156 P(place_plant)
0.451712 P(defeat_zombie)
0.942232 P(collect_stone)
0.899504 P(place_stone)
0.029239 P(eat_plant)
0.425483 P(defeat_skeleton)
0.636525 P(make_stone_pickaxe)
0.854446 P(make_stone_sword)
0.497340 P(wake_up)
0.880855 P(place_furnace)
0.754640 P(collect_coal)
0.524909 P(collect_iron)
0.093326 P(collect_diamond)
0.106926 P(make_iron_pickaxe)
0.232171 P(make_iron_sword)
0.674083 P(make_arrow)
0.857706 P(make_torch)
0.823317 P(place_torch)
0.010690 P(make_diamond_sword)
0.000300 P(make_iron_armour)
0.000000 P(make_diamond_armour)
0.000090 P(enter_gnomish_mines)
0.623865 P(enter_dungeon)
0.000000 P(enter_sewers)
0.000000 P(enter_vault)
0.000000 P(enter_troll_mines)
0.000000 P(enter_fire_realm)
0.000000 P(enter_ice_realm)
0.000000 P(enter_graveyard)
0.000000 P(defeat_gnome_warrior)
0.000000 P(defeat_gnome_archer)
0.460082 P(defeat_orc_solider)
0.341146 P(defeat_orc_mage)
0.000000 P(defeat_lizard)
0.000000 P(defeat_kobold)
0.000000 P(defeat_troll)
0.000000 P(defeat_deep_thing)
0.000000 P(defeat_pigman)
0.000000 P(defeat_fire_elemental)
0.000000 P(defeat_frost_troll)
0.000000 P(defeat_ice_elemental)
0.000000 P(damage_necromancer)
0.000000 P(defeat_necromancer)
0.000010 P(eat_bat)
0.501240 P(eat_snail)
0.601956 P(find_bow)
0.333487 P(fire_bow)
0.078147 P(collect_sapphire)
0.000000 P(learn_fireball)
0.000000 P(cast_fireball)
0.000000 P(learn_iceball)
0.000000 P(cast_iceball)
0.078677 P(collect_ruby)
0.010430 P(make_diamond_pickaxe)
0.601956 P(open_chest)
0.000000 P(drink_potion)
0.000000 P(enchant_sword)
0.000000 P(enchant_armour)
0.000000 P(defeat_knight)
0.000000 P(defeat_archer)

models/b_s2.sav
1139.776738 elapsed
100006.000000 reward/count
0.117196 reward/mean
0.037210 reward/std
0.221681 reward/max
419.621203 depth/mean
339.341258 depth/std
0.958461 P(open_chest|enter_dungeon)
0.804881 P(eat_snail|enter_dungeon)
0.707055 P(defeat_orc_soldier|enter_dungeon)
0.506278 P(defeat_orc_mage|enter_dungeon)
0.000580 P(enter_gnomish_mines|enter_dungeon)
0.000000 P(eat_bat|enter_gnomish_mines)
0.000000 P(defeat_gnome_warrior|enter_gnomish_mines)
0.000000 P(defeat_gnome_archer|enter_gnomish_mines)
0.994140 P(collect_wood)
0.971092 P(place_table)
0.634302 P(eat_cow)
0.882687 P(collect_sapling)
0.769744 P(collect_drink)
0.948833 P(make_wood_pickaxe)
0.892816 P(make_wood_sword)
0.868558 P(place_plant)
0.445393 P(defeat_zombie)
0.933994 P(collect_stone)
0.887767 P(place_stone)
0.034298 P(eat_plant)
0.432644 P(defeat_skeleton)
0.686779 P(make_stone_pickaxe)
0.855879 P(make_stone_sword)
0.358878 P(wake_up)
0.871268 P(place_furnace)
0.737756 P(collect_coal)
0.547957 P(collect_iron)
0.088175 P(collect_diamond)
0.115733 P(make_iron_pickaxe)
0.218127 P(make_iron_sword)
0.710047 P(make_arrow)
0.844959 P(make_torch)
0.820081 P(place_torch)
0.010219 P(make_diamond_sword)
0.000740 P(make_iron_armour)
0.000000 P(make_diamond_armour)
0.000360 P(enter_gnomish_mines)
0.620353 P(enter_dungeon)
0.000000 P(enter_sewers)
0.000000 P(enter_vault)
0.000000 P(enter_troll_mines)
0.000000 P(enter_fire_realm)
0.000000 P(enter_ice_realm)
0.000000 P(enter_graveyard)
0.000000 P(defeat_gnome_warrior)
0.000000 P(defeat_gnome_archer)
0.438624 P(defeat_orc_solider)
0.314071 P(defeat_orc_mage)
0.000000 P(defeat_lizard)
0.000000 P(defeat_kobold)
0.000000 P(defeat_troll)
0.000000 P(defeat_deep_thing)
0.000000 P(defeat_pigman)
0.000000 P(defeat_fire_elemental)
0.000000 P(defeat_frost_troll)
0.000000 P(defeat_ice_elemental)
0.000000 P(damage_necromancer)
0.000000 P(defeat_necromancer)
0.000000 P(eat_bat)
0.499310 P(eat_snail)
0.594584 P(find_bow)
0.348229 P(fire_bow)
0.072986 P(collect_sapphire)
0.000000 P(learn_fireball)
0.000000 P(cast_fireball)
0.000000 P(learn_iceball)
0.000000 P(cast_iceball)
0.073076 P(collect_ruby)
0.010199 P(make_diamond_pickaxe)
0.594584 P(open_chest)
0.000000 P(drink_potion)
0.000000 P(enchant_sword)
0.000000 P(enchant_armour)
0.000000 P(defeat_knight)
0.000000 P(defeat_archer)

models/b_s3.sav
1071.077456 elapsed
100006.000000 reward/count
0.117710 reward/mean
0.037362 reward/std
0.230531 reward/max
387.975331 depth/mean
274.085338 depth/std
0.961860 P(open_chest|enter_dungeon)
0.809623 P(eat_snail|enter_dungeon)
0.743157 P(defeat_orc_soldier|enter_dungeon)
0.567283 P(defeat_orc_mage|enter_dungeon)
0.001019 P(enter_gnomish_mines|enter_dungeon)
0.031741 P(eat_bat|enter_gnomish_mines)
0.047611 P(defeat_gnome_warrior|enter_gnomish_mines)
0.015870 P(defeat_gnome_archer|enter_gnomish_mines)
0.997280 P(collect_wood)
0.982311 P(place_table)
0.648611 P(eat_cow)
0.829570 P(collect_sapling)
0.811811 P(collect_drink)
0.966542 P(make_wood_pickaxe)
0.905766 P(make_wood_sword)
0.815541 P(place_plant)
0.441733 P(defeat_zombie)
0.955733 P(collect_stone)
0.911435 P(place_stone)
0.020989 P(eat_plant)
0.418885 P(defeat_skeleton)
0.704508 P(make_stone_pickaxe)
0.887227 P(make_stone_sword)
0.248165 P(wake_up)
0.886997 P(place_furnace)
0.751905 P(collect_coal)
0.541767 P(collect_iron)
0.089695 P(collect_diamond)
0.114383 P(make_iron_pickaxe)
0.205728 P(make_iron_sword)
0.685169 P(make_arrow)
0.855349 P(make_torch)
0.835680 P(place_torch)
0.010489 P(make_diamond_sword)
0.000550 P(make_iron_armour)
0.000000 P(make_diamond_armour)
0.000630 P(enter_gnomish_mines)
0.618473 P(enter_dungeon)
0.000000 P(enter_sewers)
0.000000 P(enter_vault)
0.000000 P(enter_troll_mines)
0.000000 P(enter_fire_realm)
0.000000 P(enter_ice_realm)
0.000000 P(enter_graveyard)
0.000030 P(defeat_gnome_warrior)
0.000010 P(defeat_gnome_archer)
0.459622 P(defeat_orc_solider)
0.350849 P(defeat_orc_mage)
0.000000 P(defeat_lizard)
0.000000 P(defeat_kobold)
0.000000 P(defeat_troll)
0.000000 P(defeat_deep_thing)
0.000000 P(defeat_pigman)
0.000000 P(defeat_fire_elemental)
0.000000 P(defeat_frost_troll)
0.000000 P(defeat_ice_elemental)
0.000000 P(damage_necromancer)
0.000000 P(defeat_necromancer)
0.000020 P(eat_bat)
0.500730 P(eat_snail)
0.594884 P(find_bow)
0.337970 P(fire_bow)
0.078335 P(collect_sapphire)
0.000000 P(learn_fireball)
0.000000 P(cast_fireball)
0.000000 P(learn_iceball)
0.000000 P(cast_iceball)
0.078375 P(collect_ruby)
0.010869 P(make_diamond_pickaxe)
0.594884 P(open_chest)
0.000000 P(drink_potion)
0.000000 P(enchant_sword)
0.000000 P(enchant_armour)
0.000000 P(defeat_knight)
0.000000 P(defeat_archer)

models/b_s4.sav
1081.374260 elapsed
100007.000000 reward/count
0.113943 reward/mean
0.036719 reward/std
0.226106 reward/max
395.785495 depth/mean
288.782838 depth/std
0.959819 P(open_chest|enter_dungeon)
0.795005 P(eat_snail|enter_dungeon)
0.688573 P(defeat_orc_soldier|enter_dungeon)
0.478806 P(defeat_orc_mage|enter_dungeon)
0.000171 P(enter_gnomish_mines|enter_dungeon)
0.000000 P(eat_bat|enter_gnomish_mines)
0.000000 P(defeat_gnome_warrior|enter_gnomish_mines)
0.000000 P(defeat_gnome_archer|enter_gnomish_mines)
0.995340 P(collect_wood)
0.979741 P(place_table)
0.654034 P(eat_cow)
0.867719 P(collect_sapling)
0.721479 P(collect_drink)
0.962193 P(make_wood_pickaxe)
0.896747 P(make_wood_sword)
0.855270 P(place_plant)
0.460408 P(defeat_zombie)
0.951803 P(collect_stone)
0.915556 P(place_stone)
0.023348 P(eat_plant)
0.432280 P(defeat_skeleton)
0.698291 P(make_stone_pickaxe)
0.877769 P(make_stone_sword)
0.363665 P(wake_up)
0.915716 P(place_furnace)
0.738628 P(collect_coal)
0.548172 P(collect_iron)
0.083014 P(collect_diamond)
0.086234 P(make_iron_pickaxe)
0.227654 P(make_iron_sword)
0.701411 P(make_arrow)
0.834182 P(make_torch)
0.804424 P(place_torch)
0.009419 P(make_diamond_sword)
0.000280 P(make_iron_armour)
0.000000 P(make_diamond_armour)
0.000100 P(enter_gnomish_mines)
0.584559 P(enter_dungeon)
0.000000 P(enter_sewers)
0.000000 P(enter_vault)
0.000000 P(enter_troll_mines)
0.000000 P(enter_fire_realm)
0.000000 P(enter_ice_realm)
0.000000 P(enter_graveyard)
0.000000 P(defeat_gnome_warrior)
0.000000 P(defeat_gnome_archer)
0.402512 P(defeat_orc_solider)
0.279890 P(defeat_orc_mage)
0.000000 P(defeat_lizard)
0.000000 P(defeat_kobold)
0.000000 P(defeat_troll)
0.000000 P(defeat_deep_thing)
0.000000 P(defeat_pigman)
0.000000 P(defeat_fire_elemental)
0.000000 P(defeat_frost_troll)
0.000000 P(defeat_ice_elemental)
0.000000 P(damage_necromancer)
0.000000 P(defeat_necromancer)
0.000000 P(eat_bat)
0.464727 P(eat_snail)
0.561071 P(find_bow)
0.318538 P(fire_bow)
0.067955 P(collect_sapphire)
0.000000 P(learn_fireball)
0.000000 P(cast_fireball)
0.000000 P(learn_iceball)
0.000000 P(cast_iceball)
0.067985 P(collect_ruby)
0.009829 P(make_diamond_pickaxe)
0.561071 P(open_chest)
0.000000 P(drink_potion)
0.000000 P(enchant_sword)
0.000000 P(enchant_armour)
0.000000 P(defeat_knight)
0.000000 P(defeat_archer)

models/b_s5.sav
1140.445153 elapsed
100000.000000 reward/count
0.115689 reward/mean
0.037558 reward/std
0.226106 reward/max
412.686070 depth/mean
324.081181 depth/std
0.960616 P(open_chest|enter_dungeon)
0.814815 P(eat_snail|enter_dungeon)
0.756283 P(defeat_orc_soldier|enter_dungeon)
0.543148 P(defeat_orc_mage|enter_dungeon)
0.000939 P(enter_gnomish_mines|enter_dungeon)
0.142832 P(eat_bat|enter_gnomish_mines)
0.035708 P(defeat_gnome_warrior|enter_gnomish_mines)
0.035708 P(defeat_gnome_archer|enter_gnomish_mines)
0.994010 P(collect_wood)
0.973720 P(place_table)
0.633800 P(eat_cow)
0.891450 P(collect_sapling)
0.751440 P(collect_drink)
0.953180 P(make_wood_pickaxe)
0.889080 P(make_wood_sword)
0.876450 P(place_plant)
0.451010 P(defeat_zombie)
0.942570 P(collect_stone)
0.915880 P(place_stone)
0.024780 P(eat_plant)
0.415880 P(defeat_skeleton)
0.700180 P(make_stone_pickaxe)
0.874320 P(make_stone_sword)
0.354970 P(wake_up)
0.897910 P(place_furnace)
0.754240 P(collect_coal)
0.543270 P(collect_iron)
0.082310 P(collect_diamond)
0.102820 P(make_iron_pickaxe)
0.226930 P(make_iron_sword)
0.647340 P(make_arrow)
0.843770 P(make_torch)
0.812770 P(place_torch)
0.010100 P(make_diamond_sword)
0.000410 P(make_iron_armour)
0.000000 P(make_diamond_armour)
0.000560 P(enter_gnomish_mines)
0.596430 P(enter_dungeon)
0.000000 P(enter_sewers)
0.000000 P(enter_vault)
0.000000 P(enter_troll_mines)
0.000000 P(enter_fire_realm)
0.000000 P(enter_ice_realm)
0.000000 P(enter_graveyard)
0.000020 P(defeat_gnome_warrior)
0.000020 P(defeat_gnome_archer)
0.451070 P(defeat_orc_solider)
0.323950 P(defeat_orc_mage)
0.000000 P(defeat_lizard)
0.000000 P(defeat_kobold)
0.000000 P(defeat_troll)
0.000000 P(defeat_deep_thing)
0.000000 P(defeat_pigman)
0.000000 P(defeat_fire_elemental)
0.000000 P(defeat_frost_troll)
0.000000 P(defeat_ice_elemental)
0.000000 P(damage_necromancer)
0.000000 P(defeat_necromancer)
0.000080 P(eat_bat)
0.485980 P(eat_snail)
0.572940 P(find_bow)
0.305120 P(fire_bow)
0.069370 P(collect_sapphire)
0.000000 P(learn_fireball)
0.000000 P(cast_fireball)
0.000000 P(learn_iceball)
0.000000 P(cast_iceball)
0.068370 P(collect_ruby)
0.009670 P(make_diamond_pickaxe)
0.572940 P(open_chest)
0.000000 P(drink_potion)
0.000000 P(enchant_sword)
0.000000 P(enchant_armour)
0.000000 P(defeat_knight)
0.000000 P(defeat_archer)

models/b_s6.sav
996.718846 elapsed
100005.000000 reward/count
0.116154 reward/mean
0.037618 reward/std
0.221681 reward/max
401.257527 depth/mean
291.368755 depth/std
0.954384 P(open_chest|enter_dungeon)
0.800271 P(eat_snail|enter_dungeon)
0.715548 P(defeat_orc_soldier|enter_dungeon)
0.523221 P(defeat_orc_mage|enter_dungeon)
0.000231 P(enter_gnomish_mines|enter_dungeon)
0.071378 P(eat_bat|enter_gnomish_mines)
0.000000 P(defeat_gnome_warrior|enter_gnomish_mines)
0.000000 P(defeat_gnome_archer|enter_gnomish_mines)
0.995690 P(collect_wood)
0.978411 P(place_table)
0.641728 P(eat_cow)
0.901175 P(collect_sapling)
0.779391 P(collect_drink)
0.956502 P(make_wood_pickaxe)
0.893225 P(make_wood_sword)
0.888226 P(place_plant)
0.457157 P(defeat_zombie)
0.942543 P(collect_stone)
0.903215 P(place_stone)
0.033308 P(eat_plant)
0.437218 P(defeat_skeleton)
0.698735 P(make_stone_pickaxe)
0.858887 P(make_stone_sword)
0.375581 P(wake_up)
0.882856 P(place_furnace)
0.742293 P(collect_coal)
0.531693 P(collect_iron)
0.084906 P(collect_diamond)
0.134823 P(make_iron_pickaxe)
0.179771 P(make_iron_sword)
0.692725 P(make_arrow)
0.835578 P(make_torch)
0.811979 P(place_torch)
0.009830 P(make_diamond_sword)
0.000220 P(make_iron_armour)
0.000000 P(make_diamond_armour)
0.000140 P(enter_gnomish_mines)
0.605240 P(enter_dungeon)
0.000000 P(enter_sewers)
0.000000 P(enter_vault)
0.000000 P(enter_troll_mines)
0.000000 P(enter_fire_realm)
0.000000 P(enter_ice_realm)
0.000000 P(enter_graveyard)
0.000000 P(defeat_gnome_warrior)
0.000000 P(defeat_gnome_archer)
0.433078 P(defeat_orc_solider)
0.316674 P(defeat_orc_mage)
0.000000 P(defeat_lizard)
0.000000 P(defeat_kobold)
0.000000 P(defeat_troll)
0.000000 P(defeat_deep_thing)
0.000000 P(defeat_pigman)
0.000000 P(defeat_fire_elemental)
0.000000 P(defeat_frost_troll)
0.000000 P(defeat_ice_elemental)
0.000000 P(damage_necromancer)
0.000000 P(defeat_necromancer)
0.000010 P(eat_bat)
0.484356 P(eat_snail)
0.577631 P(find_bow)
0.321744 P(fire_bow)
0.071216 P(collect_sapphire)
0.000000 P(learn_fireball)
0.000000 P(cast_fireball)
0.000000 P(learn_iceball)
0.000000 P(cast_iceball)
0.071066 P(collect_ruby)
0.009540 P(make_diamond_pickaxe)
0.577631 P(open_chest)
0.000000 P(drink_potion)
0.000000 P(enchant_sword)
0.000000 P(enchant_armour)
0.000000 P(defeat_knight)
0.000000 P(defeat_archer)

models/b_s7.sav
940.465654 elapsed
100005.000000 reward/count
0.114898 reward/mean
0.037098 reward/std
0.221681 reward/max
390.568992 depth/mean
258.806755 depth/std
0.961465 P(open_chest|enter_dungeon)
0.821863 P(eat_snail|enter_dungeon)
0.725827 P(defeat_orc_soldier|enter_dungeon)
0.491585 P(defeat_orc_mage|enter_dungeon)
0.000655 P(enter_gnomish_mines|enter_dungeon)
0.105235 P(eat_bat|enter_gnomish_mines)
0.078927 P(defeat_gnome_warrior|enter_gnomish_mines)
0.000000 P(defeat_gnome_archer|enter_gnomish_mines)
0.996180 P(collect_wood)
0.978151 P(place_table)
0.640418 P(eat_cow)
0.888296 P(collect_sapling)
0.767992 P(collect_drink)
0.960092 P(make_wood_pickaxe)
0.903885 P(make_wood_sword)
0.876666 P(place_plant)
0.450677 P(defeat_zombie)
0.951462 P(collect_stone)
0.912964 P(place_stone)
0.022529 P(eat_plant)
0.434608 P(defeat_skeleton)
0.712844 P(make_stone_pickaxe)
0.886416 P(make_stone_sword)
0.305355 P(wake_up)
0.911734 P(place_furnace)
0.749773 P(collect_coal)
0.556292 P(collect_iron)
0.080316 P(collect_diamond)
0.141223 P(make_iron_pickaxe)
0.182251 P(make_iron_sword)
0.714364 P(make_arrow)
0.849928 P(make_torch)
0.828529 P(place_torch)
0.009640 P(make_diamond_sword)
0.000140 P(make_iron_armour)
0.000000 P(make_diamond_armour)
0.000380 P(enter_gnomish_mines)
0.580481 P(enter_dungeon)
0.000000 P(enter_sewers)
0.000000 P(enter_vault)
0.000000 P(enter_troll_mines)
0.000000 P(enter_fire_realm)
0.000000 P(enter_ice_realm)
0.000000 P(enter_graveyard)
0.000030 P(defeat_gnome_warrior)
0.000000 P(defeat_gnome_archer)
0.421329 P(defeat_orc_solider)
0.285356 P(defeat_orc_mage)
0.000000 P(defeat_lizard)
0.000000 P(defeat_kobold)
0.000000 P(defeat_troll)
0.000000 P(defeat_deep_thing)
0.000000 P(defeat_pigman)
0.000000 P(defeat_fire_elemental)
0.000000 P(defeat_frost_troll)
0.000000 P(defeat_ice_elemental)
0.000000 P(damage_necromancer)
0.000000 P(defeat_necromancer)
0.000040 P(eat_bat)
0.477076 P(eat_snail)
0.558112 P(find_bow)
0.322994 P(fire_bow)
0.067997 P(collect_sapphire)
0.000000 P(learn_fireball)
0.000000 P(cast_fireball)
0.000000 P(learn_iceball)
0.000000 P(cast_iceball)
0.066437 P(collect_ruby)
0.010009 P(make_diamond_pickaxe)
0.558112 P(open_chest)
0.000000 P(drink_potion)
0.000000 P(enchant_sword)
0.000000 P(enchant_armour)
0.000000 P(defeat_knight)
0.000000 P(defeat_archer)

models/b_s8.sav
934.859919 elapsed
100003.000000 reward/count
0.113552 reward/mean
0.036373 reward/std
0.226106 reward/max
388.667940 depth/mean
280.004846 depth/std
0.959598 P(open_chest|enter_dungeon)
0.765052 P(eat_snail|enter_dungeon)
0.691234 P(defeat_orc_soldier|enter_dungeon)
0.478690 P(defeat_orc_mage|enter_dungeon)
0.000378 P(enter_gnomish_mines|enter_dungeon)
0.043459 P(eat_bat|enter_gnomish_mines)
0.000000 P(defeat_gnome_warrior|enter_gnomish_mines)
0.000000 P(defeat_gnome_archer|enter_gnomish_mines)
0.994160 P(collect_wood)
0.970571 P(place_table)
0.617581 P(eat_cow)
0.832505 P(collect_sapling)
0.752347 P(collect_drink)
0.953031 P(make_wood_pickaxe)
0.871224 P(make_wood_sword)
0.824465 P(place_plant)
0.438087 P(defeat_zombie)
0.941332 P(collect_stone)
0.903663 P(place_stone)
0.021419 P(eat_plant)
0.421887 P(defeat_skeleton)
0.633401 P(make_stone_pickaxe)
0.847675 P(make_stone_sword)
0.361749 P(wake_up)
0.900393 P(place_furnace)
0.738048 P(collect_coal)
0.513465 P(collect_iron)
0.085537 P(collect_diamond)
0.104067 P(make_iron_pickaxe)
0.164905 P(make_iron_sword)
0.656120 P(make_arrow)
0.846425 P(make_torch)
0.827245 P(place_torch)
0.009980 P(make_diamond_sword)
0.000230 P(make_iron_armour)
0.000010 P(make_diamond_armour)
0.000230 P(enter_gnomish_mines)
0.608372 P(enter_dungeon)
0.000000 P(enter_sewers)
0.000000 P(enter_vault)
0.000000 P(enter_troll_mines)
0.000000 P(enter_fire_realm)
0.000000 P(enter_ice_realm)
0.000000 P(enter_graveyard)
0.000000 P(defeat_gnome_warrior)
0.000000 P(defeat_gnome_archer)
0.420527 P(defeat_orc_solider)
0.291221 P(defeat_orc_mage)
0.000000 P(defeat_lizard)
0.000000 P(defeat_kobold)
0.000000 P(defeat_troll)
0.000000 P(defeat_deep_thing)
0.000000 P(defeat_pigman)
0.000000 P(defeat_fire_elemental)
0.000000 P(defeat_frost_troll)
0.000000 P(defeat_ice_elemental)
0.000000 P(damage_necromancer)
0.000000 P(defeat_necromancer)
0.000010 P(eat_bat)
0.465436 P(eat_snail)
0.583792 P(find_bow)
0.307441 P(fire_bow)
0.072758 P(collect_sapphire)
0.000000 P(learn_fireball)
0.000000 P(cast_fireball)
0.000000 P(learn_iceball)
0.000000 P(cast_iceball)
0.071678 P(collect_ruby)
0.009990 P(make_diamond_pickaxe)
0.583792 P(open_chest)
0.000000 P(drink_potion)
0.000000 P(enchant_sword)
0.000000 P(enchant_armour)
0.000000 P(defeat_knight)
0.000000 P(defeat_archer)

models/b_s9.sav
972.319467 elapsed
100003.000000 reward/count
0.116216 reward/mean
0.037519 reward/std
0.221681 reward/max
398.891833 depth/mean
302.300685 depth/std
0.963374 P(open_chest|enter_dungeon)
0.788753 P(eat_snail|enter_dungeon)
0.729187 P(defeat_orc_soldier|enter_dungeon)
0.545507 P(defeat_orc_mage|enter_dungeon)
0.000615 P(enter_gnomish_mines|enter_dungeon)
0.078927 P(eat_bat|enter_gnomish_mines)
0.026309 P(defeat_gnome_warrior|enter_gnomish_mines)
0.000000 P(defeat_gnome_archer|enter_gnomish_mines)
0.997270 P(collect_wood)
0.978831 P(place_table)
0.640491 P(eat_cow)
0.823275 P(collect_sapling)
0.773497 P(collect_drink)
0.959791 P(make_wood_pickaxe)
0.882034 P(make_wood_sword)
0.806356 P(place_plant)
0.452596 P(defeat_zombie)
0.948582 P(collect_stone)
0.903953 P(place_stone)
0.027459 P(eat_plant)
0.419927 P(defeat_skeleton)
0.651610 P(make_stone_pickaxe)
0.845015 P(make_stone_sword)
0.314251 P(wake_up)
0.897673 P(place_furnace)
0.746198 P(collect_coal)
0.518244 P(collect_iron)
0.093987 P(collect_diamond)
0.112767 P(make_iron_pickaxe)
0.198294 P(make_iron_sword)
0.648371 P(make_arrow)
0.848235 P(make_torch)
0.824465 P(place_torch)
0.010800 P(make_diamond_sword)
0.000570 P(make_iron_armour)
0.000010 P(make_diamond_armour)
0.000380 P(enter_gnomish_mines)
0.618121 P(enter_dungeon)
0.000000 P(enter_sewers)
0.000000 P(enter_vault)
0.000000 P(enter_troll_mines)
0.000000 P(enter_fire_realm)
0.000000 P(enter_ice_realm)
0.000000 P(enter_graveyard)
0.000010 P(defeat_gnome_warrior)
0.000000 P(defeat_gnome_archer)
0.450726 P(defeat_orc_solider)
0.337190 P(defeat_orc_mage)
0.000000 P(defeat_lizard)
0.000000 P(defeat_kobold)
0.000000 P(defeat_troll)
0.000000 P(defeat_deep_thing)
0.000000 P(defeat_pigman)
0.000000 P(defeat_fire_elemental)
0.000000 P(defeat_frost_troll)
0.000000 P(defeat_ice_elemental)
0.000000 P(damage_necromancer)
0.000000 P(defeat_necromancer)
0.000030 P(eat_bat)
0.487545 P(eat_snail)
0.595482 P(find_bow)
0.325280 P(fire_bow)
0.078408 P(collect_sapphire)
0.000000 P(learn_fireball)
0.000000 P(cast_fireball)
0.000000 P(learn_iceball)
0.000000 P(cast_iceball)
0.077418 P(collect_ruby)
0.010870 P(make_diamond_pickaxe)
0.595482 P(open_chest)
0.000000 P(drink_potion)
0.000000 P(enchant_sword)
0.000000 P(enchant_armour)
0.000000 P(defeat_knight)
0.000000 P(defeat_archer)

models/b_s10.sav
1023.677989 elapsed
100008.000000 reward/count
0.117348 reward/mean
0.038119 reward/std
0.234956 reward/max
422.893749 depth/mean
329.530056 depth/std
0.966953 P(open_chest|enter_dungeon)
0.827925 P(eat_snail|enter_dungeon)
0.734908 P(defeat_orc_soldier|enter_dungeon)
0.544708 P(defeat_orc_mage|enter_dungeon)
0.000681 P(enter_gnomish_mines|enter_dungeon)
0.024384 P(eat_bat|enter_gnomish_mines)
0.024384 P(defeat_gnome_warrior|enter_gnomish_mines)
0.000000 P(defeat_gnome_archer|enter_gnomish_mines)
0.994340 P(collect_wood)
0.981531 P(place_table)
0.647708 P(eat_cow)
0.849772 P(collect_sapling)
0.773148 P(collect_drink)
0.960523 P(make_wood_pickaxe)
0.902628 P(make_wood_sword)
0.835573 P(place_plant)
0.452174 P(defeat_zombie)
0.949464 P(collect_stone)
0.907837 P(place_stone)
0.028718 P(eat_plant)
0.431615 P(defeat_skeleton)
0.686065 P(make_stone_pickaxe)
0.878410 P(make_stone_sword)
0.466963 P(wake_up)
0.903068 P(place_furnace)
0.754540 P(collect_coal)
0.526688 P(collect_iron)
0.088313 P(collect_diamond)
0.103432 P(make_iron_pickaxe)
0.199794 P(make_iron_sword)
0.688575 P(make_arrow)
0.855202 P(make_torch)
0.834883 P(place_torch)
0.010429 P(make_diamond_sword)
0.000320 P(make_iron_armour)
0.000000 P(make_diamond_armour)
0.000410 P(enter_gnomish_mines)
0.602422 P(enter_dungeon)
0.000000 P(enter_sewers)
0.000000 P(enter_vault)
0.000000 P(enter_troll_mines)
0.000000 P(enter_fire_realm)
0.000000 P(enter_ice_realm)
0.000000 P(enter_graveyard)
0.000010 P(defeat_gnome_warrior)
0.000000 P(defeat_gnome_archer)
0.442725 P(defeat_orc_solider)
0.328144 P(defeat_orc_mage)
0.000000 P(defeat_lizard)
0.000000 P(defeat_kobold)
0.000000 P(defeat_troll)
0.000000 P(defeat_deep_thing)
0.000000 P(defeat_pigman)
0.000000 P(defeat_fire_elemental)
0.000000 P(defeat_frost_troll)
0.000000 P(defeat_ice_elemental)
0.000000 P(damage_necromancer)
0.000000 P(defeat_necromancer)
0.000010 P(eat_bat)
0.498760 P(eat_snail)
0.582513 P(find_bow)
0.332763 P(fire_bow)
0.077084 P(collect_sapphire)
0.000000 P(learn_fireball)
0.000000 P(cast_fireball)
0.000000 P(learn_iceball)
0.000000 P(cast_iceball)
0.075324 P(collect_ruby)
0.010999 P(make_diamond_pickaxe)
0.582513 P(open_chest)
0.000000 P(drink_potion)
0.000000 P(enchant_sword)
0.000000 P(enchant_armour)
0.000000 P(defeat_knight)
0.000000 P(defeat_archer)

models/b_s11.sav
1027.009549 elapsed
100007.000000 reward/count
0.116894 reward/mean
0.037194 reward/std
0.230531 reward/max
421.999550 depth/mean
336.582171 depth/std
0.961500 P(open_chest|enter_dungeon)
0.812938 P(eat_snail|enter_dungeon)
0.715456 P(defeat_orc_soldier|enter_dungeon)
0.516330 P(defeat_orc_mage|enter_dungeon)
0.000629 P(enter_gnomish_mines|enter_dungeon)
0.000000 P(eat_bat|enter_gnomish_mines)
0.025634 P(defeat_gnome_warrior|enter_gnomish_mines)
0.000000 P(defeat_gnome_archer|enter_gnomish_mines)
0.996660 P(collect_wood)
0.977822 P(place_table)
0.647425 P(eat_cow)
0.875929 P(collect_sapling)
0.767036 P(collect_drink)
0.958553 P(make_wood_pickaxe)
0.871009 P(make_wood_sword)
0.857830 P(place_plant)
0.448779 P(defeat_zombie)
0.946864 P(collect_stone)
0.911746 P(place_stone)
0.032658 P(eat_plant)
0.428330 P(defeat_skeleton)
0.654654 P(make_stone_pickaxe)
0.848111 P(make_stone_sword)
0.426890 P(wake_up)
0.903157 P(place_furnace)
0.741578 P(collect_coal)
0.529493 P(collect_iron)
0.089004 P(collect_diamond)
0.102063 P(make_iron_pickaxe)
0.170718 P(make_iron_sword)
0.667493 P(make_arrow)
0.845551 P(make_torch)
0.824432 P(place_torch)
0.010449 P(make_diamond_sword)
0.000590 P(make_iron_armour)
0.000000 P(make_diamond_armour)
0.000390 P(enter_gnomish_mines)
0.619967 P(enter_dungeon)
0.000000 P(enter_sewers)
0.000000 P(enter_vault)
0.000000 P(enter_troll_mines)
0.000000 P(enter_fire_realm)
0.000000 P(enter_ice_realm)
0.000000 P(enter_graveyard)
0.000010 P(defeat_gnome_warrior)
0.000000 P(defeat_gnome_archer)
0.443559 P(defeat_orc_solider)
0.320108 P(defeat_orc_mage)
0.000000 P(defeat_lizard)
0.000000 P(defeat_kobold)
0.000000 P(defeat_troll)
0.000000 P(defeat_deep_thing)
0.000000 P(defeat_pigman)
0.000000 P(defeat_fire_elemental)
0.000000 P(defeat_frost_troll)
0.000000 P(defeat_ice_elemental)
0.000000 P(damage_necromancer)
0.000000 P(defeat_necromancer)
0.000000 P(eat_bat)
0.503995 P(eat_snail)
0.596098 P(find_bow)
0.322537 P(fire_bow)
0.073215 P(collect_sapphire)
0.000000 P(learn_fireball)
0.000000 P(cast_fireball)
0.000000 P(learn_iceball)
0.000000 P(cast_iceball)
0.074145 P(collect_ruby)
0.010149 P(make_diamond_pickaxe)
0.596098 P(open_chest)
0.000000 P(drink_potion)
0.000000 P(enchant_sword)
0.000000 P(enchant_armour)
0.000000 P(defeat_knight)
0.000000 P(defeat_archer)

models/b_s12.sav
1037.720146 elapsed
100010.000000 reward/count
0.116387 reward/mean
0.037615 reward/std
0.234956 reward/max
419.101360 depth/mean
339.646320 depth/std
0.962647 P(open_chest|enter_dungeon)
0.820091 P(eat_snail|enter_dungeon)
0.715475 P(defeat_orc_soldier|enter_dungeon)
0.511855 P(defeat_orc_mage|enter_dungeon)
0.000539 P(enter_gnomish_mines|enter_dungeon)
0.000000 P(eat_bat|enter_gnomish_mines)
0.030294 P(defeat_gnome_warrior|enter_gnomish_mines)
0.000000 P(defeat_gnome_archer|enter_gnomish_mines)
0.993981 P(collect_wood)
0.970843 P(place_table)
0.630247 P(eat_cow)
0.836346 P(collect_sapling)
0.754815 P(collect_drink)
0.953535 P(make_wood_pickaxe)
0.885801 P(make_wood_sword)
0.815678 P(place_plant)
0.455124 P(defeat_zombie)
0.940216 P(collect_stone)
0.890341 P(place_stone)
0.029847 P(eat_plant)
0.425787 P(defeat_skeleton)
0.691871 P(make_stone_pickaxe)
0.865883 P(make_stone_sword)
0.364384 P(wake_up)
0.883962 P(place_furnace)
0.736216 P(collect_coal)
0.551575 P(collect_iron)
0.090001 P(collect_diamond)
0.130127 P(make_iron_pickaxe)
0.195610 P(make_iron_sword)
0.677182 P(make_arrow)
0.845315 P(make_torch)
0.832047 P(place_torch)
0.010329 P(make_diamond_sword)
0.000400 P(make_iron_armour)
0.000000 P(make_diamond_armour)
0.000330 P(enter_gnomish_mines)
0.612749 P(enter_dungeon)
0.000000 P(enter_sewers)
0.000000 P(enter_vault)
0.000000 P(enter_troll_mines)
0.000000 P(enter_fire_realm)
0.000000 P(enter_ice_realm)
0.000000 P(enter_graveyard)
0.000010 P(defeat_gnome_warrior)
0.000000 P(defeat_gnome_archer)
0.438406 P(defeat_orc_solider)
0.313639 P(defeat_orc_mage)
0.000000 P(defeat_lizard)
0.000000 P(defeat_kobold)
0.000000 P(defeat_troll)
0.000000 P(defeat_deep_thing)
0.000000 P(defeat_pigman)
0.000000 P(defeat_fire_elemental)
0.000000 P(defeat_frost_troll)
0.000000 P(defeat_ice_elemental)
0.000000 P(damage_necromancer)
0.000000 P(defeat_necromancer)
0.000000 P(eat_bat)
0.502510 P(eat_snail)
0.589861 P(find_bow)
0.333587 P(fire_bow)
0.075292 P(collect_sapphire)
0.000000 P(learn_fireball)
0.000000 P(cast_fireball)
0.000000 P(learn_iceball)
0.000000 P(cast_iceball)
0.076502 P(collect_ruby)
0.010329 P(make_diamond_pickaxe)
0.589861 P(open_chest)
0.000000 P(drink_potion)
0.000000 P(enchant_sword)
0.000000 P(enchant_armour)
0.000000 P(defeat_knight)
0.000000 P(defeat_archer)

models/b_s13.sav
1014.937971 elapsed
100014.000000 reward/count
0.116470 reward/mean
0.036981 reward/std
0.230531 reward/max
409.889276 depth/mean
318.073330 depth/std
0.962102 P(open_chest|enter_dungeon)
0.823803 P(eat_snail|enter_dungeon)
0.734730 P(defeat_orc_soldier|enter_dungeon)
0.540329 P(defeat_orc_mage|enter_dungeon)
0.000360 P(enter_gnomish_mines|enter_dungeon)
0.000000 P(eat_bat|enter_gnomish_mines)
0.090868 P(defeat_gnome_warrior|enter_gnomish_mines)
0.000000 P(defeat_gnome_archer|enter_gnomish_mines)
0.993951 P(collect_wood)
0.972194 P(place_table)
0.632102 P(eat_cow)
0.850131 P(collect_sapling)
0.761503 P(collect_drink)
0.958036 P(make_wood_pickaxe)
0.890605 P(make_wood_sword)
0.837963 P(place_plant)
0.448737 P(defeat_zombie)
0.946937 P(collect_stone)
0.903963 P(place_stone)
0.027166 P(eat_plant)
0.422361 P(defeat_skeleton)
0.690783 P(make_stone_pickaxe)
0.869018 P(make_stone_sword)
0.343712 P(wake_up)
0.892605 P(place_furnace)
0.754654 P(collect_coal)
0.554012 P(collect_iron)
0.086198 P(collect_diamond)
0.105245 P(make_iron_pickaxe)
0.209031 P(make_iron_sword)
0.657198 P(make_arrow)
0.858470 P(make_torch)
0.831784 P(place_torch)
0.010029 P(make_diamond_sword)
0.000330 P(make_iron_armour)
0.000000 P(make_diamond_armour)
0.000220 P(enter_gnomish_mines)
0.610764 P(enter_dungeon)
0.000000 P(enter_sewers)
0.000000 P(enter_vault)
0.000000 P(enter_troll_mines)
0.000000 P(enter_fire_realm)
0.000000 P(enter_ice_realm)
0.000000 P(enter_graveyard)
0.000020 P(defeat_gnome_warrior)
0.000000 P(defeat_gnome_archer)
0.448747 P(defeat_orc_solider)
0.330014 P(defeat_orc_mage)
0.000000 P(defeat_lizard)
0.000000 P(defeat_kobold)
0.000000 P(defeat_troll)
0.000000 P(defeat_deep_thing)
0.000000 P(defeat_pigman)
0.000000 P(defeat_fire_elemental)
0.000000 P(defeat_frost_troll)
0.000000 P(defeat_ice_elemental)
0.000000 P(damage_necromancer)
0.000000 P(defeat_necromancer)
0.000000 P(eat_bat)
0.503150 P(eat_snail)
0.587618 P(find_bow)
0.314936 P(fire_bow)
0.073500 P(collect_sapphire)
0.000000 P(learn_fireball)
0.000000 P(cast_fireball)
0.000000 P(learn_iceball)
0.000000 P(cast_iceball)
0.072700 P(collect_ruby)
0.010189 P(make_diamond_pickaxe)
0.587618 P(open_chest)
0.000000 P(drink_potion)
0.000000 P(enchant_sword)
0.000000 P(enchant_armour)
0.000000 P(defeat_knight)
0.000000 P(defeat_archer)

models/b_s14.sav
1011.448290 elapsed
100006.000000 reward/count
0.115418 reward/mean
0.037209 reward/std
0.230531 reward/max
422.140752 depth/mean
352.274264 depth/std
0.958719 P(open_chest|enter_dungeon)
0.802612 P(eat_snail|enter_dungeon)
0.714809 P(defeat_orc_soldier|enter_dungeon)
0.511747 P(defeat_orc_mage|enter_dungeon)
0.000383 P(enter_gnomish_mines|enter_dungeon)
0.000000 P(eat_bat|enter_gnomish_mines)
0.000000 P(defeat_gnome_warrior|enter_gnomish_mines)
0.043459 P(defeat_gnome_archer|enter_gnomish_mines)
0.995410 P(collect_wood)
0.977131 P(place_table)
0.630802 P(eat_cow)
0.890197 P(collect_sapling)
0.747605 P(collect_drink)
0.952543 P(make_wood_pickaxe)
0.892736 P(make_wood_sword)
0.878587 P(place_plant)
0.450743 P(defeat_zombie)
0.940834 P(collect_stone)
0.896296 P(place_stone)
0.030288 P(eat_plant)
0.420955 P(defeat_skeleton)
0.681809 P(make_stone_pickaxe)
0.866888 P(make_stone_sword)
0.435504 P(wake_up)
0.883277 P(place_furnace)
0.729516 P(collect_coal)
0.535148 P(collect_iron)
0.087165 P(collect_diamond)
0.104474 P(make_iron_pickaxe)
0.202338 P(make_iron_sword)
0.661640 P(make_arrow)
0.836920 P(make_torch)
0.811771 P(place_torch)
0.010379 P(make_diamond_sword)
0.000460 P(make_iron_armour)
0.000010 P(make_diamond_armour)
0.000230 P(enter_gnomish_mines)
0.600964 P(enter_dungeon)
0.000000 P(enter_sewers)
0.000000 P(enter_vault)
0.000000 P(enter_troll_mines)
0.000000 P(enter_fire_realm)
0.000000 P(enter_ice_realm)
0.000000 P(enter_graveyard)
0.000000 P(defeat_gnome_warrior)
0.000010 P(defeat_gnome_archer)
0.429574 P(defeat_orc_solider)
0.307542 P(defeat_orc_mage)
0.000000 P(defeat_lizard)
0.000000 P(defeat_kobold)
0.000000 P(defeat_troll)
0.000000 P(defeat_deep_thing)
0.000000 P(defeat_pigman)
0.000000 P(defeat_fire_elemental)
0.000000 P(defeat_frost_troll)
0.000000 P(defeat_ice_elemental)
0.000000 P(damage_necromancer)
0.000000 P(defeat_necromancer)
0.000000 P(eat_bat)
0.482341 P(eat_snail)
0.576155 P(find_bow)
0.311161 P(fire_bow)
0.072606 P(collect_sapphire)
0.000000 P(learn_fireball)
0.000000 P(cast_fireball)
0.000000 P(learn_iceball)
0.000000 P(cast_iceball)
0.070826 P(collect_ruby)
0.010019 P(make_diamond_pickaxe)
0.576155 P(open_chest)
0.000000 P(drink_potion)
0.000000 P(enchant_sword)
0.000000 P(enchant_armour)
0.000000 P(defeat_knight)
0.000000 P(defeat_archer)

models/b_s15.sav
1071.564568 elapsed
100001.000000 reward/count
0.117724 reward/mean
0.037016 reward/std
0.226106 reward/max
429.458925 depth/mean
334.696516 depth/std
0.962490 P(open_chest|enter_dungeon)
0.814789 P(eat_snail|enter_dungeon)
0.720223 P(defeat_orc_soldier|enter_dungeon)
0.515785 P(defeat_orc_mage|enter_dungeon)
0.000128 P(enter_gnomish_mines|enter_dungeon)
0.000000 P(eat_bat|enter_gnomish_mines)
0.000000 P(defeat_gnome_warrior|enter_gnomish_mines)
0.000000 P(defeat_gnome_archer|enter_gnomish_mines)
0.993870 P(collect_wood)
0.975210 P(place_table)
0.641154 P(eat_cow)
0.870191 P(collect_sapling)
0.780582 P(collect_drink)
0.954840 P(make_wood_pickaxe)
0.896701 P(make_wood_sword)
0.857741 P(place_plant)
0.458165 P(defeat_zombie)
0.943411 P(collect_stone)
0.909061 P(place_stone)
0.033560 P(eat_plant)
0.429036 P(defeat_skeleton)
0.654253 P(make_stone_pickaxe)
0.876501 P(make_stone_sword)
0.365666 P(wake_up)
0.899181 P(place_furnace)
0.754062 P(collect_coal)
0.544285 P(collect_iron)
0.087209 P(collect_diamond)
0.093849 P(make_iron_pickaxe)
0.235058 P(make_iron_sword)
0.669963 P(make_arrow)
0.846982 P(make_torch)
0.810212 P(place_torch)
0.010060 P(make_diamond_sword)
0.000420 P(make_iron_armour)
0.000000 P(make_diamond_armour)
0.000080 P(enter_gnomish_mines)
0.624634 P(enter_dungeon)
0.000000 P(enter_sewers)
0.000000 P(enter_vault)
0.000000 P(enter_troll_mines)
0.000000 P(enter_fire_realm)
0.000000 P(enter_ice_realm)
0.000000 P(enter_graveyard)
0.000000 P(defeat_gnome_warrior)
0.000000 P(defeat_gnome_archer)
0.449876 P(defeat_orc_solider)
0.322177 P(defeat_orc_mage)
0.000000 P(defeat_lizard)
0.000000 P(defeat_kobold)
0.000000 P(defeat_troll)
0.000000 P(defeat_deep_thing)
0.000000 P(defeat_pigman)
0.000000 P(defeat_fire_elemental)
0.000000 P(defeat_frost_troll)
0.000000 P(defeat_ice_elemental)
0.000000 P(damage_necromancer)
0.000000 P(defeat_necromancer)
0.000000 P(eat_bat)
0.508945 P(eat_snail)
0.601204 P(find_bow)
0.333247 P(fire_bow)
0.073759 P(collect_sapphire)
0.000000 P(learn_fireball)
0.000000 P(cast_fireball)
0.000000 P(learn_iceball)
0.000000 P(cast_iceball)
0.073559 P(collect_ruby)
0.010300 P(make_diamond_pickaxe)
0.601204 P(open_chest)
0.000000 P(drink_potion)
0.000000 P(enchant_sword)
0.000000 P(enchant_armour)
0.000000 P(defeat_knight)
0.000000 P(defeat_archer)

models/b_s16.sav
1069.570374 elapsed
100001.000000 reward/count
0.117946 reward/mean
0.037193 reward/std
0.230531 reward/max
427.384936 depth/mean
354.112185 depth/std
0.958344 P(open_chest|enter_dungeon)
0.815079 P(eat_snail|enter_dungeon)
0.756457 P(defeat_orc_soldier|enter_dungeon)
0.567755 P(defeat_orc_mage|enter_dungeon)
0.000336 P(enter_gnomish_mines|enter_dungeon)
0.000000 P(eat_bat|enter_gnomish_mines)
0.142789 P(defeat_gnome_warrior|enter_gnomish_mines)
0.000000 P(defeat_gnome_archer|enter_gnomish_mines)
0.994950 P(collect_wood)
0.977770 P(place_table)
0.627654 P(eat_cow)
0.862641 P(collect_sapling)
0.778242 P(collect_drink)
0.958300 P(make_wood_pickaxe)
0.894021 P(make_wood_sword)
0.846912 P(place_plant)
0.450805 P(defeat_zombie)
0.948521 P(collect_stone)
0.900761 P(place_stone)
0.032320 P(eat_plant)
0.420406 P(defeat_skeleton)
0.671223 P(make_stone_pickaxe)
0.877321 P(make_stone_sword)
0.340777 P(wake_up)
0.883441 P(place_furnace)
0.744853 P(collect_coal)
0.531925 P(collect_iron)
0.089949 P(collect_diamond)
0.136819 P(make_iron_pickaxe)
0.188138 P(make_iron_sword)
0.658873 P(make_arrow)
0.857391 P(make_torch)
0.828262 P(place_torch)
0.010520 P(make_diamond_sword)
0.000630 P(make_iron_armour)
0.000010 P(make_diamond_armour)
0.000210 P(enter_gnomish_mines)
0.624154 P(enter_dungeon)
0.000000 P(enter_sewers)
0.000000 P(enter_vault)
0.000000 P(enter_troll_mines)
0.000000 P(enter_fire_realm)
0.000000 P(enter_ice_realm)
0.000000 P(enter_graveyard)
0.000030 P(defeat_gnome_warrior)
0.000000 P(defeat_gnome_archer)
0.472145 P(defeat_orc_solider)
0.354366 P(defeat_orc_mage)
0.000000 P(defeat_lizard)
0.000000 P(defeat_kobold)
0.000000 P(defeat_troll)
0.000000 P(defeat_deep_thing)
0.000000 P(defeat_pigman)
0.000000 P(defeat_fire_elemental)
0.000000 P(defeat_frost_troll)
0.000000 P(defeat_ice_elemental)
0.000000 P(damage_necromancer)
0.000000 P(defeat_necromancer)
0.000000 P(eat_bat)
0.508735 P(eat_snail)
0.598154 P(find_bow)
0.325597 P(fire_bow)
0.076739 P(collect_sapphire)
0.000000 P(learn_fireball)
0.000000 P(cast_fireball)
0.000000 P(learn_iceball)
0.000000 P(cast_iceball)
0.076129 P(collect_ruby)
0.010440 P(make_diamond_pickaxe)
0.598154 P(open_chest)
0.000000 P(drink_potion)
0.000000 P(enchant_sword)
0.000000 P(enchant_armour)
0.000000 P(defeat_knight)
0.000000 P(defeat_archer)

models/b_s17.sav
1180.996257 elapsed
100001.000000 reward/count
0.115067 reward/mean
0.036622 reward/std
0.230531 reward/max
447.159298 depth/mean
345.516633 depth/std
0.959823 P(open_chest|enter_dungeon)
0.820993 P(eat_snail|enter_dungeon)
0.658337 P(defeat_orc_soldier|enter_dungeon)
0.441189 P(defeat_orc_mage|enter_dungeon)
0.000462 P(enter_gnomish_mines|enter_dungeon)
0.000000 P(eat_bat|enter_gnomish_mines)
0.037023 P(defeat_gnome_warrior|enter_gnomish_mines)
0.000000 P(defeat_gnome_archer|enter_gnomish_mines)
0.996150 P(collect_wood)
0.983820 P(place_table)
0.660193 P(eat_cow)
0.840032 P(collect_sapling)
0.785552 P(collect_drink)
0.967730 P(make_wood_pickaxe)
0.910581 P(make_wood_sword)
0.823052 P(place_plant)
0.484445 P(defeat_zombie)
0.956640 P(collect_stone)
0.919811 P(place_stone)
0.031700 P(eat_plant)
0.448516 P(defeat_skeleton)
0.740613 P(make_stone_pickaxe)
0.888051 P(make_stone_sword)
0.564694 P(wake_up)
0.916391 P(place_furnace)
0.759582 P(collect_coal)
0.530905 P(collect_iron)
0.079909 P(collect_diamond)
0.093689 P(make_iron_pickaxe)
0.211268 P(make_iron_sword)
0.686873 P(make_arrow)
0.847152 P(make_torch)
0.825012 P(place_torch)
0.008800 P(make_diamond_sword)
0.000130 P(make_iron_armour)
0.000010 P(make_diamond_armour)
0.000270 P(enter_gnomish_mines)
0.584664 P(enter_dungeon)
0.000000 P(enter_sewers)
0.000000 P(enter_vault)
0.000000 P(enter_troll_mines)
0.000000 P(enter_fire_realm)
0.000000 P(enter_ice_realm)
0.000000 P(enter_graveyard)
0.000010 P(defeat_gnome_warrior)
0.000000 P(defeat_gnome_archer)
0.384906 P(defeat_orc_solider)
0.257947 P(defeat_orc_mage)
0.000000 P(defeat_lizard)
0.000000 P(defeat_kobold)
0.000000 P(defeat_troll)
0.000000 P(defeat_deep_thing)
0.000000 P(defeat_pigman)
0.000000 P(defeat_fire_elemental)
0.000000 P(defeat_frost_troll)
0.000000 P(defeat_ice_elemental)
0.000000 P(damage_necromancer)
0.000000 P(defeat_necromancer)
0.000000 P(eat_bat)
0.480005 P(eat_snail)
0.561174 P(find_bow)
0.308557 P(fire_bow)
0.066159 P(collect_sapphire)
0.000000 P(learn_fireball)
0.000000 P(cast_fireball)
0.000000 P(learn_iceball)
0.000000 P(cast_iceball)
0.065759 P(collect_ruby)
0.009520 P(make_diamond_pickaxe)
0.561174 P(open_chest)
0.000000 P(drink_potion)
0.000000 P(enchant_sword)
0.000000 P(enchant_armour)
0.000000 P(defeat_knight)
0.000000 P(defeat_archer)

models/b_s18.sav
935.769304 elapsed
100006.000000 reward/count
0.116839 reward/mean
0.038084 reward/std
0.226106 reward/max
378.015029 depth/mean
262.367162 depth/std
0.962355 P(open_chest|enter_dungeon)
0.790516 P(eat_snail|enter_dungeon)
0.757558 P(defeat_orc_soldier|enter_dungeon)
0.568584 P(defeat_orc_mage|enter_dungeon)
0.000864 P(enter_gnomish_mines|enter_dungeon)
0.019227 P(eat_bat|enter_gnomish_mines)
0.038454 P(defeat_gnome_warrior|enter_gnomish_mines)
0.000000 P(defeat_gnome_archer|enter_gnomish_mines)
0.995510 P(collect_wood)
0.975531 P(place_table)
0.640842 P(eat_cow)
0.856279 P(collect_sapling)
0.767514 P(collect_drink)
0.962982 P(make_wood_pickaxe)
0.900906 P(make_wood_sword)
0.840450 P(place_plant)
0.448923 P(defeat_zombie)
0.948083 P(collect_stone)
0.902626 P(place_stone)
0.021749 P(eat_plant)
0.420915 P(defeat_skeleton)
0.707778 P(make_stone_pickaxe)
0.883247 P(make_stone_sword)
0.306342 P(wake_up)
0.892146 P(place_furnace)
0.745825 P(collect_coal)
0.556507 P(collect_iron)
0.093224 P(collect_diamond)
0.107734 P(make_iron_pickaxe)
0.221207 P(make_iron_sword)
0.692358 P(make_arrow)
0.859328 P(make_torch)
0.840490 P(place_torch)
0.011469 P(make_diamond_sword)
0.000160 P(make_iron_armour)
0.000000 P(make_diamond_armour)
0.000520 P(enter_gnomish_mines)
0.601634 P(enter_dungeon)
0.000000 P(enter_sewers)
0.000000 P(enter_vault)
0.000000 P(enter_troll_mines)
0.000000 P(enter_fire_realm)
0.000000 P(enter_ice_realm)
0.000000 P(enter_graveyard)
0.000020 P(defeat_gnome_warrior)
0.000000 P(defeat_gnome_archer)
0.455773 P(defeat_orc_solider)
0.342079 P(defeat_orc_mage)
0.000000 P(defeat_lizard)
0.000000 P(defeat_kobold)
0.000000 P(defeat_troll)
0.000000 P(defeat_deep_thing)
0.000000 P(defeat_pigman)
0.000000 P(defeat_fire_elemental)
0.000000 P(defeat_frost_troll)
0.000000 P(defeat_ice_elemental)
0.000000 P(damage_necromancer)
0.000000 P(defeat_necromancer)
0.000010 P(eat_bat)
0.475601 P(eat_snail)
0.578985 P(find_bow)
0.335010 P(fire_bow)
0.076775 P(collect_sapphire)
0.000000 P(learn_fireball)
0.000000 P(cast_fireball)
0.000000 P(learn_iceball)
0.000000 P(cast_iceball)
0.077275 P(collect_ruby)
0.011049 P(make_diamond_pickaxe)
0.578985 P(open_chest)
0.000000 P(drink_potion)
0.000000 P(enchant_sword)
0.000000 P(enchant_armour)
0.000000 P(defeat_knight)
0.000000 P(defeat_archer)

models/b_s19.sav
1122.636684 elapsed
100000.000000 reward/count
0.114969 reward/mean
0.037515 reward/std
0.226106 reward/max
455.088580 depth/mean
399.608449 depth/std
0.965597 P(open_chest|enter_dungeon)
0.816714 P(eat_snail|enter_dungeon)
0.710480 P(defeat_orc_soldier|enter_dungeon)
0.512142 P(defeat_orc_mage|enter_dungeon)
0.001137 P(enter_gnomish_mines|enter_dungeon)
0.000000 P(eat_bat|enter_gnomish_mines)
0.014704 P(defeat_gnome_warrior|enter_gnomish_mines)
0.000000 P(defeat_gnome_archer|enter_gnomish_mines)
0.995380 P(collect_wood)
0.970130 P(place_table)
0.641650 P(eat_cow)
0.823240 P(collect_sapling)
0.777050 P(collect_drink)
0.958070 P(make_wood_pickaxe)
0.893680 P(make_wood_sword)
0.811800 P(place_plant)
0.458390 P(defeat_zombie)
0.944350 P(collect_stone)
0.904030 P(place_stone)
0.031650 P(eat_plant)
0.431340 P(defeat_skeleton)
0.679820 P(make_stone_pickaxe)
0.865720 P(make_stone_sword)
0.607810 P(wake_up)
0.885660 P(place_furnace)
0.738950 P(collect_coal)
0.520930 P(collect_iron)
0.087120 P(collect_diamond)
0.107960 P(make_iron_pickaxe)
0.147900 P(make_iron_sword)
0.602030 P(make_arrow)
0.837800 P(make_torch)
0.815920 P(place_torch)
0.010050 P(make_diamond_sword)
0.000330 P(make_iron_armour)
0.000000 P(make_diamond_armour)
0.000680 P(enter_gnomish_mines)
0.597920 P(enter_dungeon)
0.000000 P(enter_sewers)
0.000000 P(enter_vault)
0.000000 P(enter_troll_mines)
0.000000 P(enter_fire_realm)
0.000000 P(enter_ice_realm)
0.000000 P(enter_graveyard)
0.000010 P(defeat_gnome_warrior)
0.000000 P(defeat_gnome_archer)
0.424810 P(defeat_orc_solider)
0.306220 P(defeat_orc_mage)
0.000000 P(defeat_lizard)
0.000000 P(defeat_kobold)
0.000000 P(defeat_troll)
0.000000 P(defeat_deep_thing)
0.000000 P(defeat_pigman)
0.000000 P(defeat_fire_elemental)
0.000000 P(defeat_frost_troll)
0.000000 P(defeat_ice_elemental)
0.000000 P(damage_necromancer)
0.000000 P(defeat_necromancer)
0.000000 P(eat_bat)
0.488330 P(eat_snail)
0.577350 P(find_bow)
0.280080 P(fire_bow)
0.072790 P(collect_sapphire)
0.000000 P(learn_fireball)
0.000000 P(cast_fireball)
0.000000 P(learn_iceball)
0.000000 P(cast_iceball)
0.073980 P(collect_ruby)
0.010630 P(make_diamond_pickaxe)
0.577350 P(open_chest)
0.000000 P(drink_potion)
0.000000 P(enchant_sword)
0.000000 P(enchant_armour)
0.000000 P(defeat_knight)
0.000000 P(defeat_archer)

models/b_s20.sav
972.713454 elapsed
100006.000000 reward/count
0.114704 reward/mean
0.037406 reward/std
0.226106 reward/max
392.930244 depth/mean
276.590462 depth/std
0.963419 P(open_chest|enter_dungeon)
0.805624 P(eat_snail|enter_dungeon)
0.727189 P(defeat_orc_soldier|enter_dungeon)
0.536529 P(defeat_orc_mage|enter_dungeon)
0.000754 P(enter_gnomish_mines|enter_dungeon)
0.000000 P(eat_bat|enter_gnomish_mines)
0.000000 P(defeat_gnome_warrior|enter_gnomish_mines)
0.000000 P(defeat_gnome_archer|enter_gnomish_mines)
0.996670 P(collect_wood)
0.979931 P(place_table)
0.657711 P(eat_cow)
0.907126 P(collect_sapling)
0.767604 P(collect_drink)
0.960362 P(make_wood_pickaxe)
0.889527 P(make_wood_sword)
0.894496 P(place_plant)
0.453883 P(defeat_zombie)
0.946963 P(collect_stone)
0.902336 P(place_stone)
0.025128 P(eat_plant)
0.420995 P(defeat_skeleton)
0.674680 P(make_stone_pickaxe)
0.866838 P(make_stone_sword)
0.359108 P(wake_up)
0.904416 P(place_furnace)
0.749065 P(collect_coal)
0.520549 P(collect_iron)
0.084965 P(collect_diamond)
0.081585 P(make_iron_pickaxe)
0.214927 P(make_iron_sword)
0.641592 P(make_arrow)
0.853639 P(make_torch)
0.835510 P(place_torch)
0.009739 P(make_diamond_sword)
0.000380 P(make_iron_armour)
0.000010 P(make_diamond_armour)
0.000440 P(enter_gnomish_mines)
0.583885 P(enter_dungeon)
0.000000 P(enter_sewers)
0.000000 P(enter_vault)
0.000000 P(enter_troll_mines)
0.000000 P(enter_fire_realm)
0.000000 P(enter_ice_realm)
0.000000 P(enter_graveyard)
0.000000 P(defeat_gnome_warrior)
0.000000 P(defeat_gnome_archer)
0.424595 P(defeat_orc_solider)
0.313271 P(defeat_orc_mage)
0.000000 P(defeat_lizard)
0.000000 P(defeat_kobold)
0.000000 P(defeat_troll)
0.000000 P(defeat_deep_thing)
0.000000 P(defeat_pigman)
0.000000 P(defeat_fire_elemental)
0.000000 P(defeat_frost_troll)
0.000000 P(defeat_ice_elemental)
0.000000 P(damage_necromancer)
0.000000 P(defeat_necromancer)
0.000000 P(eat_bat)
0.470392 P(eat_snail)
0.562526 P(find_bow)
0.306052 P(fire_bow)
0.071206 P(collect_sapphire)
0.000000 P(learn_fireball)
0.000000 P(cast_fireball)
0.000000 P(learn_iceball)
0.000000 P(cast_iceball)
0.071196 P(collect_ruby)
0.010249 P(make_diamond_pickaxe)
0.562526 P(open_chest)
0.000000 P(drink_potion)
0.000000 P(enchant_sword)
0.000000 P(enchant_armour)
0.000000 P(defeat_knight)
0.000000 P(defeat_archer)
