models/e32_s1.sav
1306.239148 elapsed
100001.000000 reward/count
0.119923 reward/mean
0.038682 reward/std
0.261504 reward/max
468.397836 depth/mean
389.363806 depth/std
0.963043 P(open_chest|enter_dungeon)
0.858427 P(eat_snail|enter_dungeon)
0.772756 P(defeat_orc_soldier|enter_dungeon)
0.579342 P(defeat_orc_mage|enter_dungeon)
0.002816 P(enter_gnomish_mines|enter_dungeon)
0.686007 P(eat_bat|enter_gnomish_mines)
0.738329 P(defeat_gnome_warrior|enter_gnomish_mines)
0.354631 P(defeat_gnome_archer|enter_gnomish_mines)
0.995480 P(collect_wood)
0.980720 P(place_table)
0.692143 P(eat_cow)
0.903761 P(collect_sapling)
0.801012 P(collect_drink)
0.959000 P(make_wood_pickaxe)
0.908741 P(make_wood_sword)
0.902571 P(place_plant)
0.480605 P(defeat_zombie)
0.947181 P(collect_stone)
0.908411 P(place_stone)
0.043020 P(eat_plant)
0.456785 P(defeat_skeleton)
0.693753 P(make_stone_pickaxe)
0.877451 P(make_stone_sword)
0.403656 P(wake_up)
0.902011 P(place_furnace)
0.774002 P(collect_coal)
0.548115 P(collect_iron)
0.084719 P(collect_diamond)
0.028360 P(make_iron_pickaxe)
0.029050 P(make_iron_sword)
0.757582 P(make_arrow)
0.872191 P(make_torch)
0.848952 P(place_torch)
0.009840 P(make_diamond_sword)
0.000000 P(make_iron_armour)
0.000000 P(make_diamond_armour)
0.001720 P(enter_gnomish_mines)
0.610704 P(enter_dungeon)
0.000000 P(enter_sewers)
0.000000 P(enter_vault)
0.000000 P(enter_troll_mines)
0.000000 P(enter_fire_realm)
0.000000 P(enter_ice_realm)
0.000000 P(enter_graveyard)
0.001270 P(defeat_gnome_warrior)
0.000610 P(defeat_gnome_archer)
0.471925 P(defeat_orc_solider)
0.353806 P(defeat_orc_mage)
0.000000 P(defeat_lizard)
0.000000 P(defeat_kobold)
0.000000 P(defeat_troll)
0.000000 P(defeat_deep_thing)
0.000000 P(defeat_pigman)
0.000000 P(defeat_fire_elemental)
0.000000 P(defeat_frost_troll)
0.000000 P(defeat_ice_elemental)
0.000000 P(damage_necromancer)
0.000000 P(defeat_necromancer)
0.001180 P(eat_bat)
0.524245 P(eat_snail)
0.588134 P(find_bow)
0.383096 P(fire_bow)
0.071179 P(collect_sapphire)
0.000000 P(learn_fireball)
0.000000 P(cast_fireball)
0.000000 P(learn_iceball)
0.000000 P(cast_iceball)
0.071359 P(collect_ruby)
0.009340 P(make_diamond_pickaxe)
0.588134 P(open_chest)
0.000000 P(drink_potion)
0.000000 P(enchant_sword)
0.000000 P(enchant_armour)
0.000000 P(defeat_knight)
0.000000 P(defeat_archer)

models/e32_s2.sav
1330.119733 elapsed
100004.000000 reward/count
0.117350 reward/mean
0.038589 reward/std
0.239381 reward/max
476.826377 depth/mean
455.352138 depth/std
0.966151 P(open_chest|enter_dungeon)
0.841191 P(eat_snail|enter_dungeon)
0.793745 P(defeat_orc_soldier|enter_dungeon)
0.591019 P(defeat_orc_mage|enter_dungeon)
0.001706 P(enter_gnomish_mines|enter_dungeon)
0.558769 P(eat_bat|enter_gnomish_mines)
0.666601 P(defeat_gnome_warrior|enter_gnomish_mines)
0.333301 P(defeat_gnome_archer|enter_gnomish_mines)
0.995490 P(collect_wood)
0.974631 P(place_table)
0.683773 P(eat_cow)
0.901914 P(collect_sapling)
0.755510 P(collect_drink)
0.953812 P(make_wood_pickaxe)
0.895664 P(make_wood_sword)
0.899984 P(place_plant)
0.478271 P(defeat_zombie)
0.936363 P(collect_stone)
0.903394 P(place_stone)
0.053098 P(eat_plant)
0.458462 P(defeat_skeleton)
0.670373 P(make_stone_pickaxe)
0.861306 P(make_stone_sword)
0.357476 P(wake_up)
0.882885 P(place_furnace)
0.753630 P(collect_coal)
0.486231 P(collect_iron)
0.085817 P(collect_diamond)
0.029029 P(make_iron_pickaxe)
0.030029 P(make_iron_sword)
0.727711 P(make_arrow)
0.862605 P(make_torch)
0.847536 P(place_torch)
0.010100 P(make_diamond_sword)
0.000000 P(make_iron_armour)
0.000000 P(make_diamond_armour)
0.001020 P(enter_gnomish_mines)
0.597926 P(enter_dungeon)
0.000000 P(enter_sewers)
0.000000 P(enter_vault)
0.000000 P(enter_troll_mines)
0.000000 P(enter_fire_realm)
0.000000 P(enter_ice_realm)
0.000000 P(enter_graveyard)
0.000680 P(defeat_gnome_warrior)
0.000340 P(defeat_gnome_archer)
0.474601 P(defeat_orc_solider)
0.353386 P(defeat_orc_mage)
0.000000 P(defeat_lizard)
0.000000 P(defeat_kobold)
0.000000 P(defeat_troll)
0.000000 P(defeat_deep_thing)
0.000000 P(defeat_pigman)
0.000000 P(defeat_fire_elemental)
0.000000 P(defeat_frost_troll)
0.000000 P(defeat_ice_elemental)
0.000000 P(damage_necromancer)
0.000000 P(defeat_necromancer)
0.000570 P(eat_bat)
0.502970 P(eat_snail)
0.577687 P(find_bow)
0.351306 P(fire_bow)
0.072127 P(collect_sapphire)
0.000000 P(learn_fireball)
0.000000 P(cast_fireball)
0.000000 P(learn_iceball)
0.000000 P(cast_iceball)
0.071817 P(collect_ruby)
0.009780 P(make_diamond_pickaxe)
0.577687 P(open_chest)
0.000000 P(drink_potion)
0.000000 P(enchant_sword)
0.000000 P(enchant_armour)
0.000000 P(defeat_knight)
0.000000 P(defeat_archer)

models/e32_s3.sav
1259.634980 elapsed
100010.000000 reward/count
0.116947 reward/mean
0.038401 reward/std
0.261504 reward/max
455.090351 depth/mean
386.997974 depth/std
0.965399 P(open_chest|enter_dungeon)
0.821609 P(eat_snail|enter_dungeon)
0.767912 P(defeat_orc_soldier|enter_dungeon)
0.584853 P(defeat_orc_mage|enter_dungeon)
0.002222 P(enter_gnomish_mines|enter_dungeon)
0.607646 P(eat_bat|enter_gnomish_mines)
0.676871 P(defeat_gnome_warrior|enter_gnomish_mines)
0.030767 P(defeat_gnome_archer|enter_gnomish_mines)
0.996670 P(collect_wood)
0.980432 P(place_table)
0.687411 P(eat_cow)
0.916148 P(collect_sapling)
0.767423 P(collect_drink)
0.962144 P(make_wood_pickaxe)
0.898330 P(make_wood_sword)
0.911389 P(place_plant)
0.481162 P(defeat_zombie)
0.948225 P(collect_stone)
0.910179 P(place_stone)
0.047685 P(eat_plant)
0.475412 P(defeat_skeleton)
0.701520 P(make_stone_pickaxe)
0.854005 P(make_stone_sword)
0.357214 P(wake_up)
0.894601 P(place_furnace)
0.768113 P(collect_coal)
0.557434 P(collect_iron)
0.083462 P(collect_diamond)
0.028457 P(make_iron_pickaxe)
0.028777 P(make_iron_sword)
0.737586 P(make_arrow)
0.867133 P(make_torch)
0.844056 P(place_torch)
0.009179 P(make_diamond_sword)
0.000000 P(make_iron_armour)
0.000000 P(make_diamond_armour)
0.001300 P(enter_gnomish_mines)
0.584892 P(enter_dungeon)
0.000000 P(enter_sewers)
0.000000 P(enter_vault)
0.000000 P(enter_troll_mines)
0.000000 P(enter_fire_realm)
0.000000 P(enter_ice_realm)
0.000000 P(enter_graveyard)
0.000880 P(defeat_gnome_warrior)
0.000040 P(defeat_gnome_archer)
0.449145 P(defeat_orc_solider)
0.342076 P(defeat_orc_mage)
0.000000 P(defeat_lizard)
0.000000 P(defeat_kobold)
0.000000 P(defeat_troll)
0.000000 P(defeat_deep_thing)
0.000000 P(defeat_pigman)
0.000000 P(defeat_fire_elemental)
0.000000 P(defeat_frost_troll)
0.000000 P(defeat_ice_elemental)
0.000000 P(damage_necromancer)
0.000000 P(defeat_necromancer)
0.000790 P(eat_bat)
0.480552 P(eat_snail)
0.564654 P(find_bow)
0.351125 P(fire_bow)
0.069573 P(collect_sapphire)
0.000000 P(learn_fireball)
0.000000 P(cast_fireball)
0.000000 P(learn_iceball)
0.000000 P(cast_iceball)
0.070163 P(collect_ruby)
0.010119 P(make_diamond_pickaxe)
0.564654 P(open_chest)
0.000000 P(drink_potion)
0.000000 P(enchant_sword)
0.000000 P(enchant_armour)
0.000000 P(defeat_knight)
0.000000 P(defeat_archer)

models/e32_s4.sav
1317.535832 elapsed
100001.000000 reward/count
0.118754 reward/mean
0.038598 reward/std
0.257080 reward/max
468.844392 depth/mean
409.693898 depth/std
0.965897 P(open_chest|enter_dungeon)
0.866099 P(eat_snail|enter_dungeon)
0.801922 P(defeat_orc_soldier|enter_dungeon)
0.603085 P(defeat_orc_mage|enter_dungeon)
0.004754 P(enter_gnomish_mines|enter_dungeon)
0.631183 P(eat_bat|enter_gnomish_mines)
0.631183 P(defeat_gnome_warrior|enter_gnomish_mines)
0.397149 P(defeat_gnome_archer|enter_gnomish_mines)
0.996460 P(collect_wood)
0.982740 P(place_table)
0.704313 P(eat_cow)
0.903741 P(collect_sapling)
0.765372 P(collect_drink)
0.966070 P(make_wood_pickaxe)
0.921641 P(make_wood_sword)
0.902701 P(place_plant)
0.487365 P(defeat_zombie)
0.954310 P(collect_stone)
0.909711 P(place_stone)
0.052119 P(eat_plant)
0.468725 P(defeat_skeleton)
0.684923 P(make_stone_pickaxe)
0.905441 P(make_stone_sword)
0.385246 P(wake_up)
0.890931 P(place_furnace)
0.772612 P(collect_coal)
0.522535 P(collect_iron)
0.087359 P(collect_diamond)
0.028770 P(make_iron_pickaxe)
0.029790 P(make_iron_sword)
0.741083 P(make_arrow)
0.875921 P(make_torch)
0.860331 P(place_torch)
0.010140 P(make_diamond_sword)
0.000000 P(make_iron_armour)
0.000000 P(make_diamond_armour)
0.002820 P(enter_gnomish_mines)
0.593194 P(enter_dungeon)
0.000010 P(enter_sewers)
0.000000 P(enter_vault)
0.000000 P(enter_troll_mines)
0.000000 P(enter_fire_realm)
0.000000 P(enter_ice_realm)
0.000000 P(enter_graveyard)
0.001780 P(defeat_gnome_warrior)
0.001120 P(defeat_gnome_archer)
0.475695 P(defeat_orc_solider)
0.357746 P(defeat_orc_mage)
0.000000 P(defeat_lizard)
0.000000 P(defeat_kobold)
0.000000 P(defeat_troll)
0.000000 P(defeat_deep_thing)
0.000000 P(defeat_pigman)
0.000000 P(defeat_fire_elemental)
0.000000 P(defeat_frost_troll)
0.000000 P(defeat_ice_elemental)
0.000000 P(damage_necromancer)
0.000000 P(defeat_necromancer)
0.001780 P(eat_bat)
0.513765 P(eat_snail)
0.572964 P(find_bow)
0.358256 P(fire_bow)
0.071099 P(collect_sapphire)
0.000000 P(learn_fireball)
0.000000 P(cast_fireball)
0.000000 P(learn_iceball)
0.000000 P(cast_iceball)
0.071389 P(collect_ruby)
0.009820 P(make_diamond_pickaxe)
0.572964 P(open_chest)
0.000000 P(drink_potion)
0.000000 P(enchant_sword)
0.000000 P(enchant_armour)
0.000000 P(defeat_knight)
0.000000 P(defeat_archer)

models/e32_s5.sav
1215.344487 elapsed
100005.000000 reward/count
0.116854 reward/mean
0.038681 reward/std
0.252655 reward/max
440.509785 depth/mean
382.614645 depth/std
0.960015 P(open_chest|enter_dungeon)
0.843007 P(eat_snail|enter_dungeon)
0.776997 P(defeat_orc_soldier|enter_dungeon)
0.597552 P(defeat_orc_mage|enter_dungeon)
0.002672 P(enter_gnomish_mines|enter_dungeon)
0.694223 P(eat_bat|enter_gnomish_mines)
0.668747 P(defeat_gnome_warrior|enter_gnomish_mines)
0.312082 P(defeat_gnome_archer|enter_gnomish_mines)
0.996380 P(collect_wood)
0.978391 P(place_table)
0.668917 P(eat_cow)
0.909645 P(collect_sapling)
0.746233 P(collect_drink)
0.958142 P(make_wood_pickaxe)
0.905655 P(make_wood_sword)
0.908265 P(place_plant)
0.469557 P(defeat_zombie)
0.944453 P(collect_stone)
0.902325 P(place_stone)
0.043708 P(eat_plant)
0.459157 P(defeat_skeleton)
0.680206 P(make_stone_pickaxe)
0.859267 P(make_stone_sword)
0.296135 P(wake_up)
0.891345 P(place_furnace)
0.778711 P(collect_coal)
0.532853 P(collect_iron)
0.085436 P(collect_diamond)
0.029419 P(make_iron_pickaxe)
0.029799 P(make_iron_sword)
0.751272 P(make_arrow)
0.872546 P(make_torch)
0.856707 P(place_torch)
0.009490 P(make_diamond_sword)
0.000000 P(make_iron_armour)
0.000000 P(make_diamond_armour)
0.001570 P(enter_gnomish_mines)
0.587451 P(enter_dungeon)
0.000000 P(enter_sewers)
0.000000 P(enter_vault)
0.000000 P(enter_troll_mines)
0.000000 P(enter_fire_realm)
0.000000 P(enter_ice_realm)
0.000000 P(enter_graveyard)
0.001050 P(defeat_gnome_warrior)
0.000490 P(defeat_gnome_archer)
0.456447 P(defeat_orc_solider)
0.351032 P(defeat_orc_mage)
0.000000 P(defeat_lizard)
0.000000 P(defeat_kobold)
0.000000 P(defeat_troll)
0.000000 P(defeat_deep_thing)
0.000000 P(defeat_pigman)
0.000000 P(defeat_fire_elemental)
0.000000 P(defeat_frost_troll)
0.000000 P(defeat_ice_elemental)
0.000000 P(damage_necromancer)
0.000000 P(defeat_necromancer)
0.001090 P(eat_bat)
0.495225 P(eat_snail)
0.563962 P(find_bow)
0.356242 P(fire_bow)
0.072556 P(collect_sapphire)
0.000000 P(learn_fireball)
0.000000 P(cast_fireball)
0.000000 P(learn_iceball)
0.000000 P(cast_iceball)
0.068787 P(collect_ruby)
0.010139 P(make_diamond_pickaxe)
0.563962 P(open_chest)
0.000000 P(drink_potion)
0.000000 P(enchant_sword)
0.000000 P(enchant_armour)
0.000000 P(defeat_knight)
0.000000 P(defeat_archer)

models/e32_s6.sav
1276.764402 elapsed
100010.000000 reward/count
0.117379 reward/mean
0.038531 reward/std
0.261504 reward/max
457.624488 depth/mean
374.164396 depth/std
0.960036 P(open_chest|enter_dungeon)
0.869846 P(eat_snail|enter_dungeon)
0.766284 P(defeat_orc_soldier|enter_dungeon)
0.578905 P(defeat_orc_mage|enter_dungeon)
0.003077 P(enter_gnomish_mines|enter_dungeon)
0.571397 P(eat_bat|enter_gnomish_mines)
0.615351 P(defeat_gnome_warrior|enter_gnomish_mines)
0.357123 P(defeat_gnome_archer|enter_gnomish_mines)
0.994771 P(collect_wood)
0.980082 P(place_table)
0.685391 P(eat_cow)
0.895230 P(collect_sapling)
0.759414 P(collect_drink)
0.959774 P(make_wood_pickaxe)
0.908159 P(make_wood_sword)
0.893571 P(place_plant)
0.478212 P(defeat_zombie)
0.947165 P(collect_stone)
0.894981 P(place_stone)
0.044056 P(eat_plant)
0.453235 P(defeat_skeleton)
0.709629 P(make_stone_pickaxe)
0.877232 P(make_stone_sword)
0.354235 P(wake_up)
0.894951 P(place_furnace)
0.772763 P(collect_coal)
0.534197 P(collect_iron)
0.080892 P(collect_diamond)
0.028807 P(make_iron_pickaxe)
0.027207 P(make_iron_sword)
0.742636 P(make_arrow)
0.874633 P(make_torch)
0.855074 P(place_torch)
0.008789 P(make_diamond_sword)
0.000010 P(make_iron_armour)
0.000000 P(make_diamond_armour)
0.001820 P(enter_gnomish_mines)
0.591471 P(enter_dungeon)
0.000000 P(enter_sewers)
0.000000 P(enter_vault)
0.000000 P(enter_troll_mines)
0.000000 P(enter_fire_realm)
0.000000 P(enter_ice_realm)
0.000000 P(enter_graveyard)
0.001120 P(defeat_gnome_warrior)
0.000650 P(defeat_gnome_archer)
0.453235 P(defeat_orc_solider)
0.342406 P(defeat_orc_mage)
0.000000 P(defeat_lizard)
0.000000 P(defeat_kobold)
0.000000 P(defeat_troll)
0.000000 P(defeat_deep_thing)
0.000000 P(defeat_pigman)
0.000000 P(defeat_fire_elemental)
0.000000 P(defeat_frost_troll)
0.000000 P(defeat_ice_elemental)
0.000000 P(damage_necromancer)
0.000000 P(defeat_necromancer)
0.001040 P(eat_bat)
0.514489 P(eat_snail)
0.567833 P(find_bow)
0.355544 P(fire_bow)
0.069613 P(collect_sapphire)
0.000000 P(learn_fireball)
0.000000 P(cast_fireball)
0.000000 P(learn_iceball)
0.000000 P(cast_iceball)
0.069393 P(collect_ruby)
0.009909 P(make_diamond_pickaxe)
0.567833 P(open_chest)
0.000000 P(drink_potion)
0.000000 P(enchant_sword)
0.000000 P(enchant_armour)
0.000000 P(defeat_knight)
0.000000 P(defeat_archer)

models/e32_s7.sav
1253.108353 elapsed
100003.000000 reward/count
0.115827 reward/mean
0.037971 reward/std
0.261504 reward/max
449.500765 depth/mean
376.130377 depth/std
0.957708 P(open_chest|enter_dungeon)
0.854326 P(eat_snail|enter_dungeon)
0.766425 P(defeat_orc_soldier|enter_dungeon)
0.575295 P(defeat_orc_mage|enter_dungeon)
0.002484 P(enter_gnomish_mines|enter_dungeon)
0.582152 P(eat_bat|enter_gnomish_mines)
0.712280 P(defeat_gnome_warrior|enter_gnomish_mines)
0.404082 P(defeat_gnome_archer|enter_gnomish_mines)
0.995310 P(collect_wood)
0.981031 P(place_table)
0.691469 P(eat_cow)
0.886483 P(collect_sapling)
0.762917 P(collect_drink)
0.960931 P(make_wood_pickaxe)
0.889383 P(make_wood_sword)
0.884533 P(place_plant)
0.480246 P(defeat_zombie)
0.946712 P(collect_stone)
0.902973 P(place_stone)
0.043719 P(eat_plant)
0.468056 P(defeat_skeleton)
0.667560 P(make_stone_pickaxe)
0.829005 P(make_stone_sword)
0.336450 P(wake_up)
0.896693 P(place_furnace)
0.760877 P(collect_coal)
0.511765 P(collect_iron)
0.081368 P(collect_diamond)
0.027769 P(make_iron_pickaxe)
0.028059 P(make_iron_sword)
0.709559 P(make_arrow)
0.856954 P(make_torch)
0.841465 P(place_torch)
0.009330 P(make_diamond_sword)
0.000000 P(make_iron_armour)
0.000000 P(make_diamond_armour)
0.001460 P(enter_gnomish_mines)
0.587802 P(enter_dungeon)
0.000000 P(enter_sewers)
0.000000 P(enter_vault)
0.000000 P(enter_troll_mines)
0.000000 P(enter_fire_realm)
0.000000 P(enter_ice_realm)
0.000000 P(enter_graveyard)
0.001040 P(defeat_gnome_warrior)
0.000590 P(defeat_gnome_archer)
0.450506 P(defeat_orc_solider)
0.338160 P(defeat_orc_mage)
0.000000 P(defeat_lizard)
0.000000 P(defeat_kobold)
0.000000 P(defeat_troll)
0.000000 P(defeat_deep_thing)
0.000000 P(defeat_pigman)
0.000000 P(defeat_fire_elemental)
0.000000 P(defeat_frost_troll)
0.000000 P(defeat_ice_elemental)
0.000000 P(damage_necromancer)
0.000000 P(defeat_necromancer)
0.000850 P(eat_bat)
0.502175 P(eat_snail)
0.562943 P(find_bow)
0.330930 P(fire_bow)
0.068378 P(collect_sapphire)
0.000000 P(learn_fireball)
0.000000 P(cast_fireball)
0.000000 P(learn_iceball)
0.000000 P(cast_iceball)
0.068588 P(collect_ruby)
0.009700 P(make_diamond_pickaxe)
0.562943 P(open_chest)
0.000000 P(drink_potion)
0.000000 P(enchant_sword)
0.000000 P(enchant_armour)
0.000000 P(defeat_knight)
0.000000 P(defeat_archer)

models/e32_s8.sav
1151.739390 elapsed
100002.000000 reward/count
0.120270 reward/mean
0.038194 reward/std
0.261504 reward/max
412.094918 depth/mean
316.765150 depth/std
0.961944 P(open_chest|enter_dungeon)
0.830087 P(eat_snail|enter_dungeon)
0.759530 P(defeat_orc_soldier|enter_dungeon)
0.569299 P(defeat_orc_mage|enter_dungeon)
0.001725 P(enter_gnomish_mines|enter_dungeon)
0.623796 P(eat_bat|enter_gnomish_mines)
0.614623 P(defeat_gnome_warrior|enter_gnomish_mines)
0.330245 P(defeat_gnome_archer|enter_gnomish_mines)
0.997010 P(collect_wood)
0.982440 P(place_table)
0.666067 P(eat_cow)
0.872343 P(collect_sapling)
0.790164 P(collect_drink)
0.961431 P(make_wood_pickaxe)
0.903462 P(make_wood_sword)
0.867863 P(place_plant)
0.465241 P(defeat_zombie)
0.946561 P(collect_stone)
0.910262 P(place_stone)
0.030789 P(eat_plant)
0.448521 P(defeat_skeleton)
0.678796 P(make_stone_pickaxe)
0.866073 P(make_stone_sword)
0.295014 P(wake_up)
0.887912 P(place_furnace)
0.792814 P(collect_coal)
0.506250 P(collect_iron)
0.089608 P(collect_diamond)
0.031709 P(make_iron_pickaxe)
0.030779 P(make_iron_sword)
0.773655 P(make_arrow)
0.886092 P(make_torch)
0.853813 P(place_torch)
0.010230 P(make_diamond_sword)
0.000000 P(make_iron_armour)
0.000000 P(make_diamond_armour)
0.001090 P(enter_gnomish_mines)
0.631957 P(enter_dungeon)
0.000000 P(enter_sewers)
0.000000 P(enter_vault)
0.000000 P(enter_troll_mines)
0.000000 P(enter_fire_realm)
0.000000 P(enter_ice_realm)
0.000000 P(enter_graveyard)
0.000670 P(defeat_gnome_warrior)
0.000360 P(defeat_gnome_archer)
0.479990 P(defeat_orc_solider)
0.359773 P(defeat_orc_mage)
0.000000 P(defeat_lizard)
0.000000 P(defeat_kobold)
0.000000 P(defeat_troll)
0.000000 P(defeat_deep_thing)
0.000000 P(defeat_pigman)
0.000000 P(defeat_fire_elemental)
0.000000 P(defeat_frost_troll)
0.000000 P(defeat_ice_elemental)
0.000000 P(damage_necromancer)
0.000000 P(defeat_necromancer)
0.000680 P(eat_bat)
0.524580 P(eat_snail)
0.607908 P(find_bow)
0.405692 P(fire_bow)
0.076108 P(collect_sapphire)
0.000000 P(learn_fireball)
0.000000 P(cast_fireball)
0.000000 P(learn_iceball)
0.000000 P(cast_iceball)
0.074559 P(collect_ruby)
0.010570 P(make_diamond_pickaxe)
0.607908 P(open_chest)
0.000000 P(drink_potion)
0.000000 P(enchant_sword)
0.000000 P(enchant_armour)
0.000000 P(defeat_knight)
0.000000 P(defeat_archer)

models/e32_s9.sav
1355.485759 elapsed
100000.000000 reward/count
0.116936 reward/mean
0.038589 reward/std
0.239381 reward/max
487.013740 depth/mean
433.819729 depth/std
0.958272 P(open_chest|enter_dungeon)
0.836893 P(eat_snail|enter_dungeon)
0.782038 P(defeat_orc_soldier|enter_dungeon)
0.596791 P(defeat_orc_mage|enter_dungeon)
0.002883 P(enter_gnomish_mines|enter_dungeon)
0.536112 P(eat_bat|enter_gnomish_mines)
0.012047 P(defeat_gnome_warrior|enter_gnomish_mines)
0.030119 P(defeat_gnome_archer|enter_gnomish_mines)
0.996800 P(collect_wood)
0.978860 P(place_table)
0.694010 P(eat_cow)
0.903210 P(collect_sapling)
0.771370 P(collect_drink)
0.959360 P(make_wood_pickaxe)
0.906060 P(make_wood_sword)
0.901850 P(place_plant)
0.501790 P(defeat_zombie)
0.945610 P(collect_stone)
0.907920 P(place_stone)
0.057620 P(eat_plant)
0.496030 P(defeat_skeleton)
0.689960 P(make_stone_pickaxe)
0.881510 P(make_stone_sword)
0.502650 P(wake_up)
0.892710 P(place_furnace)
0.781390 P(collect_coal)
0.517390 P(collect_iron)
0.080030 P(collect_diamond)
0.027340 P(make_iron_pickaxe)
0.027950 P(make_iron_sword)
0.744340 P(make_arrow)
0.867620 P(make_torch)
0.851470 P(place_torch)
0.009480 P(make_diamond_sword)
0.000000 P(make_iron_armour)
0.000000 P(make_diamond_armour)
0.001660 P(enter_gnomish_mines)
0.575880 P(enter_dungeon)
0.000000 P(enter_sewers)
0.000000 P(enter_vault)
0.000000 P(enter_troll_mines)
0.000000 P(enter_fire_realm)
0.000000 P(enter_ice_realm)
0.000000 P(enter_graveyard)
0.000020 P(defeat_gnome_warrior)
0.000050 P(defeat_gnome_archer)
0.450360 P(defeat_orc_solider)
0.343680 P(defeat_orc_mage)
0.000000 P(defeat_lizard)
0.000000 P(defeat_kobold)
0.000000 P(defeat_troll)
0.000000 P(defeat_deep_thing)
0.000000 P(defeat_pigman)
0.000000 P(defeat_fire_elemental)
0.000000 P(defeat_frost_troll)
0.000000 P(defeat_ice_elemental)
0.000000 P(damage_necromancer)
0.000000 P(defeat_necromancer)
0.000890 P(eat_bat)
0.481950 P(eat_snail)
0.551850 P(find_bow)
0.339390 P(fire_bow)
0.067230 P(collect_sapphire)
0.000000 P(learn_fireball)
0.000000 P(cast_fireball)
0.000000 P(learn_iceball)
0.000000 P(cast_iceball)
0.066470 P(collect_ruby)
0.008950 P(make_diamond_pickaxe)
0.551850 P(open_chest)
0.000000 P(drink_potion)
0.000000 P(enchant_sword)
0.000000 P(enchant_armour)
0.000000 P(defeat_knight)
0.000000 P(defeat_archer)

models/e32_s10.sav
1291.150424 elapsed
100009.000000 reward/count
0.116108 reward/mean
0.038080 reward/std
0.261504 reward/max
461.103431 depth/mean
396.318965 depth/std
0.961557 P(open_chest|enter_dungeon)
0.841385 P(eat_snail|enter_dungeon)
0.764616 P(defeat_orc_soldier|enter_dungeon)
0.572385 P(defeat_orc_mage|enter_dungeon)
0.001954 P(enter_gnomish_mines|enter_dungeon)
0.581147 P(eat_bat|enter_gnomish_mines)
0.692249 P(defeat_gnome_warrior|enter_gnomish_mines)
0.273481 P(defeat_gnome_archer|enter_gnomish_mines)
0.995660 P(collect_wood)
0.979142 P(place_table)
0.684188 P(eat_cow)
0.897649 P(collect_sapling)
0.771091 P(collect_drink)
0.947505 P(make_wood_pickaxe)
0.878691 P(make_wood_sword)
0.895489 P(place_plant)
0.474557 P(defeat_zombie)
0.929626 P(collect_stone)
0.886410 P(place_stone)
0.049946 P(eat_plant)
0.457349 P(defeat_skeleton)
0.648032 P(make_stone_pickaxe)
0.815667 P(make_stone_sword)
0.392635 P(wake_up)
0.881031 P(place_furnace)
0.761351 P(collect_coal)
0.504225 P(collect_iron)
0.081183 P(collect_diamond)
0.027578 P(make_iron_pickaxe)
0.029137 P(make_iron_sword)
0.701287 P(make_arrow)
0.857783 P(make_torch)
0.834315 P(place_torch)
0.009909 P(make_diamond_sword)
0.000000 P(make_iron_armour)
0.000000 P(make_diamond_armour)
0.001170 P(enter_gnomish_mines)
0.598756 P(enter_dungeon)
0.000000 P(enter_sewers)
0.000000 P(enter_vault)
0.000000 P(enter_troll_mines)
0.000000 P(enter_fire_realm)
0.000000 P(enter_ice_realm)
0.000000 P(enter_graveyard)
0.000810 P(defeat_gnome_warrior)
0.000320 P(defeat_gnome_archer)
0.457819 P(defeat_orc_solider)
0.342719 P(defeat_orc_mage)
0.000000 P(defeat_lizard)
0.000000 P(defeat_kobold)
0.000000 P(defeat_troll)
0.000000 P(defeat_deep_thing)
0.000000 P(defeat_pigman)
0.000000 P(defeat_fire_elemental)
0.000000 P(defeat_frost_troll)
0.000000 P(defeat_ice_elemental)
0.000000 P(damage_necromancer)
0.000000 P(defeat_necromancer)
0.000680 P(eat_bat)
0.503785 P(eat_snail)
0.575738 P(find_bow)
0.334470 P(fire_bow)
0.067254 P(collect_sapphire)
0.000000 P(learn_fireball)
0.000000 P(cast_fireball)
0.000000 P(learn_iceball)
0.000000 P(cast_iceball)
0.068744 P(collect_ruby)
0.009309 P(make_diamond_pickaxe)
0.575738 P(open_chest)
0.000000 P(drink_potion)
0.000000 P(enchant_sword)
0.000000 P(enchant_armour)
0.000000 P(defeat_knight)
0.000000 P(defeat_archer)

models/e32_s11.sav
1158.206198 elapsed
100001.000000 reward/count
0.118112 reward/mean
0.038298 reward/std
0.248230 reward/max
415.328767 depth/mean
344.797669 depth/std
0.965706 P(open_chest|enter_dungeon)
0.825887 P(eat_snail|enter_dungeon)
0.782607 P(defeat_orc_soldier|enter_dungeon)
0.589984 P(defeat_orc_mage|enter_dungeon)
0.001498 P(enter_gnomish_mines|enter_dungeon)
0.561735 P(eat_bat|enter_gnomish_mines)
0.629143 P(defeat_gnome_warrior|enter_gnomish_mines)
0.359510 P(defeat_gnome_archer|enter_gnomish_mines)
0.994810 P(collect_wood)
0.975350 P(place_table)
0.633524 P(eat_cow)
0.904851 P(collect_sapling)
0.749303 P(collect_drink)
0.951960 P(make_wood_pickaxe)
0.890941 P(make_wood_sword)
0.903101 P(place_plant)
0.469395 P(defeat_zombie)
0.936361 P(collect_stone)
0.892031 P(place_stone)
0.034800 P(eat_plant)
0.443936 P(defeat_skeleton)
0.668313 P(make_stone_pickaxe)
0.854101 P(make_stone_sword)
0.328617 P(wake_up)
0.881671 P(place_furnace)
0.768892 P(collect_coal)
0.546965 P(collect_iron)
0.087759 P(collect_diamond)
0.131929 P(make_iron_pickaxe)
0.212128 P(make_iron_sword)
0.757072 P(make_arrow)
0.851851 P(make_torch)
0.837882 P(place_torch)
0.010020 P(make_diamond_sword)
0.000070 P(make_iron_armour)
0.000000 P(make_diamond_armour)
0.000890 P(enter_gnomish_mines)
0.594264 P(enter_dungeon)
0.000000 P(enter_sewers)
0.000000 P(enter_vault)
0.000000 P(enter_troll_mines)
0.000000 P(enter_fire_realm)
0.000000 P(enter_ice_realm)
0.000000 P(enter_graveyard)
0.000560 P(defeat_gnome_warrior)
0.000320 P(defeat_gnome_archer)
0.465075 P(defeat_orc_solider)
0.350606 P(defeat_orc_mage)
0.000000 P(defeat_lizard)
0.000000 P(defeat_kobold)
0.000000 P(defeat_troll)
0.000000 P(defeat_deep_thing)
0.000000 P(defeat_pigman)
0.000000 P(defeat_fire_elemental)
0.000000 P(defeat_frost_troll)
0.000000 P(defeat_ice_elemental)
0.000000 P(damage_necromancer)
0.000000 P(defeat_necromancer)
0.000500 P(eat_bat)
0.490795 P(eat_snail)
0.573884 P(find_bow)
0.368416 P(fire_bow)
0.073109 P(collect_sapphire)
0.000000 P(learn_fireball)
0.000000 P(cast_fireball)
0.000000 P(learn_iceball)
0.000000 P(cast_iceball)
0.074479 P(collect_ruby)
0.010320 P(make_diamond_pickaxe)
0.573884 P(open_chest)
0.000000 P(drink_potion)
0.000000 P(enchant_sword)
0.000000 P(enchant_armour)
0.000000 P(defeat_knight)
0.000000 P(defeat_archer)

models/e32_s12.sav
1354.126620 elapsed
100000.000000 reward/count
0.119484 reward/mean
0.038834 reward/std
0.252655 reward/max
483.458130 depth/mean
477.627986 depth/std
0.963932 P(open_chest|enter_dungeon)
0.852168 P(eat_snail|enter_dungeon)
0.807769 P(defeat_orc_soldier|enter_dungeon)
0.590827 P(defeat_orc_mage|enter_dungeon)
0.002145 P(enter_gnomish_mines|enter_dungeon)
0.627858 P(eat_bat|enter_gnomish_mines)
0.666615 P(defeat_gnome_warrior|enter_gnomish_mines)
0.356562 P(defeat_gnome_archer|enter_gnomish_mines)
0.996260 P(collect_wood)
0.977090 P(place_table)
0.668800 P(eat_cow)
0.905520 P(collect_sapling)
0.733690 P(collect_drink)
0.958620 P(make_wood_pickaxe)
0.904050 P(make_wood_sword)
0.904160 P(place_plant)
0.482900 P(defeat_zombie)
0.942530 P(collect_stone)
0.898570 P(place_stone)
0.051280 P(eat_plant)
0.450050 P(defeat_skeleton)
0.690220 P(make_stone_pickaxe)
0.876650 P(make_stone_sword)
0.401580 P(wake_up)
0.890060 P(place_furnace)
0.768070 P(collect_coal)
0.511940 P(collect_iron)
0.085540 P(collect_diamond)
0.095550 P(make_iron_pickaxe)
0.145400 P(make_iron_sword)
0.747000 P(make_arrow)
0.860890 P(make_torch)
0.834210 P(place_torch)
0.010310 P(make_diamond_sword)
0.000040 P(make_iron_armour)
0.000000 P(make_diamond_armour)
0.001290 P(enter_gnomish_mines)
0.601360 P(enter_dungeon)
0.000000 P(enter_sewers)
0.000000 P(enter_vault)
0.000000 P(enter_troll_mines)
0.000000 P(enter_fire_realm)
0.000000 P(enter_ice_realm)
0.000000 P(enter_graveyard)
0.000860 P(defeat_gnome_warrior)
0.000460 P(defeat_gnome_archer)
0.485760 P(defeat_orc_solider)
0.355300 P(defeat_orc_mage)
0.000000 P(defeat_lizard)
0.000000 P(defeat_kobold)
0.000000 P(defeat_troll)
0.000000 P(defeat_deep_thing)
0.000000 P(defeat_pigman)
0.000000 P(defeat_fire_elemental)
0.000000 P(defeat_frost_troll)
0.000000 P(defeat_ice_elemental)
0.000000 P(damage_necromancer)
0.000000 P(defeat_necromancer)
0.000810 P(eat_bat)
0.512460 P(eat_snail)
0.579670 P(find_bow)
0.373270 P(fire_bow)
0.073240 P(collect_sapphire)
0.000000 P(learn_fireball)
0.000000 P(cast_fireball)
0.000000 P(learn_iceball)
0.000000 P(cast_iceball)
0.073150 P(collect_ruby)
0.009410 P(make_diamond_pickaxe)
0.579670 P(open_chest)
0.000000 P(drink_potion)
0.000000 P(enchant_sword)
0.000000 P(enchant_armour)
0.000000 P(defeat_knight)
0.000000 P(defeat_archer)

models/e32_s13.sav
1324.900685 elapsed
100003.000000 reward/count
0.117997 reward/mean
0.038840 reward/std
0.252655 reward/max
475.924532 depth/mean
407.650301 depth/std
0.961820 P(open_chest|enter_dungeon)
0.868450 P(eat_snail|enter_dungeon)
0.802370 P(defeat_orc_soldier|enter_dungeon)
0.601512 P(defeat_orc_mage|enter_dungeon)
0.003230 P(enter_gnomish_mines|enter_dungeon)
0.560180 P(eat_bat|enter_gnomish_mines)
0.643945 P(defeat_gnome_warrior|enter_gnomish_mines)
0.319355 P(defeat_gnome_archer|enter_gnomish_mines)
0.996670 P(collect_wood)
0.979051 P(place_table)
0.690169 P(eat_cow)
0.877964 P(collect_sapling)
0.802796 P(collect_drink)
0.959381 P(make_wood_pickaxe)
0.921082 P(make_wood_sword)
0.876434 P(place_plant)
0.483895 P(defeat_zombie)
0.944182 P(collect_stone)
0.897673 P(place_stone)
0.049129 P(eat_plant)
0.464106 P(defeat_skeleton)
0.691169 P(make_stone_pickaxe)
0.864244 P(make_stone_sword)
0.396818 P(wake_up)
0.894633 P(place_furnace)
0.764727 P(collect_coal)
0.499755 P(collect_iron)
0.084167 P(collect_diamond)
0.029439 P(make_iron_pickaxe)
0.028559 P(make_iron_sword)
0.741168 P(make_arrow)
0.867254 P(make_torch)
0.851484 P(place_torch)
0.009700 P(make_diamond_sword)
0.000000 P(make_iron_armour)
0.000000 P(make_diamond_armour)
0.001910 P(enter_gnomish_mines)
0.591392 P(enter_dungeon)
0.000000 P(enter_sewers)
0.000000 P(enter_vault)
0.000000 P(enter_troll_mines)
0.000000 P(enter_fire_realm)
0.000000 P(enter_ice_realm)
0.000000 P(enter_graveyard)
0.001230 P(defeat_gnome_warrior)
0.000610 P(defeat_gnome_archer)
0.474516 P(defeat_orc_solider)
0.355729 P(defeat_orc_mage)
0.000000 P(defeat_lizard)
0.000000 P(defeat_kobold)
0.000000 P(defeat_troll)
0.000000 P(defeat_deep_thing)
0.000000 P(defeat_pigman)
0.000000 P(defeat_fire_elemental)
0.000000 P(defeat_frost_troll)
0.000000 P(defeat_ice_elemental)
0.000000 P(damage_necromancer)
0.000000 P(defeat_necromancer)
0.001070 P(eat_bat)
0.513595 P(eat_snail)
0.568813 P(find_bow)
0.358439 P(fire_bow)
0.069898 P(collect_sapphire)
0.000000 P(learn_fireball)
0.000000 P(cast_fireball)
0.000000 P(learn_iceball)
0.000000 P(cast_iceball)
0.071498 P(collect_ruby)
0.009870 P(make_diamond_pickaxe)
0.568813 P(open_chest)
0.000000 P(drink_potion)
0.000000 P(enchant_sword)
0.000000 P(enchant_armour)
0.000000 P(defeat_knight)
0.000000 P(defeat_archer)

models/e32_s14.sav
1225.194432 elapsed
100003.000000 reward/count
0.119003 reward/mean
0.038262 reward/std
0.234956 reward/max
439.288961 depth/mean
361.970012 depth/std
0.961000 P(open_chest|enter_dungeon)
0.835799 P(eat_snail|enter_dungeon)
0.771984 P(defeat_orc_soldier|enter_dungeon)
0.584673 P(defeat_orc_mage|enter_dungeon)
0.001463 P(enter_gnomish_mines|enter_dungeon)
0.472476 P(eat_bat|enter_gnomish_mines)
0.494451 P(defeat_gnome_warrior|enter_gnomish_mines)
0.208768 P(defeat_gnome_archer|enter_gnomish_mines)
0.994390 P(collect_wood)
0.978351 P(place_table)
0.682260 P(eat_cow)
0.901193 P(collect_sapling)
0.781017 P(collect_drink)
0.956501 P(make_wood_pickaxe)
0.900123 P(make_wood_sword)
0.900373 P(place_plant)
0.457616 P(defeat_zombie)
0.944192 P(collect_stone)
0.886843 P(place_stone)
0.041379 P(eat_plant)
0.442567 P(defeat_skeleton)
0.643811 P(make_stone_pickaxe)
0.874614 P(make_stone_sword)
0.307721 P(wake_up)
0.885933 P(place_furnace)
0.767847 P(collect_coal)
0.505525 P(collect_iron)
0.087027 P(collect_diamond)
0.031479 P(make_iron_pickaxe)
0.030239 P(make_iron_sword)
0.753207 P(make_arrow)
0.873254 P(make_torch)
0.856924 P(place_torch)
0.010150 P(make_diamond_sword)
0.000000 P(make_iron_armour)
0.000010 P(make_diamond_armour)
0.000910 P(enter_gnomish_mines)
0.621781 P(enter_dungeon)
0.000000 P(enter_sewers)
0.000000 P(enter_vault)
0.000000 P(enter_troll_mines)
0.000000 P(enter_fire_realm)
0.000000 P(enter_ice_realm)
0.000000 P(enter_graveyard)
0.000450 P(defeat_gnome_warrior)
0.000190 P(defeat_gnome_archer)
0.480006 P(defeat_orc_solider)
0.363539 P(defeat_orc_mage)
0.000000 P(defeat_lizard)
0.000000 P(defeat_kobold)
0.000000 P(defeat_troll)
0.000000 P(defeat_deep_thing)
0.000000 P(defeat_pigman)
0.000000 P(defeat_fire_elemental)
0.000000 P(defeat_frost_troll)
0.000000 P(defeat_ice_elemental)
0.000000 P(damage_necromancer)
0.000000 P(defeat_necromancer)
0.000430 P(eat_bat)
0.519684 P(eat_snail)
0.597532 P(find_bow)
0.391148 P(fire_bow)
0.073878 P(collect_sapphire)
0.000000 P(learn_fireball)
0.000000 P(cast_fireball)
0.000000 P(learn_iceball)
0.000000 P(cast_iceball)
0.073168 P(collect_ruby)
0.010630 P(make_diamond_pickaxe)
0.597532 P(open_chest)
0.000000 P(drink_potion)
0.000000 P(enchant_sword)
0.000000 P(enchant_armour)
0.000000 P(defeat_knight)
0.000000 P(defeat_archer)

models/e32_s15.sav
1299.383543 elapsed
100003.000000 reward/count
0.119415 reward/mean
0.038769 reward/std
0.257080 reward/max
464.174295 depth/mean
409.630448 depth/std
0.964734 P(open_chest|enter_dungeon)
0.838624 P(eat_snail|enter_dungeon)
0.768225 P(defeat_orc_soldier|enter_dungeon)
0.586187 P(defeat_orc_mage|enter_dungeon)
0.003655 P(enter_gnomish_mines|enter_dungeon)
0.442902 P(eat_bat|enter_gnomish_mines)
0.630108 P(defeat_gnome_warrior|enter_gnomish_mines)
0.369846 P(defeat_gnome_archer|enter_gnomish_mines)
0.994830 P(collect_wood)
0.970341 P(place_table)
0.697689 P(eat_cow)
0.907963 P(collect_sapling)
0.736548 P(collect_drink)
0.946492 P(make_wood_pickaxe)
0.895813 P(make_wood_sword)
0.906633 P(place_plant)
0.494875 P(defeat_zombie)
0.931222 P(collect_stone)
0.893193 P(place_stone)
0.051508 P(eat_plant)
0.469776 P(defeat_skeleton)
0.690339 P(make_stone_pickaxe)
0.862374 P(make_stone_sword)
0.441637 P(wake_up)
0.872664 P(place_furnace)
0.775127 P(collect_coal)
0.572493 P(collect_iron)
0.085667 P(collect_diamond)
0.101207 P(make_iron_pickaxe)
0.255012 P(make_iron_sword)
0.732558 P(make_arrow)
0.863234 P(make_torch)
0.851154 P(place_torch)
0.009920 P(make_diamond_sword)
0.000140 P(make_iron_armour)
0.000000 P(make_diamond_armour)
0.002190 P(enter_gnomish_mines)
0.599142 P(enter_dungeon)
0.000000 P(enter_sewers)
0.000000 P(enter_vault)
0.000000 P(enter_troll_mines)
0.000000 P(enter_fire_realm)
0.000000 P(enter_ice_realm)
0.000000 P(enter_graveyard)
0.001380 P(defeat_gnome_warrior)
0.000810 P(defeat_gnome_archer)
0.460276 P(defeat_orc_solider)
0.351209 P(defeat_orc_mage)
0.000000 P(defeat_lizard)
0.000000 P(defeat_kobold)
0.000000 P(defeat_troll)
0.000000 P(defeat_deep_thing)
0.000000 P(defeat_pigman)
0.000000 P(defeat_fire_elemental)
0.000000 P(defeat_frost_troll)
0.000000 P(defeat_ice_elemental)
0.000000 P(damage_necromancer)
0.000000 P(defeat_necromancer)
0.000970 P(eat_bat)
0.502455 P(eat_snail)
0.578013 P(find_bow)
0.352809 P(fire_bow)
0.071118 P(collect_sapphire)
0.000000 P(learn_fireball)
0.000000 P(cast_fireball)
0.000000 P(learn_iceball)
0.000000 P(cast_iceball)
0.071748 P(collect_ruby)
0.009680 P(make_diamond_pickaxe)
0.578013 P(open_chest)
0.000000 P(drink_potion)
0.000000 P(enchant_sword)
0.000000 P(enchant_armour)
0.000000 P(defeat_knight)
0.000000 P(defeat_archer)

models/e32_s16.sav
1251.573261 elapsed
100004.000000 reward/count
0.120057 reward/mean
0.037916 reward/std
0.252655 reward/max
448.147094 depth/mean
381.485485 depth/std
0.963566 P(open_chest|enter_dungeon)
0.836212 P(eat_snail|enter_dungeon)
0.772477 P(defeat_orc_soldier|enter_dungeon)
0.560602 P(defeat_orc_mage|enter_dungeon)
0.001475 P(enter_gnomish_mines|enter_dungeon)
0.696551 P(eat_bat|enter_gnomish_mines)
0.674082 P(defeat_gnome_warrior|enter_gnomish_mines)
0.280867 P(defeat_gnome_archer|enter_gnomish_mines)
0.997280 P(collect_wood)
0.983201 P(place_table)
0.669673 P(eat_cow)
0.895664 P(collect_sapling)
0.779389 P(collect_drink)
0.961352 P(make_wood_pickaxe)
0.904234 P(make_wood_sword)
0.894304 P(place_plant)
0.488650 P(defeat_zombie)
0.948882 P(collect_stone)
0.912004 P(place_stone)
0.042398 P(eat_plant)
0.453882 P(defeat_skeleton)
0.698022 P(make_stone_pickaxe)
0.853736 P(make_stone_sword)
0.381885 P(wake_up)
0.909234 P(place_furnace)
0.783349 P(collect_coal)
0.588356 P(collect_iron)
0.085067 P(collect_diamond)
0.107616 P(make_iron_pickaxe)
0.270249 P(make_iron_sword)
0.752380 P(make_arrow)
0.856926 P(make_torch)
0.845886 P(place_torch)
0.009510 P(make_diamond_sword)
0.000180 P(make_iron_armour)
0.000010 P(make_diamond_armour)
0.000890 P(enter_gnomish_mines)
0.603256 P(enter_dungeon)
0.000000 P(enter_sewers)
0.000000 P(enter_vault)
0.000000 P(enter_troll_mines)
0.000000 P(enter_fire_realm)
0.000000 P(enter_ice_realm)
0.000000 P(enter_graveyard)
0.000600 P(defeat_gnome_warrior)
0.000250 P(defeat_gnome_archer)
0.466001 P(defeat_orc_solider)
0.338186 P(defeat_orc_mage)
0.000000 P(defeat_lizard)
0.000000 P(defeat_kobold)
0.000000 P(defeat_troll)
0.000000 P(defeat_deep_thing)
0.000000 P(defeat_pigman)
0.000000 P(defeat_fire_elemental)
0.000000 P(defeat_frost_troll)
0.000000 P(defeat_ice_elemental)
0.000000 P(damage_necromancer)
0.000000 P(defeat_necromancer)
0.000620 P(eat_bat)
0.504450 P(eat_snail)
0.581277 P(find_bow)
0.380105 P(fire_bow)
0.069177 P(collect_sapphire)
0.000000 P(learn_fireball)
0.000000 P(cast_fireball)
0.000000 P(learn_iceball)
0.000000 P(cast_iceball)
0.070587 P(collect_ruby)
0.009800 P(make_diamond_pickaxe)
0.581277 P(open_chest)
0.000000 P(drink_potion)
0.000000 P(enchant_sword)
0.000000 P(enchant_armour)
0.000000 P(defeat_knight)
0.000000 P(defeat_archer)

models/e32_s17.sav
1241.352577 elapsed
100005.000000 reward/count
0.123336 reward/mean
0.038991 reward/std
0.265929 reward/max
445.108735 depth/mean
353.038875 depth/std
0.963243 P(open_chest|enter_dungeon)
0.841065 P(eat_snail|enter_dungeon)
0.760729 P(defeat_orc_soldier|enter_dungeon)
0.578960 P(defeat_orc_mage|enter_dungeon)
0.002812 P(enter_gnomish_mines|enter_dungeon)
0.683023 P(eat_bat|enter_gnomish_mines)
0.650238 P(defeat_gnome_warrior|enter_gnomish_mines)
0.382493 P(defeat_gnome_archer|enter_gnomish_mines)
0.996320 P(collect_wood)
0.982181 P(place_table)
0.678496 P(eat_cow)
0.897225 P(collect_sapling)
0.802630 P(collect_drink)
0.964442 P(make_wood_pickaxe)
0.912144 P(make_wood_sword)
0.894065 P(place_plant)
0.479936 P(defeat_zombie)
0.951292 P(collect_stone)
0.908165 P(place_stone)
0.036328 P(eat_plant)
0.449898 P(defeat_skeleton)
0.712194 P(make_stone_pickaxe)
0.888456 P(make_stone_sword)
0.337993 P(wake_up)
0.898925 P(place_furnace)
0.791930 P(collect_coal)
0.531353 P(collect_iron)
0.092505 P(collect_diamond)
0.031078 P(make_iron_pickaxe)
0.031548 P(make_iron_sword)
0.779811 P(make_arrow)
0.890385 P(make_torch)
0.865997 P(place_torch)
0.010839 P(make_diamond_sword)
0.000000 P(make_iron_armour)
0.000000 P(make_diamond_armour)
0.001830 P(enter_gnomish_mines)
0.650737 P(enter_dungeon)
0.000000 P(enter_sewers)
0.000000 P(enter_vault)
0.000000 P(enter_troll_mines)
0.000000 P(enter_fire_realm)
0.000000 P(enter_ice_realm)
0.000000 P(enter_graveyard)
0.001190 P(defeat_gnome_warrior)
0.000700 P(defeat_gnome_archer)
0.495035 P(defeat_orc_solider)
0.376751 P(defeat_orc_mage)
0.000000 P(defeat_lizard)
0.000000 P(defeat_kobold)
0.000000 P(defeat_troll)
0.000000 P(defeat_deep_thing)
0.000000 P(defeat_pigman)
0.000000 P(defeat_fire_elemental)
0.000000 P(defeat_frost_troll)
0.000000 P(defeat_ice_elemental)
0.000000 P(damage_necromancer)
0.000000 P(defeat_necromancer)
0.001250 P(eat_bat)
0.547313 P(eat_snail)
0.626819 P(find_bow)
0.434008 P(fire_bow)
0.075986 P(collect_sapphire)
0.000000 P(learn_fireball)
0.000000 P(cast_fireball)
0.000000 P(learn_iceball)
0.000000 P(cast_iceball)
0.076536 P(collect_ruby)
0.010429 P(make_diamond_pickaxe)
0.626819 P(open_chest)
0.000000 P(drink_potion)
0.000000 P(enchant_sword)
0.000000 P(enchant_armour)
0.000000 P(defeat_knight)
0.000000 P(defeat_archer)

models/e32_s18.sav
1243.113350 elapsed
100009.000000 reward/count
0.115820 reward/mean
0.038164 reward/std
0.234956 reward/max
447.160656 depth/mean
380.618269 depth/std
0.958895 P(open_chest|enter_dungeon)
0.839392 P(eat_snail|enter_dungeon)
0.744272 P(defeat_orc_soldier|enter_dungeon)
0.561316 P(defeat_orc_mage|enter_dungeon)
0.001727 P(enter_gnomish_mines|enter_dungeon)
0.504901 P(eat_bat|enter_gnomish_mines)
0.079200 P(defeat_gnome_warrior|enter_gnomish_mines)
0.000000 P(defeat_gnome_archer|enter_gnomish_mines)
0.994371 P(collect_wood)
0.975782 P(place_table)
0.703877 P(eat_cow)
0.885630 P(collect_sapling)
0.755802 P(collect_drink)
0.951024 P(make_wood_pickaxe)
0.885980 P(make_wood_sword)
0.884310 P(place_plant)
0.484396 P(defeat_zombie)
0.935916 P(collect_stone)
0.890370 P(place_stone)
0.047766 P(eat_plant)
0.478697 P(defeat_skeleton)
0.680019 P(make_stone_pickaxe)
0.857153 P(make_stone_sword)
0.347189 P(wake_up)
0.886890 P(place_furnace)
0.762251 P(collect_coal)
0.538752 P(collect_iron)
0.080943 P(collect_diamond)
0.026968 P(make_iron_pickaxe)
0.027628 P(make_iron_sword)
0.729164 P(make_arrow)
0.864242 P(make_torch)
0.847174 P(place_torch)
0.009799 P(make_diamond_sword)
0.000000 P(make_iron_armour)
0.000000 P(make_diamond_armour)
0.001010 P(enter_gnomish_mines)
0.584787 P(enter_dungeon)
0.000000 P(enter_sewers)
0.000000 P(enter_vault)
0.000000 P(enter_troll_mines)
0.000000 P(enter_fire_realm)
0.000000 P(enter_ice_realm)
0.000000 P(enter_graveyard)
0.000080 P(defeat_gnome_warrior)
0.000000 P(defeat_gnome_archer)
0.435241 P(defeat_orc_solider)
0.328250 P(defeat_orc_mage)
0.000000 P(defeat_lizard)
0.000000 P(defeat_kobold)
0.000000 P(defeat_troll)
0.000000 P(defeat_deep_thing)
0.000000 P(defeat_pigman)
0.000000 P(defeat_fire_elemental)
0.000000 P(defeat_frost_troll)
0.000000 P(defeat_ice_elemental)
0.000000 P(damage_necromancer)
0.000000 P(defeat_necromancer)
0.000510 P(eat_bat)
0.490866 P(eat_snail)
0.560750 P(find_bow)
0.339799 P(fire_bow)
0.066764 P(collect_sapphire)
0.000000 P(learn_fireball)
0.000000 P(cast_fireball)
0.000000 P(learn_iceball)
0.000000 P(cast_iceball)
0.067484 P(collect_ruby)
0.009309 P(make_diamond_pickaxe)
0.560750 P(open_chest)
0.000000 P(drink_potion)
0.000000 P(enchant_sword)
0.000000 P(enchant_armour)
0.000000 P(defeat_knight)
0.000000 P(defeat_archer)

models/e32_s19.sav
1345.490261 elapsed
100009.000000 reward/count
0.118885 reward/mean
0.038896 reward/std
0.234956 reward/max
481.658031 depth/mean
440.848758 depth/std
0.961649 P(open_chest|enter_dungeon)
0.865314 P(eat_snail|enter_dungeon)
0.770348 P(defeat_orc_soldier|enter_dungeon)
0.584172 P(defeat_orc_mage|enter_dungeon)
0.001503 P(enter_gnomish_mines|enter_dungeon)
0.477725 P(eat_bat|enter_gnomish_mines)
0.011110 P(defeat_gnome_warrior|enter_gnomish_mines)
0.011110 P(defeat_gnome_archer|enter_gnomish_mines)
0.996470 P(collect_wood)
0.981172 P(place_table)
0.696257 P(eat_cow)
0.914748 P(collect_sapling)
0.774510 P(collect_drink)
0.961004 P(make_wood_pickaxe)
0.905568 P(make_wood_sword)
0.912168 P(place_plant)
0.480607 P(defeat_zombie)
0.947765 P(collect_stone)
0.909328 P(place_stone)
0.055985 P(eat_plant)
0.461948 P(defeat_skeleton)
0.713406 P(make_stone_pickaxe)
0.882431 P(make_stone_sword)
0.370297 P(wake_up)
0.898899 P(place_furnace)
0.772201 P(collect_coal)
0.516394 P(collect_iron)
0.081983 P(collect_diamond)
0.028097 P(make_iron_pickaxe)
0.028707 P(make_iron_sword)
0.767241 P(make_arrow)
0.867832 P(make_torch)
0.847354 P(place_torch)
0.009489 P(make_diamond_sword)
0.000000 P(make_iron_armour)
0.000000 P(make_diamond_armour)
0.000900 P(enter_gnomish_mines)
0.598896 P(enter_dungeon)
0.000000 P(enter_sewers)
0.000000 P(enter_vault)
0.000000 P(enter_troll_mines)
0.000000 P(enter_fire_realm)
0.000000 P(enter_ice_realm)
0.000000 P(enter_graveyard)
0.000010 P(defeat_gnome_warrior)
0.000010 P(defeat_gnome_archer)
0.461358 P(defeat_orc_solider)
0.349859 P(defeat_orc_mage)
0.000000 P(defeat_lizard)
0.000000 P(defeat_kobold)
0.000000 P(defeat_troll)
0.000000 P(defeat_deep_thing)
0.000000 P(defeat_pigman)
0.000000 P(defeat_fire_elemental)
0.000000 P(defeat_frost_troll)
0.000000 P(defeat_ice_elemental)
0.000000 P(damage_necromancer)
0.000000 P(defeat_necromancer)
0.000430 P(eat_bat)
0.518233 P(eat_snail)
0.575928 P(find_bow)
0.377956 P(fire_bow)
0.068334 P(collect_sapphire)
0.000000 P(learn_fireball)
0.000000 P(cast_fireball)
0.000000 P(learn_iceball)
0.000000 P(cast_iceball)
0.067934 P(collect_ruby)
0.009529 P(make_diamond_pickaxe)
0.575928 P(open_chest)
0.000000 P(drink_potion)
0.000000 P(enchant_sword)
0.000000 P(enchant_armour)
0.000000 P(defeat_knight)
0.000000 P(defeat_archer)

models/e32_s20.sav
1277.492119 elapsed
100002.000000 reward/count
0.115191 reward/mean
0.038970 reward/std
0.257080 reward/max
458.969151 depth/mean
378.314709 depth/std
0.961340 P(open_chest|enter_dungeon)
0.845450 P(eat_snail|enter_dungeon)
0.786085 P(defeat_orc_soldier|enter_dungeon)
0.599202 P(defeat_orc_mage|enter_dungeon)
0.003217 P(enter_gnomish_mines|enter_dungeon)
0.597732 P(eat_bat|enter_gnomish_mines)
0.642422 P(defeat_gnome_warrior|enter_gnomish_mines)
0.368694 P(defeat_gnome_archer|enter_gnomish_mines)
0.996270 P(collect_wood)
0.980870 P(place_table)
0.705326 P(eat_cow)
0.919212 P(collect_sapling)
0.770425 P(collect_drink)
0.959521 P(make_wood_pickaxe)
0.903712 P(make_wood_sword)
0.917802 P(place_plant)
0.495630 P(defeat_zombie)
0.940341 P(collect_stone)
0.900412 P(place_stone)
0.048739 P(eat_plant)
0.475590 P(defeat_skeleton)
0.673937 P(make_stone_pickaxe)
0.864623 P(make_stone_sword)
0.444391 P(wake_up)
0.898882 P(place_furnace)
0.770025 P(collect_coal)
0.517450 P(collect_iron)
0.080468 P(collect_diamond)
0.027949 P(make_iron_pickaxe)
0.027389 P(make_iron_sword)
0.730035 P(make_arrow)
0.866933 P(make_torch)
0.847373 P(place_torch)
0.009390 P(make_diamond_sword)
0.000000 P(make_iron_armour)
0.000000 P(make_diamond_armour)
0.001790 P(enter_gnomish_mines)
0.556379 P(enter_dungeon)
0.000000 P(enter_sewers)
0.000000 P(enter_vault)
0.000000 P(enter_troll_mines)
0.000000 P(enter_fire_realm)
0.000000 P(enter_ice_realm)
0.000000 P(enter_graveyard)
0.001150 P(defeat_gnome_warrior)
0.000660 P(defeat_gnome_archer)
0.437361 P(defeat_orc_solider)
0.333383 P(defeat_orc_mage)
0.000000 P(defeat_lizard)
0.000000 P(defeat_kobold)
0.000000 P(defeat_troll)
0.000000 P(defeat_deep_thing)
0.000000 P(defeat_pigman)
0.000000 P(defeat_fire_elemental)
0.000000 P(defeat_frost_troll)
0.000000 P(defeat_ice_elemental)
0.000000 P(damage_necromancer)
0.000000 P(defeat_necromancer)
0.001070 P(eat_bat)
0.470391 P(eat_snail)
0.534869 P(find_bow)
0.330593 P(fire_bow)
0.067869 P(collect_sapphire)
0.000000 P(learn_fireball)
0.000000 P(cast_fireball)
0.000000 P(learn_iceball)
0.000000 P(cast_iceball)
0.066849 P(collect_ruby)
0.009440 P(make_diamond_pickaxe)
0.534869 P(open_chest)
0.000000 P(drink_potion)
0.000000 P(enchant_sword)
0.000000 P(enchant_armour)
0.000000 P(defeat_knight)
0.000000 P(defeat_archer)

