models/kb32_rand_s1.sav
1318.248670 elapsed
100001.000000 reward/count
0.116454 reward/mean
0.039155 reward/std
0.248230 reward/max
528.067009 depth/mean
428.256744 depth/std
0.948059 P(open_chest|enter_dungeon)
0.801329 P(eat_snail|enter_dungeon)
0.671298 P(defeat_orc_soldier|enter_dungeon)
0.480082 P(defeat_orc_mage|enter_dungeon)
0.001374 P(enter_gnomish_mines|enter_dungeon)
0.164361 P(eat_bat|enter_gnomish_mines)
0.287632 P(defeat_gnome_warrior|enter_gnomish_mines)
0.068484 P(defeat_gnome_archer|enter_gnomish_mines)
0.998910 P(collect_wood)
0.991180 P(place_table)
0.823252 P(eat_cow)
0.937491 P(collect_sapling)
0.834542 P(collect_drink)
0.983260 P(make_wood_pickaxe)
0.937441 P(make_wood_sword)
0.935851 P(place_plant)
0.600574 P(defeat_zombie)
0.975540 P(collect_stone)
0.946721 P(place_stone)
0.060739 P(eat_plant)
0.561204 P(defeat_skeleton)
0.758602 P(make_stone_pickaxe)
0.914111 P(make_stone_sword)
0.593944 P(wake_up)
0.943211 P(place_furnace)
0.831312 P(collect_coal)
0.594174 P(collect_iron)
0.066779 P(collect_diamond)
0.056139 P(make_iron_pickaxe)
0.079939 P(make_iron_sword)
0.799332 P(make_arrow)
0.879081 P(make_torch)
0.863681 P(place_torch)
0.007850 P(make_diamond_sword)
0.000040 P(make_iron_armour)
0.000000 P(make_diamond_armour)
0.000730 P(enter_gnomish_mines)
0.531175 P(enter_dungeon)
0.000000 P(enter_sewers)
0.000000 P(enter_vault)
0.000000 P(enter_troll_mines)
0.000000 P(enter_fire_realm)
0.000000 P(enter_ice_realm)
0.000000 P(enter_graveyard)
0.000210 P(defeat_gnome_warrior)
0.000050 P(defeat_gnome_archer)
0.356576 P(defeat_orc_solider)
0.255007 P(defeat_orc_mage)
0.000000 P(defeat_lizard)
0.000000 P(defeat_kobold)
0.000000 P(defeat_troll)
0.000000 P(defeat_deep_thing)
0.000000 P(defeat_pigman)
0.000000 P(defeat_fire_elemental)
0.000000 P(defeat_frost_troll)
0.000000 P(defeat_ice_elemental)
0.000000 P(damage_necromancer)
0.000000 P(defeat_necromancer)
0.000120 P(eat_bat)
0.425646 P(eat_snail)
0.503585 P(find_bow)
0.362356 P(fire_bow)
0.056039 P(collect_sapphire)
0.000000 P(learn_fireball)
0.000000 P(cast_fireball)
0.000000 P(learn_iceball)
0.000000 P(cast_iceball)
0.055199 P(collect_ruby)
0.007510 P(make_diamond_pickaxe)
0.503585 P(open_chest)
0.000000 P(drink_potion)
0.000000 P(enchant_sword)
0.000000 P(enchant_armour)
0.000000 P(defeat_knight)
0.000000 P(defeat_archer)

models/kb32_rand_s2.sav
1147.068465 elapsed
100003.000000 reward/count
0.118420 reward/mean
0.038255 reward/std
0.230531 reward/max
460.882034 depth/mean
392.228434 depth/std
0.958647 P(open_chest|enter_dungeon)
0.839016 P(eat_snail|enter_dungeon)
0.773658 P(defeat_orc_soldier|enter_dungeon)
0.580518 P(defeat_orc_mage|enter_dungeon)
0.002402 P(enter_gnomish_mines|enter_dungeon)
0.249982 P(eat_bat|enter_gnomish_mines)
0.021427 P(defeat_gnome_warrior|enter_gnomish_mines)
0.014285 P(defeat_gnome_archer|enter_gnomish_mines)
0.994900 P(collect_wood)
0.981851 P(place_table)
0.704349 P(eat_cow)
0.907943 P(collect_sapling)
0.775347 P(collect_drink)
0.965801 P(make_wood_pickaxe)
0.905283 P(make_wood_sword)
0.905253 P(place_plant)
0.489425 P(defeat_zombie)
0.952641 P(collect_stone)
0.910613 P(place_stone)
0.046639 P(eat_plant)
0.476166 P(defeat_skeleton)
0.635861 P(make_stone_pickaxe)
0.876704 P(make_stone_sword)
0.400728 P(wake_up)
0.889803 P(place_furnace)
0.772877 P(collect_coal)
0.542384 P(collect_iron)
0.080178 P(collect_diamond)
0.097397 P(make_iron_pickaxe)
0.219413 P(make_iron_sword)
0.798316 P(make_arrow)
0.859174 P(make_torch)
0.832585 P(place_torch)
0.009370 P(make_diamond_sword)
0.000110 P(make_iron_armour)
0.000000 P(make_diamond_armour)
0.001400 P(enter_gnomish_mines)
0.582773 P(enter_dungeon)
0.000000 P(enter_sewers)
0.000000 P(enter_vault)
0.000000 P(enter_troll_mines)
0.000000 P(enter_fire_realm)
0.000000 P(enter_ice_realm)
0.000000 P(enter_graveyard)
0.000030 P(defeat_gnome_warrior)
0.000020 P(defeat_gnome_archer)
0.450866 P(defeat_orc_solider)
0.338310 P(defeat_orc_mage)
0.000000 P(defeat_lizard)
0.000000 P(defeat_kobold)
0.000000 P(defeat_troll)
0.000000 P(defeat_deep_thing)
0.000000 P(defeat_pigman)
0.000000 P(defeat_fire_elemental)
0.000000 P(defeat_frost_troll)
0.000000 P(defeat_ice_elemental)
0.000000 P(damage_necromancer)
0.000000 P(defeat_necromancer)
0.000350 P(eat_bat)
0.488955 P(eat_snail)
0.558673 P(find_bow)
0.376809 P(fire_bow)
0.067388 P(collect_sapphire)
0.000000 P(learn_fireball)
0.000000 P(cast_fireball)
0.000000 P(learn_iceball)
0.000000 P(cast_iceball)
0.067678 P(collect_ruby)
0.009850 P(make_diamond_pickaxe)
0.558673 P(open_chest)
0.000000 P(drink_potion)
0.000000 P(enchant_sword)
0.000000 P(enchant_armour)
0.000000 P(defeat_knight)
0.000000 P(defeat_archer)

models/kb32_rand_s3.sav
1150.812683 elapsed
100000.000000 reward/count
0.114969 reward/mean
0.038266 reward/std
0.230531 reward/max
461.209080 depth/mean
376.055519 depth/std
0.960053 P(open_chest|enter_dungeon)
0.828496 P(eat_snail|enter_dungeon)
0.767927 P(defeat_orc_soldier|enter_dungeon)
0.545129 P(defeat_orc_mage|enter_dungeon)
0.001792 P(enter_gnomish_mines|enter_dungeon)
0.156847 P(eat_bat|enter_gnomish_mines)
0.019606 P(defeat_gnome_warrior|enter_gnomish_mines)
0.009803 P(defeat_gnome_archer|enter_gnomish_mines)
0.993950 P(collect_wood)
0.977060 P(place_table)
0.712530 P(eat_cow)
0.905820 P(collect_sapling)
0.785420 P(collect_drink)
0.956400 P(make_wood_pickaxe)
0.873550 P(make_wood_sword)
0.902580 P(place_plant)
0.498350 P(defeat_zombie)
0.943990 P(collect_stone)
0.908740 P(place_stone)
0.043300 P(eat_plant)
0.488270 P(defeat_skeleton)
0.660560 P(make_stone_pickaxe)
0.852740 P(make_stone_sword)
0.548370 P(wake_up)
0.897900 P(place_furnace)
0.762500 P(collect_coal)
0.498440 P(collect_iron)
0.080530 P(collect_diamond)
0.027680 P(make_iron_pickaxe)
0.028070 P(make_iron_sword)
0.711390 P(make_arrow)
0.858490 P(make_torch)
0.833540 P(place_torch)
0.009460 P(make_diamond_sword)
0.000000 P(make_iron_armour)
0.000000 P(make_diamond_armour)
0.001020 P(enter_gnomish_mines)
0.569260 P(enter_dungeon)
0.000000 P(enter_sewers)
0.000000 P(enter_vault)
0.000000 P(enter_troll_mines)
0.000000 P(enter_fire_realm)
0.000000 P(enter_ice_realm)
0.000000 P(enter_graveyard)
0.000020 P(defeat_gnome_warrior)
0.000010 P(defeat_gnome_archer)
0.437150 P(defeat_orc_solider)
0.310320 P(defeat_orc_mage)
0.000000 P(defeat_lizard)
0.000000 P(defeat_kobold)
0.000000 P(defeat_troll)
0.000000 P(defeat_deep_thing)
0.000000 P(defeat_pigman)
0.000000 P(defeat_fire_elemental)
0.000000 P(defeat_frost_troll)
0.000000 P(defeat_ice_elemental)
0.000000 P(damage_necromancer)
0.000000 P(defeat_necromancer)
0.000160 P(eat_bat)
0.471630 P(eat_snail)
0.546520 P(find_bow)
0.316500 P(fire_bow)
0.067580 P(collect_sapphire)
0.000000 P(learn_fireball)
0.000000 P(cast_fireball)
0.000000 P(learn_iceball)
0.000000 P(cast_iceball)
0.066690 P(collect_ruby)
0.009000 P(make_diamond_pickaxe)
0.546520 P(open_chest)
0.000000 P(drink_potion)
0.000000 P(enchant_sword)
0.000000 P(enchant_armour)
0.000000 P(defeat_knight)
0.000000 P(defeat_archer)

models/kb32_rand_s4.sav
1138.824557 elapsed
100005.000000 reward/count
0.116733 reward/mean
0.038357 reward/std
0.252655 reward/max
457.003700 depth/mean
376.210762 depth/std
0.957409 P(open_chest|enter_dungeon)
0.833528 P(eat_snail|enter_dungeon)
0.767143 P(defeat_orc_soldier|enter_dungeon)
0.571830 P(defeat_orc_mage|enter_dungeon)
0.002877 P(enter_gnomish_mines|enter_dungeon)
0.604754 P(eat_bat|enter_gnomish_mines)
0.532902 P(defeat_gnome_warrior|enter_gnomish_mines)
0.149692 P(defeat_gnome_archer|enter_gnomish_mines)
0.996290 P(collect_wood)
0.982941 P(place_table)
0.715534 P(eat_cow)
0.918984 P(collect_sapling)
0.762062 P(collect_drink)
0.964992 P(make_wood_pickaxe)
0.904485 P(make_wood_sword)
0.916164 P(place_plant)
0.497345 P(defeat_zombie)
0.953922 P(collect_stone)
0.906075 P(place_stone)
0.044628 P(eat_plant)
0.472616 P(defeat_skeleton)
0.685436 P(make_stone_pickaxe)
0.883516 P(make_stone_sword)
0.430208 P(wake_up)
0.901325 P(place_furnace)
0.772491 P(collect_coal)
0.519824 P(collect_iron)
0.081256 P(collect_diamond)
0.028039 P(make_iron_pickaxe)
0.026979 P(make_iron_sword)
0.742293 P(make_arrow)
0.872986 P(make_torch)
0.845108 P(place_torch)
0.008800 P(make_diamond_sword)
0.000000 P(make_iron_armour)
0.000010 P(make_diamond_armour)
0.001670 P(enter_gnomish_mines)
0.580371 P(enter_dungeon)
0.000000 P(enter_sewers)
0.000000 P(enter_vault)
0.000000 P(enter_troll_mines)
0.000000 P(enter_fire_realm)
0.000000 P(enter_ice_realm)
0.000000 P(enter_graveyard)
0.000890 P(defeat_gnome_warrior)
0.000250 P(defeat_gnome_archer)
0.445228 P(defeat_orc_solider)
0.331873 P(defeat_orc_mage)
0.000000 P(defeat_lizard)
0.000000 P(defeat_kobold)
0.000000 P(defeat_troll)
0.000000 P(defeat_deep_thing)
0.000000 P(defeat_pigman)
0.000000 P(defeat_fire_elemental)
0.000000 P(defeat_frost_troll)
0.000000 P(defeat_ice_elemental)
0.000000 P(damage_necromancer)
0.000000 P(defeat_necromancer)
0.001010 P(eat_bat)
0.483756 P(eat_snail)
0.555652 P(find_bow)
0.343903 P(fire_bow)
0.067687 P(collect_sapphire)
0.000000 P(learn_fireball)
0.000000 P(cast_fireball)
0.000000 P(learn_iceball)
0.000000 P(cast_iceball)
0.066307 P(collect_ruby)
0.009320 P(make_diamond_pickaxe)
0.555652 P(open_chest)
0.000000 P(drink_potion)
0.000000 P(enchant_sword)
0.000000 P(enchant_armour)
0.000000 P(defeat_knight)
0.000000 P(defeat_archer)

models/kb32_rand_s5.sav
1157.254375 elapsed
100001.000000 reward/count
0.118096 reward/mean
0.037771 reward/std
0.261504 reward/max
465.564054 depth/mean
396.972473 depth/std
0.958522 P(open_chest|enter_dungeon)
0.820334 P(eat_snail|enter_dungeon)
0.759811 P(defeat_orc_soldier|enter_dungeon)
0.555480 P(defeat_orc_mage|enter_dungeon)
0.003868 P(enter_gnomish_mines|enter_dungeon)
0.623905 P(eat_bat|enter_gnomish_mines)
0.615358 P(defeat_gnome_warrior|enter_gnomish_mines)
0.329046 P(defeat_gnome_archer|enter_gnomish_mines)
0.996110 P(collect_wood)
0.978370 P(place_table)
0.695483 P(eat_cow)
0.888911 P(collect_sapling)
0.762382 P(collect_drink)
0.955910 P(make_wood_pickaxe)
0.881801 P(make_wood_sword)
0.886451 P(place_plant)
0.484475 P(defeat_zombie)
0.939161 P(collect_stone)
0.896181 P(place_stone)
0.046970 P(eat_plant)
0.455875 P(defeat_skeleton)
0.674103 P(make_stone_pickaxe)
0.842622 P(make_stone_sword)
0.378936 P(wake_up)
0.886641 P(place_furnace)
0.761262 P(collect_coal)
0.562704 P(collect_iron)
0.081629 P(collect_diamond)
0.111469 P(make_iron_pickaxe)
0.254207 P(make_iron_sword)
0.708123 P(make_arrow)
0.854001 P(make_torch)
0.826032 P(place_torch)
0.009940 P(make_diamond_sword)
0.000120 P(make_iron_armour)
0.000000 P(make_diamond_armour)
0.002340 P(enter_gnomish_mines)
0.604894 P(enter_dungeon)
0.000000 P(enter_sewers)
0.000000 P(enter_vault)
0.000000 P(enter_troll_mines)
0.000000 P(enter_fire_realm)
0.000000 P(enter_ice_realm)
0.000000 P(enter_graveyard)
0.001440 P(defeat_gnome_warrior)
0.000770 P(defeat_gnome_archer)
0.459605 P(defeat_orc_solider)
0.336007 P(defeat_orc_mage)
0.000000 P(defeat_lizard)
0.000000 P(defeat_kobold)
0.000000 P(defeat_troll)
0.000000 P(defeat_deep_thing)
0.000000 P(defeat_pigman)
0.000000 P(defeat_fire_elemental)
0.000000 P(defeat_frost_troll)
0.000000 P(defeat_ice_elemental)
0.000000 P(damage_necromancer)
0.000000 P(defeat_necromancer)
0.001460 P(eat_bat)
0.496215 P(eat_snail)
0.579804 P(find_bow)
0.338277 P(fire_bow)
0.068829 P(collect_sapphire)
0.000000 P(learn_fireball)
0.000000 P(cast_fireball)
0.000000 P(learn_iceball)
0.000000 P(cast_iceball)
0.068999 P(collect_ruby)
0.009260 P(make_diamond_pickaxe)
0.579804 P(open_chest)
0.000000 P(drink_potion)
0.000000 P(enchant_sword)
0.000000 P(enchant_armour)
0.000000 P(defeat_knight)
0.000000 P(defeat_archer)

models/kb32_rand_s6.sav
1101.729336 elapsed
100002.000000 reward/count
0.118306 reward/mean
0.037540 reward/std
0.265929 reward/max
441.995400 depth/mean
386.815019 depth/std
0.964668 P(open_chest|enter_dungeon)
0.830122 P(eat_snail|enter_dungeon)
0.775891 P(defeat_orc_soldier|enter_dungeon)
0.580497 P(defeat_orc_mage|enter_dungeon)
0.002867 P(enter_gnomish_mines|enter_dungeon)
0.412767 P(eat_bat|enter_gnomish_mines)
0.418580 P(defeat_gnome_warrior|enter_gnomish_mines)
0.191849 P(defeat_gnome_archer|enter_gnomish_mines)
0.993880 P(collect_wood)
0.973841 P(place_table)
0.668697 P(eat_cow)
0.913622 P(collect_sapling)
0.766255 P(collect_drink)
0.958411 P(make_wood_pickaxe)
0.886282 P(make_wood_sword)
0.907652 P(place_plant)
0.477030 P(defeat_zombie)
0.945461 P(collect_stone)
0.894032 P(place_stone)
0.044199 P(eat_plant)
0.444121 P(defeat_skeleton)
0.685646 P(make_stone_pickaxe)
0.867623 P(make_stone_sword)
0.384302 P(wake_up)
0.900762 P(place_furnace)
0.777804 P(collect_coal)
0.560449 P(collect_iron)
0.086258 P(collect_diamond)
0.117328 P(make_iron_pickaxe)
0.208876 P(make_iron_sword)
0.694446 P(make_arrow)
0.864393 P(make_torch)
0.836193 P(place_torch)
0.009490 P(make_diamond_sword)
0.000360 P(make_iron_armour)
0.000000 P(make_diamond_armour)
0.001720 P(enter_gnomish_mines)
0.600008 P(enter_dungeon)
0.000000 P(enter_sewers)
0.000000 P(enter_vault)
0.000000 P(enter_troll_mines)
0.000000 P(enter_fire_realm)
0.000000 P(enter_ice_realm)
0.000000 P(enter_graveyard)
0.000720 P(defeat_gnome_warrior)
0.000330 P(defeat_gnome_archer)
0.465541 P(defeat_orc_solider)
0.348303 P(defeat_orc_mage)
0.000000 P(defeat_lizard)
0.000000 P(defeat_kobold)
0.000000 P(defeat_troll)
0.000000 P(defeat_deep_thing)
0.000000 P(defeat_pigman)
0.000000 P(defeat_fire_elemental)
0.000000 P(defeat_frost_troll)
0.000000 P(defeat_ice_elemental)
0.000000 P(damage_necromancer)
0.000000 P(defeat_necromancer)
0.000710 P(eat_bat)
0.498080 P(eat_snail)
0.578808 P(find_bow)
0.320394 P(fire_bow)
0.073289 P(collect_sapphire)
0.000000 P(learn_fireball)
0.000000 P(cast_fireball)
0.000000 P(learn_iceball)
0.000000 P(cast_iceball)
0.071949 P(collect_ruby)
0.009410 P(make_diamond_pickaxe)
0.578808 P(open_chest)
0.000000 P(drink_potion)
0.000000 P(enchant_sword)
0.000000 P(enchant_armour)
0.000000 P(defeat_knight)
0.000000 P(defeat_archer)

models/kb32_rand_s7.sav
1117.703646 elapsed
100004.000000 reward/count
0.114855 reward/mean
0.037644 reward/std
0.257080 reward/max
448.279599 depth/mean
378.616958 depth/std
0.957501 P(open_chest|enter_dungeon)
0.841122 P(eat_snail|enter_dungeon)
0.767120 P(defeat_orc_soldier|enter_dungeon)
0.578237 P(defeat_orc_mage|enter_dungeon)
0.003746 P(enter_gnomish_mines|enter_dungeon)
0.539510 P(eat_bat|enter_gnomish_mines)
0.604623 P(defeat_gnome_warrior|enter_gnomish_mines)
0.297661 P(defeat_gnome_archer|enter_gnomish_mines)
0.995460 P(collect_wood)
0.979301 P(place_table)
0.680693 P(eat_cow)
0.890154 P(collect_sapling)
0.765889 P(collect_drink)
0.961622 P(make_wood_pickaxe)
0.895364 P(make_wood_sword)
0.887534 P(place_plant)
0.480611 P(defeat_zombie)
0.948112 P(collect_stone)
0.904404 P(place_stone)
0.039238 P(eat_plant)
0.446892 P(defeat_skeleton)
0.663313 P(make_stone_pickaxe)
0.869405 P(make_stone_sword)
0.399894 P(wake_up)
0.879675 P(place_furnace)
0.761180 P(collect_coal)
0.541558 P(collect_iron)
0.083057 P(collect_diamond)
0.028399 P(make_iron_pickaxe)
0.028129 P(make_iron_sword)
0.722931 P(make_arrow)
0.861706 P(make_torch)
0.844386 P(place_torch)
0.009590 P(make_diamond_sword)
0.000000 P(make_iron_armour)
0.000000 P(make_diamond_armour)
0.002150 P(enter_gnomish_mines)
0.573877 P(enter_dungeon)
0.000000 P(enter_sewers)
0.000000 P(enter_vault)
0.000000 P(enter_troll_mines)
0.000000 P(enter_fire_realm)
0.000000 P(enter_ice_realm)
0.000000 P(enter_graveyard)
0.001300 P(defeat_gnome_warrior)
0.000640 P(defeat_gnome_archer)
0.440232 P(defeat_orc_solider)
0.331837 P(defeat_orc_mage)
0.000000 P(defeat_lizard)
0.000000 P(defeat_kobold)
0.000000 P(defeat_troll)
0.000000 P(defeat_deep_thing)
0.000000 P(defeat_pigman)
0.000000 P(defeat_fire_elemental)
0.000000 P(defeat_frost_troll)
0.000000 P(defeat_ice_elemental)
0.000000 P(damage_necromancer)
0.000000 P(defeat_necromancer)
0.001160 P(eat_bat)
0.482701 P(eat_snail)
0.549488 P(find_bow)
0.314557 P(fire_bow)
0.066877 P(collect_sapphire)
0.000000 P(learn_fireball)
0.000000 P(cast_fireball)
0.000000 P(learn_iceball)
0.000000 P(cast_iceball)
0.068307 P(collect_ruby)
0.009690 P(make_diamond_pickaxe)
0.549488 P(open_chest)
0.000000 P(drink_potion)
0.000000 P(enchant_sword)
0.000000 P(enchant_armour)
0.000000 P(defeat_knight)
0.000000 P(defeat_archer)

models/kb32_rand_s8.sav
1174.146867 elapsed
100007.000000 reward/count
0.116579 reward/mean
0.038305 reward/std
0.292478 reward/max
470.351825 depth/mean
433.268952 depth/std
0.962405 P(open_chest|enter_dungeon)
0.839518 P(eat_snail|enter_dungeon)
0.789676 P(defeat_orc_soldier|enter_dungeon)
0.598670 P(defeat_orc_mage|enter_dungeon)
0.002195 P(enter_gnomish_mines|enter_dungeon)
0.534310 P(eat_bat|enter_gnomish_mines)
0.618273 P(defeat_gnome_warrior|enter_gnomish_mines)
0.290054 P(defeat_gnome_archer|enter_gnomish_mines)
0.996410 P(collect_wood)
0.974932 P(place_table)
0.679422 P(eat_cow)
0.900737 P(collect_sapling)
0.750797 P(collect_drink)
0.952593 P(make_wood_pickaxe)
0.891758 P(make_wood_sword)
0.898617 P(place_plant)
0.470547 P(defeat_zombie)
0.936304 P(collect_stone)
0.889668 P(place_stone)
0.050236 P(eat_plant)
0.455918 P(defeat_skeleton)
0.644805 P(make_stone_pickaxe)
0.859250 P(make_stone_sword)
0.421251 P(wake_up)
0.889568 P(place_furnace)
0.763547 P(collect_coal)
0.517924 P(collect_iron)
0.087094 P(collect_diamond)
0.029258 P(make_iron_pickaxe)
0.029708 P(make_iron_sword)
0.677713 P(make_arrow)
0.862120 P(make_torch)
0.844051 P(place_torch)
0.009969 P(make_diamond_sword)
0.000000 P(make_iron_armour)
0.000000 P(make_diamond_armour)
0.001310 P(enter_gnomish_mines)
0.596848 P(enter_dungeon)
0.000000 P(enter_sewers)
0.000000 P(enter_vault)
0.000000 P(enter_troll_mines)
0.000000 P(enter_fire_realm)
0.000000 P(enter_ice_realm)
0.000000 P(enter_graveyard)
0.000810 P(defeat_gnome_warrior)
0.000380 P(defeat_gnome_archer)
0.471317 P(defeat_orc_solider)
0.357315 P(defeat_orc_mage)
0.000000 P(defeat_lizard)
0.000000 P(defeat_kobold)
0.000000 P(defeat_troll)
0.000000 P(defeat_deep_thing)
0.000000 P(defeat_pigman)
0.000000 P(defeat_fire_elemental)
0.000000 P(defeat_frost_troll)
0.000000 P(defeat_ice_elemental)
0.000000 P(damage_necromancer)
0.000000 P(defeat_necromancer)
0.000700 P(eat_bat)
0.501065 P(eat_snail)
0.574410 P(find_bow)
0.320358 P(fire_bow)
0.071055 P(collect_sapphire)
0.000000 P(learn_fireball)
0.000000 P(cast_fireball)
0.000000 P(learn_iceball)
0.000000 P(cast_iceball)
0.071245 P(collect_ruby)
0.009479 P(make_diamond_pickaxe)
0.574410 P(open_chest)
0.000000 P(drink_potion)
0.000000 P(enchant_sword)
0.000000 P(enchant_armour)
0.000000 P(defeat_knight)
0.000000 P(defeat_archer)

models/kb32_rand_s9.sav
1116.762556 elapsed
100003.000000 reward/count
0.114564 reward/mean
0.038185 reward/std
0.234956 reward/max
447.995710 depth/mean
360.956470 depth/std
0.958866 P(open_chest|enter_dungeon)
0.838424 P(eat_snail|enter_dungeon)
0.760719 P(defeat_orc_soldier|enter_dungeon)
0.570218 P(defeat_orc_mage|enter_dungeon)
0.002854 P(enter_gnomish_mines|enter_dungeon)
0.425900 P(eat_bat|enter_gnomish_mines)
0.006172 P(defeat_gnome_warrior|enter_gnomish_mines)
0.006172 P(defeat_gnome_archer|enter_gnomish_mines)
0.997020 P(collect_wood)
0.977711 P(place_table)
0.692329 P(eat_cow)
0.896283 P(collect_sapling)
0.768827 P(collect_drink)
0.956611 P(make_wood_pickaxe)
0.885603 P(make_wood_sword)
0.893383 P(place_plant)
0.488945 P(defeat_zombie)
0.944692 P(collect_stone)
0.903483 P(place_stone)
0.042479 P(eat_plant)
0.460246 P(defeat_skeleton)
0.655820 P(make_stone_pickaxe)
0.865284 P(make_stone_sword)
0.479636 P(wake_up)
0.899813 P(place_furnace)
0.763507 P(collect_coal)
0.523244 P(collect_iron)
0.080108 P(collect_diamond)
0.027789 P(make_iron_pickaxe)
0.027999 P(make_iron_sword)
0.704469 P(make_arrow)
0.859754 P(make_torch)
0.827265 P(place_torch)
0.009490 P(make_diamond_sword)
0.000000 P(make_iron_armour)
0.000000 P(make_diamond_armour)
0.001620 P(enter_gnomish_mines)
0.567643 P(enter_dungeon)
0.000000 P(enter_sewers)
0.000000 P(enter_vault)
0.000000 P(enter_troll_mines)
0.000000 P(enter_fire_realm)
0.000000 P(enter_ice_realm)
0.000000 P(enter_graveyard)
0.000010 P(defeat_gnome_warrior)
0.000010 P(defeat_gnome_archer)
0.431817 P(defeat_orc_solider)
0.323680 P(defeat_orc_mage)
0.000000 P(defeat_lizard)
0.000000 P(defeat_kobold)
0.000000 P(defeat_troll)
0.000000 P(defeat_deep_thing)
0.000000 P(defeat_pigman)
0.000000 P(defeat_fire_elemental)
0.000000 P(defeat_frost_troll)
0.000000 P(defeat_ice_elemental)
0.000000 P(damage_necromancer)
0.000000 P(defeat_necromancer)
0.000690 P(eat_bat)
0.475926 P(eat_snail)
0.544294 P(find_bow)
0.317590 P(fire_bow)
0.065958 P(collect_sapphire)
0.000000 P(learn_fireball)
0.000000 P(cast_fireball)
0.000000 P(learn_iceball)
0.000000 P(cast_iceball)
0.066418 P(collect_ruby)
0.009210 P(make_diamond_pickaxe)
0.544294 P(open_chest)
0.000000 P(drink_potion)
0.000000 P(enchant_sword)
0.000000 P(enchant_armour)
0.000000 P(defeat_knight)
0.000000 P(defeat_archer)

models/kb32_rand_s10.sav
1096.572001 elapsed
100000.000000 reward/count
0.113064 reward/mean
0.038112 reward/std
0.265929 reward/max
440.507050 depth/mean
360.169345 depth/std
0.957355 P(open_chest|enter_dungeon)
0.820400 P(eat_snail|enter_dungeon)
0.770136 P(defeat_orc_soldier|enter_dungeon)
0.566114 P(defeat_orc_mage|enter_dungeon)
0.003414 P(enter_gnomish_mines|enter_dungeon)
0.557865 P(eat_bat|enter_gnomish_mines)
0.621020 P(defeat_gnome_warrior|enter_gnomish_mines)
0.363139 P(defeat_gnome_archer|enter_gnomish_mines)
0.994360 P(collect_wood)
0.972140 P(place_table)
0.682510 P(eat_cow)
0.904540 P(collect_sapling)
0.777830 P(collect_drink)
0.951410 P(make_wood_pickaxe)
0.881900 P(make_wood_sword)
0.900140 P(place_plant)
0.485920 P(defeat_zombie)
0.936200 P(collect_stone)
0.894510 P(place_stone)
0.038280 P(eat_plant)
0.456990 P(defeat_skeleton)
0.677210 P(make_stone_pickaxe)
0.856550 P(make_stone_sword)
0.431820 P(wake_up)
0.893220 P(place_furnace)
0.746040 P(collect_coal)
0.495150 P(collect_iron)
0.077950 P(collect_diamond)
0.026860 P(make_iron_pickaxe)
0.026850 P(make_iron_sword)
0.727700 P(make_arrow)
0.849670 P(make_torch)
0.822990 P(place_torch)
0.009420 P(make_diamond_sword)
0.000000 P(make_iron_armour)
0.000000 P(make_diamond_armour)
0.001900 P(enter_gnomish_mines)
0.556460 P(enter_dungeon)
0.000000 P(enter_sewers)
0.000000 P(enter_vault)
0.000000 P(enter_troll_mines)
0.000000 P(enter_fire_realm)
0.000000 P(enter_ice_realm)
0.000000 P(enter_graveyard)
0.001180 P(defeat_gnome_warrior)
0.000690 P(defeat_gnome_archer)
0.428550 P(defeat_orc_solider)
0.315020 P(defeat_orc_mage)
0.000000 P(defeat_lizard)
0.000000 P(defeat_kobold)
0.000000 P(defeat_troll)
0.000000 P(defeat_deep_thing)
0.000000 P(defeat_pigman)
0.000000 P(defeat_fire_elemental)
0.000000 P(defeat_frost_troll)
0.000000 P(defeat_ice_elemental)
0.000000 P(damage_necromancer)
0.000000 P(defeat_necromancer)
0.001060 P(eat_bat)
0.456520 P(eat_snail)
0.532730 P(find_bow)
0.303710 P(fire_bow)
0.066320 P(collect_sapphire)
0.000000 P(learn_fireball)
0.000000 P(cast_fireball)
0.000000 P(learn_iceball)
0.000000 P(cast_iceball)
0.066250 P(collect_ruby)
0.008860 P(make_diamond_pickaxe)
0.532730 P(open_chest)
0.000000 P(drink_potion)
0.000000 P(enchant_sword)
0.000000 P(enchant_armour)
0.000000 P(defeat_knight)
0.000000 P(defeat_archer)

models/kb32_rand_s11.sav
1113.165851 elapsed
100000.000000 reward/count
0.117611 reward/mean
0.037995 reward/std
0.265929 reward/max
446.053380 depth/mean
363.207486 depth/std
0.961955 P(open_chest|enter_dungeon)
0.839214 P(eat_snail|enter_dungeon)
0.775260 P(defeat_orc_soldier|enter_dungeon)
0.590938 P(defeat_orc_mage|enter_dungeon)
0.004313 P(enter_gnomish_mines|enter_dungeon)
0.546537 P(eat_bat|enter_gnomish_mines)
0.680134 P(defeat_gnome_warrior|enter_gnomish_mines)
0.331970 P(defeat_gnome_archer|enter_gnomish_mines)
0.996940 P(collect_wood)
0.982190 P(place_table)
0.698890 P(eat_cow)
0.902630 P(collect_sapling)
0.776890 P(collect_drink)
0.963680 P(make_wood_pickaxe)
0.910820 P(make_wood_sword)
0.898340 P(place_plant)
0.492930 P(defeat_zombie)
0.950840 P(collect_stone)
0.902630 P(place_stone)
0.035560 P(eat_plant)
0.459070 P(defeat_skeleton)
0.698190 P(make_stone_pickaxe)
0.886410 P(make_stone_sword)
0.381780 P(wake_up)
0.896240 P(place_furnace)
0.784780 P(collect_coal)
0.573170 P(collect_iron)
0.078920 P(collect_diamond)
0.157110 P(make_iron_pickaxe)
0.162520 P(make_iron_sword)
0.765380 P(make_arrow)
0.861850 P(make_torch)
0.832530 P(place_torch)
0.009410 P(make_diamond_sword)
0.000030 P(make_iron_armour)
0.000000 P(make_diamond_armour)
0.002470 P(enter_gnomish_mines)
0.572750 P(enter_dungeon)
0.000000 P(enter_sewers)
0.000000 P(enter_vault)
0.000000 P(enter_troll_mines)
0.000000 P(enter_fire_realm)
0.000000 P(enter_ice_realm)
0.000000 P(enter_graveyard)
0.001680 P(defeat_gnome_warrior)
0.000820 P(defeat_gnome_archer)
0.444030 P(defeat_orc_solider)
0.338460 P(defeat_orc_mage)
0.000000 P(defeat_lizard)
0.000000 P(defeat_kobold)
0.000000 P(defeat_troll)
0.000000 P(defeat_deep_thing)
0.000000 P(defeat_pigman)
0.000000 P(defeat_fire_elemental)
0.000000 P(defeat_frost_troll)
0.000000 P(defeat_ice_elemental)
0.000000 P(damage_necromancer)
0.000000 P(defeat_necromancer)
0.001350 P(eat_bat)
0.480660 P(eat_snail)
0.550960 P(find_bow)
0.346060 P(fire_bow)
0.068290 P(collect_sapphire)
0.000000 P(learn_fireball)
0.000000 P(cast_fireball)
0.000000 P(learn_iceball)
0.000000 P(cast_iceball)
0.067000 P(collect_ruby)
0.009430 P(make_diamond_pickaxe)
0.550960 P(open_chest)
0.000000 P(drink_potion)
0.000000 P(enchant_sword)
0.000000 P(enchant_armour)
0.000000 P(defeat_knight)
0.000000 P(defeat_archer)

models/kb32_rand_s12.sav
1190.681326 elapsed
100005.000000 reward/count
0.116554 reward/mean
0.038173 reward/std
0.279204 reward/max
477.016399 depth/mean
438.959046 depth/std
0.959147 P(open_chest|enter_dungeon)
0.840836 P(eat_snail|enter_dungeon)
0.784203 P(defeat_orc_soldier|enter_dungeon)
0.575915 P(defeat_orc_mage|enter_dungeon)
0.003884 P(enter_gnomish_mines|enter_dungeon)
0.566939 P(eat_bat|enter_gnomish_mines)
0.616044 P(defeat_gnome_warrior|enter_gnomish_mines)
0.263381 P(defeat_gnome_archer|enter_gnomish_mines)
0.996620 P(collect_wood)
0.978081 P(place_table)
0.685886 P(eat_cow)
0.897975 P(collect_sapling)
0.756852 P(collect_drink)
0.957862 P(make_wood_pickaxe)
0.895235 P(make_wood_sword)
0.896195 P(place_plant)
0.487186 P(defeat_zombie)
0.941673 P(collect_stone)
0.898255 P(place_stone)
0.046088 P(eat_plant)
0.436498 P(defeat_skeleton)
0.665377 P(make_stone_pickaxe)
0.859207 P(make_stone_sword)
0.419809 P(wake_up)
0.902565 P(place_furnace)
0.766492 P(collect_coal)
0.550882 P(collect_iron)
0.082466 P(collect_diamond)
0.087456 P(make_iron_pickaxe)
0.216799 P(make_iron_sword)
0.725684 P(make_arrow)
0.852827 P(make_torch)
0.824259 P(place_torch)
0.009300 P(make_diamond_sword)
0.000080 P(make_iron_armour)
0.000000 P(make_diamond_armour)
0.002240 P(enter_gnomish_mines)
0.576671 P(enter_dungeon)
0.000010 P(enter_sewers)
0.000000 P(enter_vault)
0.000000 P(enter_troll_mines)
0.000000 P(enter_fire_realm)
0.000000 P(enter_ice_realm)
0.000000 P(enter_graveyard)
0.001380 P(defeat_gnome_warrior)
0.000590 P(defeat_gnome_archer)
0.452227 P(defeat_orc_solider)
0.332113 P(defeat_orc_mage)
0.000000 P(defeat_lizard)
0.000000 P(defeat_kobold)
0.000000 P(defeat_troll)
0.000000 P(defeat_deep_thing)
0.000000 P(defeat_pigman)
0.000000 P(defeat_fire_elemental)
0.000000 P(defeat_frost_troll)
0.000000 P(defeat_ice_elemental)
0.000000 P(damage_necromancer)
0.000000 P(defeat_necromancer)
0.001270 P(eat_bat)
0.484886 P(eat_snail)
0.553112 P(find_bow)
0.331943 P(fire_bow)
0.067487 P(collect_sapphire)
0.000000 P(learn_fireball)
0.000000 P(cast_fireball)
0.000000 P(learn_iceball)
0.000000 P(cast_iceball)
0.067667 P(collect_ruby)
0.009890 P(make_diamond_pickaxe)
0.553112 P(open_chest)
0.000000 P(drink_potion)
0.000000 P(enchant_sword)
0.000000 P(enchant_armour)
0.000000 P(defeat_knight)
0.000000 P(defeat_archer)

models/kb32_rand_s13.sav
1282.949845 elapsed
100007.000000 reward/count
0.115398 reward/mean
0.039725 reward/std
0.283628 reward/max
517.435570 depth/mean
425.393038 depth/std
0.947644 P(open_chest|enter_dungeon)
0.828988 P(eat_snail|enter_dungeon)
0.728549 P(defeat_orc_soldier|enter_dungeon)
0.542806 P(defeat_orc_mage|enter_dungeon)
0.002126 P(enter_gnomish_mines|enter_dungeon)
0.369336 P(eat_bat|enter_gnomish_mines)
0.630574 P(defeat_gnome_warrior|enter_gnomish_mines)
0.378344 P(defeat_gnome_archer|enter_gnomish_mines)
0.998870 P(collect_wood)
0.993570 P(place_table)
0.800714 P(eat_cow)
0.922495 P(collect_sapling)
0.822112 P(collect_drink)
0.984291 P(make_wood_pickaxe)
0.949224 P(make_wood_sword)
0.920826 P(place_plant)
0.583419 P(defeat_zombie)
0.979081 P(collect_stone)
0.957463 P(place_stone)
0.057376 P(eat_plant)
0.537392 P(defeat_skeleton)
0.769326 P(make_stone_pickaxe)
0.936454 P(make_stone_sword)
0.388883 P(wake_up)
0.952793 P(place_furnace)
0.832642 P(collect_coal)
0.583339 P(collect_iron)
0.067705 P(collect_diamond)
0.023958 P(make_iron_pickaxe)
0.023848 P(make_iron_sword)
0.789955 P(make_arrow)
0.889128 P(make_torch)
0.870859 P(place_torch)
0.007919 P(make_diamond_sword)
0.000000 P(make_iron_armour)
0.000000 P(make_diamond_armour)
0.001110 P(enter_gnomish_mines)
0.521973 P(enter_dungeon)
0.000010 P(enter_sewers)
0.000000 P(enter_vault)
0.000000 P(enter_troll_mines)
0.000000 P(enter_fire_realm)
0.000000 P(enter_ice_realm)
0.000000 P(enter_graveyard)
0.000700 P(defeat_gnome_warrior)
0.000420 P(defeat_gnome_archer)
0.380283 P(defeat_orc_solider)
0.283330 P(defeat_orc_mage)
0.000000 P(defeat_lizard)
0.000000 P(defeat_kobold)
0.000000 P(defeat_troll)
0.000000 P(defeat_deep_thing)
0.000000 P(defeat_pigman)
0.000000 P(defeat_fire_elemental)
0.000000 P(defeat_frost_troll)
0.000000 P(defeat_ice_elemental)
0.000000 P(damage_necromancer)
0.000000 P(defeat_necromancer)
0.000410 P(eat_bat)
0.432710 P(eat_snail)
0.494645 P(find_bow)
0.345386 P(fire_bow)
0.058396 P(collect_sapphire)
0.000000 P(learn_fireball)
0.000000 P(cast_fireball)
0.000000 P(learn_iceball)
0.000000 P(cast_iceball)
0.057256 P(collect_ruby)
0.007729 P(make_diamond_pickaxe)
0.494645 P(open_chest)
0.000000 P(drink_potion)
0.000000 P(enchant_sword)
0.000000 P(enchant_armour)
0.000000 P(defeat_knight)
0.000000 P(defeat_archer)

models/kb32_rand_s14.sav
1239.640444 elapsed
100005.000000 reward/count
0.117050 reward/mean
0.039058 reward/std
0.230531 reward/max
495.327644 depth/mean
465.729713 depth/std
0.961688 P(open_chest|enter_dungeon)
0.854771 P(eat_snail|enter_dungeon)
0.777244 P(defeat_orc_soldier|enter_dungeon)
0.576846 P(defeat_orc_mage|enter_dungeon)
0.002997 P(enter_gnomish_mines|enter_dungeon)
0.062496 P(eat_bat|enter_gnomish_mines)
0.011363 P(defeat_gnome_warrior|enter_gnomish_mines)
0.011363 P(defeat_gnome_archer|enter_gnomish_mines)
0.996060 P(collect_wood)
0.981621 P(place_table)
0.701525 P(eat_cow)
0.887376 P(collect_sapling)
0.782671 P(collect_drink)
0.962692 P(make_wood_pickaxe)
0.893515 P(make_wood_sword)
0.884896 P(place_plant)
0.490325 P(defeat_zombie)
0.949693 P(collect_stone)
0.911864 P(place_stone)
0.055557 P(eat_plant)
0.467067 P(defeat_skeleton)
0.677276 P(make_stone_pickaxe)
0.867657 P(make_stone_sword)
0.419339 P(wake_up)
0.902015 P(place_furnace)
0.766742 P(collect_coal)
0.524434 P(collect_iron)
0.082566 P(collect_diamond)
0.027859 P(make_iron_pickaxe)
0.028979 P(make_iron_sword)
0.723784 P(make_arrow)
0.863037 P(make_torch)
0.837778 P(place_torch)
0.009680 P(make_diamond_sword)
0.000000 P(make_iron_armour)
0.000000 P(make_diamond_armour)
0.001760 P(enter_gnomish_mines)
0.587251 P(enter_dungeon)
0.000000 P(enter_sewers)
0.000000 P(enter_vault)
0.000000 P(enter_troll_mines)
0.000000 P(enter_fire_realm)
0.000000 P(enter_ice_realm)
0.000000 P(enter_graveyard)
0.000020 P(defeat_gnome_warrior)
0.000020 P(defeat_gnome_archer)
0.456437 P(defeat_orc_solider)
0.338753 P(defeat_orc_mage)
0.000000 P(defeat_lizard)
0.000000 P(defeat_kobold)
0.000000 P(defeat_troll)
0.000000 P(defeat_deep_thing)
0.000000 P(defeat_pigman)
0.000000 P(defeat_fire_elemental)
0.000000 P(defeat_frost_troll)
0.000000 P(defeat_ice_elemental)
0.000000 P(damage_necromancer)
0.000000 P(defeat_necromancer)
0.000110 P(eat_bat)
0.501965 P(eat_snail)
0.564752 P(find_bow)
0.347843 P(fire_bow)
0.069837 P(collect_sapphire)
0.000000 P(learn_fireball)
0.000000 P(cast_fireball)
0.000000 P(learn_iceball)
0.000000 P(cast_iceball)
0.070866 P(collect_ruby)
0.009230 P(make_diamond_pickaxe)
0.564752 P(open_chest)
0.000000 P(drink_potion)
0.000000 P(enchant_sword)
0.000000 P(enchant_armour)
0.000000 P(defeat_knight)
0.000000 P(defeat_archer)

models/kb32_rand_s15.sav
1153.220704 elapsed
100006.000000 reward/count
0.116724 reward/mean
0.038402 reward/std
0.239381 reward/max
464.380427 depth/mean
388.569572 depth/std
0.957834 P(open_chest|enter_dungeon)
0.841987 P(eat_snail|enter_dungeon)
0.779185 P(defeat_orc_soldier|enter_dungeon)
0.588118 P(defeat_orc_mage|enter_dungeon)
0.003952 P(enter_gnomish_mines|enter_dungeon)
0.561922 P(eat_bat|enter_gnomish_mines)
0.026547 P(defeat_gnome_warrior|enter_gnomish_mines)
0.022123 P(defeat_gnome_archer|enter_gnomish_mines)
0.996850 P(collect_wood)
0.978711 P(place_table)
0.705358 P(eat_cow)
0.917135 P(collect_sapling)
0.804272 P(collect_drink)
0.959252 P(make_wood_pickaxe)
0.903646 P(make_wood_sword)
0.912005 P(place_plant)
0.494070 P(defeat_zombie)
0.947583 P(collect_stone)
0.903406 P(place_stone)
0.048017 P(eat_plant)
0.485251 P(defeat_skeleton)
0.697408 P(make_stone_pickaxe)
0.883757 P(make_stone_sword)
0.506330 P(wake_up)
0.892366 P(place_furnace)
0.773084 P(collect_coal)
0.539438 P(collect_iron)
0.079395 P(collect_diamond)
0.028548 P(make_iron_pickaxe)
0.027638 P(make_iron_sword)
0.741076 P(make_arrow)
0.863878 P(make_torch)
0.827450 P(place_torch)
0.009329 P(make_diamond_sword)
0.000000 P(make_iron_armour)
0.000000 P(make_diamond_armour)
0.002260 P(enter_gnomish_mines)
0.571756 P(enter_dungeon)
0.000000 P(enter_sewers)
0.000000 P(enter_vault)
0.000000 P(enter_troll_mines)
0.000000 P(enter_fire_realm)
0.000000 P(enter_ice_realm)
0.000000 P(enter_graveyard)
0.000060 P(defeat_gnome_warrior)
0.000050 P(defeat_gnome_archer)
0.445503 P(defeat_orc_solider)
0.336260 P(defeat_orc_mage)
0.000000 P(defeat_lizard)
0.000000 P(defeat_kobold)
0.000000 P(defeat_troll)
0.000000 P(defeat_deep_thing)
0.000000 P(defeat_pigman)
0.000000 P(defeat_fire_elemental)
0.000000 P(defeat_frost_troll)
0.000000 P(defeat_ice_elemental)
0.000000 P(damage_necromancer)
0.000000 P(defeat_necromancer)
0.001270 P(eat_bat)
0.481411 P(eat_snail)
0.547647 P(find_bow)
0.332820 P(fire_bow)
0.066356 P(collect_sapphire)
0.000000 P(learn_fireball)
0.000000 P(cast_fireball)
0.000000 P(learn_iceball)
0.000000 P(cast_iceball)
0.065466 P(collect_ruby)
0.009669 P(make_diamond_pickaxe)
0.547647 P(open_chest)
0.000000 P(drink_potion)
0.000000 P(enchant_sword)
0.000000 P(enchant_armour)
0.000000 P(defeat_knight)
0.000000 P(defeat_archer)

models/kb32_rand_s16.sav
1205.592981 elapsed
100001.000000 reward/count
0.118630 reward/mean
0.039452 reward/std
0.234956 reward/max
486.550574 depth/mean
379.991503 depth/std
0.945763 P(open_chest|enter_dungeon)
0.818725 P(eat_snail|enter_dungeon)
0.737568 P(defeat_orc_soldier|enter_dungeon)
0.538593 P(defeat_orc_mage|enter_dungeon)
0.001876 P(enter_gnomish_mines|enter_dungeon)
0.374964 P(eat_bat|enter_gnomish_mines)
0.355735 P(defeat_gnome_warrior|enter_gnomish_mines)
0.192289 P(defeat_gnome_archer|enter_gnomish_mines)
0.998530 P(collect_wood)
0.988490 P(place_table)
0.779582 P(eat_cow)
0.855981 P(collect_sapling)
0.821022 P(collect_drink)
0.977190 P(make_wood_pickaxe)
0.938631 P(make_wood_sword)
0.853901 P(place_plant)
0.562004 P(defeat_zombie)
0.969250 P(collect_stone)
0.940641 P(place_stone)
0.045940 P(eat_plant)
0.520925 P(defeat_skeleton)
0.761542 P(make_stone_pickaxe)
0.910861 P(make_stone_sword)
0.525035 P(wake_up)
0.936261 P(place_furnace)
0.829882 P(collect_coal)
0.591504 P(collect_iron)
0.072939 P(collect_diamond)
0.112259 P(make_iron_pickaxe)
0.267897 P(make_iron_sword)
0.793552 P(make_arrow)
0.877711 P(make_torch)
0.862131 P(place_torch)
0.008340 P(make_diamond_sword)
0.000090 P(make_iron_armour)
0.000000 P(make_diamond_armour)
0.001040 P(enter_gnomish_mines)
0.554234 P(enter_dungeon)
0.000000 P(enter_sewers)
0.000000 P(enter_vault)
0.000000 P(enter_troll_mines)
0.000000 P(enter_fire_realm)
0.000000 P(enter_ice_realm)
0.000000 P(enter_graveyard)
0.000370 P(defeat_gnome_warrior)
0.000200 P(defeat_gnome_archer)
0.408786 P(defeat_orc_solider)
0.298507 P(defeat_orc_mage)
0.000000 P(defeat_lizard)
0.000000 P(defeat_kobold)
0.000000 P(defeat_troll)
0.000000 P(defeat_deep_thing)
0.000000 P(defeat_pigman)
0.000000 P(defeat_fire_elemental)
0.000000 P(defeat_frost_troll)
0.000000 P(defeat_ice_elemental)
0.000000 P(damage_necromancer)
0.000000 P(defeat_necromancer)
0.000390 P(eat_bat)
0.453765 P(eat_snail)
0.524175 P(find_bow)
0.375256 P(fire_bow)
0.060879 P(collect_sapphire)
0.000000 P(learn_fireball)
0.000000 P(cast_fireball)
0.000000 P(learn_iceball)
0.000000 P(cast_iceball)
0.062339 P(collect_ruby)
0.008200 P(make_diamond_pickaxe)
0.524175 P(open_chest)
0.000000 P(drink_potion)
0.000000 P(enchant_sword)
0.000000 P(enchant_armour)
0.000000 P(defeat_knight)
0.000000 P(defeat_archer)

models/kb32_rand_s17.sav
1154.927680 elapsed
100007.000000 reward/count
0.119297 reward/mean
0.038264 reward/std
0.226106 reward/max
463.042887 depth/mean
401.975436 depth/std
0.961877 P(open_chest|enter_dungeon)
0.846842 P(eat_snail|enter_dungeon)
0.758853 P(defeat_orc_soldier|enter_dungeon)
0.581061 P(defeat_orc_mage|enter_dungeon)
0.003876 P(enter_gnomish_mines|enter_dungeon)
0.369083 P(eat_bat|enter_gnomish_mines)
0.021458 P(defeat_gnome_warrior|enter_gnomish_mines)
0.008583 P(defeat_gnome_archer|enter_gnomish_mines)
0.996690 P(collect_wood)
0.977802 P(place_table)
0.689922 P(eat_cow)
0.913816 P(collect_sapling)
0.799664 P(collect_drink)
0.955603 P(make_wood_pickaxe)
0.890938 P(make_wood_sword)
0.911146 P(place_plant)
0.487916 P(defeat_zombie)
0.941844 P(collect_stone)
0.888398 P(place_stone)
0.047917 P(eat_plant)
0.456708 P(defeat_skeleton)
0.663954 P(make_stone_pickaxe)
0.865679 P(make_stone_sword)
0.443119 P(wake_up)
0.904757 P(place_furnace)
0.767386 P(collect_coal)
0.553701 P(collect_iron)
0.085784 P(collect_diamond)
0.102963 P(make_iron_pickaxe)
0.219855 P(make_iron_sword)
0.736168 P(make_arrow)
0.858630 P(make_torch)
0.839141 P(place_torch)
0.010249 P(make_diamond_sword)
0.000020 P(make_iron_armour)
0.000000 P(make_diamond_armour)
0.002330 P(enter_gnomish_mines)
0.601168 P(enter_dungeon)
0.000000 P(enter_sewers)
0.000000 P(enter_vault)
0.000000 P(enter_troll_mines)
0.000000 P(enter_fire_realm)
0.000000 P(enter_ice_realm)
0.000000 P(enter_graveyard)
0.000050 P(defeat_gnome_warrior)
0.000020 P(defeat_gnome_archer)
0.456198 P(defeat_orc_solider)
0.349316 P(defeat_orc_mage)
0.000000 P(defeat_lizard)
0.000000 P(defeat_kobold)
0.000000 P(defeat_troll)
0.000000 P(defeat_deep_thing)
0.000000 P(defeat_pigman)
0.000000 P(defeat_fire_elemental)
0.000000 P(defeat_frost_troll)
0.000000 P(defeat_ice_elemental)
0.000000 P(damage_necromancer)
0.000000 P(defeat_necromancer)
0.000860 P(eat_bat)
0.509094 P(eat_snail)
0.578250 P(find_bow)
0.349106 P(fire_bow)
0.071645 P(collect_sapphire)
0.000000 P(learn_fireball)
0.000000 P(cast_fireball)
0.000000 P(learn_iceball)
0.000000 P(cast_iceball)
0.072445 P(collect_ruby)
0.010379 P(make_diamond_pickaxe)
0.578250 P(open_chest)
0.000000 P(drink_potion)
0.000000 P(enchant_sword)
0.000000 P(enchant_armour)
0.000000 P(defeat_knight)
0.000000 P(defeat_archer)

models/kb32_rand_s18.sav
1118.437204 elapsed
100003.000000 reward/count
0.114029 reward/mean
0.038226 reward/std
0.239381 reward/max
448.940652 depth/mean
356.347959 depth/std
0.958980 P(open_chest|enter_dungeon)
0.830956 P(eat_snail|enter_dungeon)
0.776831 P(defeat_orc_soldier|enter_dungeon)
0.590748 P(defeat_orc_mage|enter_dungeon)
0.002447 P(enter_gnomish_mines|enter_dungeon)
0.096289 P(eat_bat|enter_gnomish_mines)
0.007407 P(defeat_gnome_warrior|enter_gnomish_mines)
0.007407 P(defeat_gnome_archer|enter_gnomish_mines)
0.995340 P(collect_wood)
0.977761 P(place_table)
0.682140 P(eat_cow)
0.917552 P(collect_sapling)
0.762107 P(collect_drink)
0.959071 P(make_wood_pickaxe)
0.897043 P(make_wood_sword)
0.914693 P(place_plant)
0.497875 P(defeat_zombie)
0.946012 P(collect_stone)
0.913653 P(place_stone)
0.043089 P(eat_plant)
0.472326 P(defeat_skeleton)
0.698289 P(make_stone_pickaxe)
0.875044 P(make_stone_sword)
0.475306 P(wake_up)
0.892463 P(place_furnace)
0.750097 P(collect_coal)
0.556083 P(collect_iron)
0.078218 P(collect_diamond)
0.027369 P(make_iron_pickaxe)
0.026289 P(make_iron_sword)
0.725918 P(make_arrow)
0.840915 P(make_torch)
0.813226 P(place_torch)
0.009040 P(make_diamond_sword)
0.000000 P(make_iron_armour)
0.000000 P(make_diamond_armour)
0.001350 P(enter_gnomish_mines)
0.551673 P(enter_dungeon)
0.000000 P(enter_sewers)
0.000000 P(enter_vault)
0.000000 P(enter_troll_mines)
0.000000 P(enter_fire_realm)
0.000000 P(enter_ice_realm)
0.000000 P(enter_graveyard)
0.000010 P(defeat_gnome_warrior)
0.000010 P(defeat_gnome_archer)
0.428557 P(defeat_orc_solider)
0.325900 P(defeat_orc_mage)
0.000000 P(defeat_lizard)
0.000000 P(defeat_kobold)
0.000000 P(defeat_troll)
0.000000 P(defeat_deep_thing)
0.000000 P(defeat_pigman)
0.000000 P(defeat_fire_elemental)
0.000000 P(defeat_frost_troll)
0.000000 P(defeat_ice_elemental)
0.000000 P(damage_necromancer)
0.000000 P(defeat_necromancer)
0.000130 P(eat_bat)
0.458416 P(eat_snail)
0.529044 P(find_bow)
0.307861 P(fire_bow)
0.065368 P(collect_sapphire)
0.000000 P(learn_fireball)
0.000000 P(cast_fireball)
0.000000 P(learn_iceball)
0.000000 P(cast_iceball)
0.065548 P(collect_ruby)
0.009020 P(make_diamond_pickaxe)
0.529044 P(open_chest)
0.000000 P(drink_potion)
0.000000 P(enchant_sword)
0.000000 P(enchant_armour)
0.000000 P(defeat_knight)
0.000000 P(defeat_archer)

models/kb32_rand_s19.sav
1258.050836 elapsed
100003.000000 reward/count
0.115654 reward/mean
0.038713 reward/std
0.257080 reward/max
502.927722 depth/mean
477.879800 depth/std
0.960281 P(open_chest|enter_dungeon)
0.851005 P(eat_snail|enter_dungeon)
0.780483 P(defeat_orc_soldier|enter_dungeon)
0.572678 P(defeat_orc_mage|enter_dungeon)
0.002794 P(enter_gnomish_mines|enter_dungeon)
0.111104 P(eat_bat|enter_gnomish_mines)
0.438245 P(defeat_gnome_warrior|enter_gnomish_mines)
0.086414 P(defeat_gnome_archer|enter_gnomish_mines)
0.996620 P(collect_wood)
0.980021 P(place_table)
0.704469 P(eat_cow)
0.885593 P(collect_sapling)
0.772327 P(collect_drink)
0.960281 P(make_wood_pickaxe)
0.889533 P(make_wood_sword)
0.883034 P(place_plant)
0.482146 P(defeat_zombie)
0.946802 P(collect_stone)
0.897163 P(place_stone)
0.053248 P(eat_plant)
0.457856 P(defeat_skeleton)
0.625851 P(make_stone_pickaxe)
0.864054 P(make_stone_sword)
0.544854 P(wake_up)
0.890513 P(place_furnace)
0.750527 P(collect_coal)
0.496065 P(collect_iron)
0.081798 P(collect_diamond)
0.028739 P(make_iron_pickaxe)
0.027699 P(make_iron_sword)
0.693709 P(make_arrow)
0.850294 P(make_torch)
0.819615 P(place_torch)
0.009460 P(make_diamond_sword)
0.000000 P(make_iron_armour)
0.000000 P(make_diamond_armour)
0.001620 P(enter_gnomish_mines)
0.579803 P(enter_dungeon)
0.000000 P(enter_sewers)
0.000000 P(enter_vault)
0.000000 P(enter_troll_mines)
0.000000 P(enter_fire_realm)
0.000000 P(enter_ice_realm)
0.000000 P(enter_graveyard)
0.000710 P(defeat_gnome_warrior)
0.000140 P(defeat_gnome_archer)
0.452526 P(defeat_orc_solider)
0.332040 P(defeat_orc_mage)
0.000000 P(defeat_lizard)
0.000000 P(defeat_kobold)
0.000000 P(defeat_troll)
0.000000 P(defeat_deep_thing)
0.000000 P(defeat_pigman)
0.000000 P(defeat_fire_elemental)
0.000000 P(defeat_frost_troll)
0.000000 P(defeat_ice_elemental)
0.000000 P(damage_necromancer)
0.000000 P(defeat_necromancer)
0.000180 P(eat_bat)
0.493415 P(eat_snail)
0.556773 P(find_bow)
0.327440 P(fire_bow)
0.069578 P(collect_sapphire)
0.000000 P(learn_fireball)
0.000000 P(cast_fireball)
0.000000 P(learn_iceball)
0.000000 P(cast_iceball)
0.069038 P(collect_ruby)
0.009450 P(make_diamond_pickaxe)
0.556773 P(open_chest)
0.000000 P(drink_potion)
0.000000 P(enchant_sword)
0.000000 P(enchant_armour)
0.000000 P(defeat_knight)
0.000000 P(defeat_archer)

models/kb32_rand_s20.sav
1177.403243 elapsed
100002.000000 reward/count
0.116131 reward/mean
0.038223 reward/std
0.265929 reward/max
472.455621 depth/mean
409.090974 depth/std
0.964383 P(open_chest|enter_dungeon)
0.842369 P(eat_snail|enter_dungeon)
0.761347 P(defeat_orc_soldier|enter_dungeon)
0.569490 P(defeat_orc_mage|enter_dungeon)
0.003675 P(enter_gnomish_mines|enter_dungeon)
0.598103 P(eat_bat|enter_gnomish_mines)
0.719593 P(defeat_gnome_warrior|enter_gnomish_mines)
0.420541 P(defeat_gnome_archer|enter_gnomish_mines)
0.996500 P(collect_wood)
0.974681 P(place_table)
0.698186 P(eat_cow)
0.915862 P(collect_sapling)
0.775314 P(collect_drink)
0.954751 P(make_wood_pickaxe)
0.896712 P(make_wood_sword)
0.913452 P(place_plant)
0.481990 P(defeat_zombie)
0.941821 P(collect_stone)
0.893062 P(place_stone)
0.045579 P(eat_plant)
0.468341 P(defeat_skeleton)
0.672637 P(make_stone_pickaxe)
0.871123 P(make_stone_sword)
0.433031 P(wake_up)
0.873343 P(place_furnace)
0.756825 P(collect_coal)
0.518440 P(collect_iron)
0.080808 P(collect_diamond)
0.027689 P(make_iron_pickaxe)
0.027589 P(make_iron_sword)
0.734295 P(make_arrow)
0.859343 P(make_torch)
0.836463 P(place_torch)
0.009130 P(make_diamond_sword)
0.000000 P(make_iron_armour)
0.000000 P(make_diamond_armour)
0.002140 P(enter_gnomish_mines)
0.582298 P(enter_dungeon)
0.000000 P(enter_sewers)
0.000000 P(enter_vault)
0.000000 P(enter_troll_mines)
0.000000 P(enter_fire_realm)
0.000000 P(enter_ice_realm)
0.000000 P(enter_graveyard)
0.001540 P(defeat_gnome_warrior)
0.000900 P(defeat_gnome_archer)
0.443331 P(defeat_orc_solider)
0.331613 P(defeat_orc_mage)
0.000000 P(defeat_lizard)
0.000000 P(defeat_kobold)
0.000000 P(defeat_troll)
0.000000 P(defeat_deep_thing)
0.000000 P(defeat_pigman)
0.000000 P(defeat_fire_elemental)
0.000000 P(defeat_frost_troll)
0.000000 P(defeat_ice_elemental)
0.000000 P(damage_necromancer)
0.000000 P(defeat_necromancer)
0.001280 P(eat_bat)
0.490510 P(eat_snail)
0.561559 P(find_bow)
0.335923 P(fire_bow)
0.069029 P(collect_sapphire)
0.000000 P(learn_fireball)
0.000000 P(cast_fireball)
0.000000 P(learn_iceball)
0.000000 P(cast_iceball)
0.066469 P(collect_ruby)
0.009030 P(make_diamond_pickaxe)
0.561559 P(open_chest)
0.000000 P(drink_potion)
0.000000 P(enchant_sword)
0.000000 P(enchant_armour)
0.000000 P(defeat_knight)
0.000000 P(defeat_archer)

