models/kb32_s1.sav
1187.510715 elapsed
100006.000000 reward/count
0.117156 reward/mean
0.037550 reward/std
0.252655 reward/max
418.600144 depth/mean
345.348852 depth/std
0.958910 P(open_chest|enter_dungeon)
0.829867 P(eat_snail|enter_dungeon)
0.770798 P(defeat_orc_soldier|enter_dungeon)
0.583851 P(defeat_orc_mage|enter_dungeon)
0.002330 P(enter_gnomish_mines|enter_dungeon)
0.579668 P(eat_bat|enter_gnomish_mines)
0.557931 P(defeat_gnome_warrior|enter_gnomish_mines)
0.362293 P(defeat_gnome_archer|enter_gnomish_mines)
0.995880 P(collect_wood)
0.981601 P(place_table)
0.686769 P(eat_cow)
0.885947 P(collect_sapling)
0.756805 P(collect_drink)
0.965242 P(make_wood_pickaxe)
0.889357 P(make_wood_sword)
0.882697 P(place_plant)
0.472272 P(defeat_zombie)
0.952703 P(collect_stone)
0.905676 P(place_stone)
0.035038 P(eat_plant)
0.449323 P(defeat_skeleton)
0.675339 P(make_stone_pickaxe)
0.857649 P(make_stone_sword)
0.321511 P(wake_up)
0.897466 P(place_furnace)
0.767654 P(collect_coal)
0.548367 P(collect_iron)
0.083595 P(collect_diamond)
0.092214 P(make_iron_pickaxe)
0.214787 P(make_iron_sword)
0.718497 P(make_arrow)
0.849369 P(make_torch)
0.829250 P(place_torch)
0.009249 P(make_diamond_sword)
0.000020 P(make_iron_armour)
0.000000 P(make_diamond_armour)
0.001380 P(enter_gnomish_mines)
0.592324 P(enter_dungeon)
0.000000 P(enter_sewers)
0.000000 P(enter_vault)
0.000000 P(enter_troll_mines)
0.000000 P(enter_fire_realm)
0.000000 P(enter_ice_realm)
0.000000 P(enter_graveyard)
0.000770 P(defeat_gnome_warrior)
0.000500 P(defeat_gnome_archer)
0.456563 P(defeat_orc_solider)
0.345829 P(defeat_orc_mage)
0.000000 P(defeat_lizard)
0.000000 P(defeat_kobold)
0.000000 P(defeat_troll)
0.000000 P(defeat_deep_thing)
0.000000 P(defeat_pigman)
0.000000 P(defeat_fire_elemental)
0.000000 P(defeat_frost_troll)
0.000000 P(defeat_ice_elemental)
0.000000 P(damage_necromancer)
0.000000 P(defeat_necromancer)
0.000800 P(eat_bat)
0.491551 P(eat_snail)
0.567986 P(find_bow)
0.341170 P(fire_bow)
0.070946 P(collect_sapphire)
0.000000 P(learn_fireball)
0.000000 P(cast_fireball)
0.000000 P(learn_iceball)
0.000000 P(cast_iceball)
0.070116 P(collect_ruby)
0.009909 P(make_diamond_pickaxe)
0.567986 P(open_chest)
0.000000 P(drink_potion)
0.000000 P(enchant_sword)
0.000000 P(enchant_armour)
0.000000 P(defeat_knight)
0.000000 P(defeat_archer)

models/kb32_s2.sav
1320.152344 elapsed
100001.000000 reward/count
0.116671 reward/mean
0.037916 reward/std
0.252655 reward/max
465.494485 depth/mean
387.845159 depth/std
0.960753 P(open_chest|enter_dungeon)
0.851990 P(eat_snail|enter_dungeon)
0.764164 P(defeat_orc_soldier|enter_dungeon)
0.571668 P(defeat_orc_mage|enter_dungeon)
0.003722 P(enter_gnomish_mines|enter_dungeon)
0.592389 P(eat_bat|enter_gnomish_mines)
0.635041 P(defeat_gnome_warrior|enter_gnomish_mines)
0.312781 P(defeat_gnome_archer|enter_gnomish_mines)
0.996080 P(collect_wood)
0.978820 P(place_table)
0.712463 P(eat_cow)
0.915121 P(collect_sapling)
0.778672 P(collect_drink)
0.961270 P(make_wood_pickaxe)
0.900021 P(make_wood_sword)
0.913011 P(place_plant)
0.492715 P(defeat_zombie)
0.946911 P(collect_stone)
0.907041 P(place_stone)
0.047250 P(eat_plant)
0.465395 P(defeat_skeleton)
0.648774 P(make_stone_pickaxe)
0.878421 P(make_stone_sword)
0.516825 P(wake_up)
0.900921 P(place_furnace)
0.772642 P(collect_coal)
0.543975 P(collect_iron)
0.079529 P(collect_diamond)
0.107719 P(make_iron_pickaxe)
0.142109 P(make_iron_sword)
0.727313 P(make_arrow)
0.864581 P(make_torch)
0.850641 P(place_torch)
0.008230 P(make_diamond_sword)
0.000020 P(make_iron_armour)
0.000000 P(make_diamond_armour)
0.002110 P(enter_gnomish_mines)
0.566914 P(enter_dungeon)
0.000000 P(enter_sewers)
0.000000 P(enter_vault)
0.000000 P(enter_troll_mines)
0.000000 P(enter_fire_realm)
0.000000 P(enter_ice_realm)
0.000000 P(enter_graveyard)
0.001340 P(defeat_gnome_warrior)
0.000660 P(defeat_gnome_archer)
0.433216 P(defeat_orc_solider)
0.324087 P(defeat_orc_mage)
0.000000 P(defeat_lizard)
0.000000 P(defeat_kobold)
0.000000 P(defeat_troll)
0.000000 P(defeat_deep_thing)
0.000000 P(defeat_pigman)
0.000000 P(defeat_fire_elemental)
0.000000 P(defeat_frost_troll)
0.000000 P(defeat_ice_elemental)
0.000000 P(damage_necromancer)
0.000000 P(defeat_necromancer)
0.001250 P(eat_bat)
0.483005 P(eat_snail)
0.544665 P(find_bow)
0.327587 P(fire_bow)
0.067189 P(collect_sapphire)
0.000000 P(learn_fireball)
0.000000 P(cast_fireball)
0.000000 P(learn_iceball)
0.000000 P(cast_iceball)
0.065199 P(collect_ruby)
0.009160 P(make_diamond_pickaxe)
0.544665 P(open_chest)
0.000000 P(drink_potion)
0.000000 P(enchant_sword)
0.000000 P(enchant_armour)
0.000000 P(defeat_knight)
0.000000 P(defeat_archer)

models/kb32_s3.sav
1357.504380 elapsed
100013.000000 reward/count
0.120327 reward/mean
0.039045 reward/std
0.265929 reward/max
476.245598 depth/mean
412.175167 depth/std
0.967717 P(open_chest|enter_dungeon)
0.850530 P(eat_snail|enter_dungeon)
0.790957 P(defeat_orc_soldier|enter_dungeon)
0.617765 P(defeat_orc_mage|enter_dungeon)
0.005864 P(enter_gnomish_mines|enter_dungeon)
0.651410 P(eat_bat|enter_gnomish_mines)
0.691409 P(defeat_gnome_warrior|enter_gnomish_mines)
0.394274 P(defeat_gnome_archer|enter_gnomish_mines)
0.996310 P(collect_wood)
0.978803 P(place_table)
0.685831 P(eat_cow)
0.898953 P(collect_sapling)
0.772820 P(collect_drink)
0.960855 P(make_wood_pickaxe)
0.910062 P(make_wood_sword)
0.896383 P(place_plant)
0.485877 P(defeat_zombie)
0.946057 P(collect_stone)
0.891264 P(place_stone)
0.050343 P(eat_plant)
0.467179 P(defeat_skeleton)
0.701109 P(make_stone_pickaxe)
0.882345 P(make_stone_sword)
0.480318 P(wake_up)
0.895124 P(place_furnace)
0.772090 P(collect_coal)
0.570376 P(collect_iron)
0.087519 P(collect_diamond)
0.091708 P(make_iron_pickaxe)
0.205923 P(make_iron_sword)
0.742903 P(make_arrow)
0.868057 P(make_torch)
0.834901 P(place_torch)
0.010879 P(make_diamond_sword)
0.000060 P(make_iron_armour)
0.000000 P(make_diamond_armour)
0.003500 P(enter_gnomish_mines)
0.596832 P(enter_dungeon)
0.000000 P(enter_sewers)
0.000000 P(enter_vault)
0.000000 P(enter_troll_mines)
0.000000 P(enter_fire_realm)
0.000000 P(enter_ice_realm)
0.000000 P(enter_graveyard)
0.002420 P(defeat_gnome_warrior)
0.001380 P(defeat_gnome_archer)
0.472069 P(defeat_orc_solider)
0.368702 P(defeat_orc_mage)
0.000000 P(defeat_lizard)
0.000000 P(defeat_kobold)
0.000000 P(defeat_troll)
0.000000 P(defeat_deep_thing)
0.000000 P(defeat_pigman)
0.000000 P(defeat_fire_elemental)
0.000000 P(defeat_frost_troll)
0.000000 P(defeat_ice_elemental)
0.000000 P(damage_necromancer)
0.000000 P(defeat_necromancer)
0.002280 P(eat_bat)
0.507624 P(eat_snail)
0.577565 P(find_bow)
0.364293 P(fire_bow)
0.074470 P(collect_sapphire)
0.000000 P(learn_fireball)
0.000000 P(cast_fireball)
0.000000 P(learn_iceball)
0.000000 P(cast_iceball)
0.073300 P(collect_ruby)
0.010389 P(make_diamond_pickaxe)
0.577565 P(open_chest)
0.000000 P(drink_potion)
0.000000 P(enchant_sword)
0.000000 P(enchant_armour)
0.000000 P(defeat_knight)
0.000000 P(defeat_archer)

models/kb32_s4.sav
1310.198238 elapsed
100002.000000 reward/count
0.117540 reward/mean
0.039196 reward/std
0.257080 reward/max
460.094838 depth/mean
402.032798 depth/std
0.961378 P(open_chest|enter_dungeon)
0.849394 P(eat_snail|enter_dungeon)
0.770194 P(defeat_orc_soldier|enter_dungeon)
0.588587 P(defeat_orc_mage|enter_dungeon)
0.004434 P(enter_gnomish_mines|enter_dungeon)
0.667943 P(eat_bat|enter_gnomish_mines)
0.679661 P(defeat_gnome_warrior|enter_gnomish_mines)
0.390610 P(defeat_gnome_archer|enter_gnomish_mines)
0.996590 P(collect_wood)
0.980870 P(place_table)
0.699346 P(eat_cow)
0.894112 P(collect_sapling)
0.754685 P(collect_drink)
0.960011 P(make_wood_pickaxe)
0.885402 P(make_wood_sword)
0.890922 P(place_plant)
0.484850 P(defeat_zombie)
0.949201 P(collect_stone)
0.919622 P(place_stone)
0.045539 P(eat_plant)
0.457831 P(defeat_skeleton)
0.614598 P(make_stone_pickaxe)
0.863173 P(make_stone_sword)
0.421312 P(wake_up)
0.899562 P(place_furnace)
0.763505 P(collect_coal)
0.531629 P(collect_iron)
0.080148 P(collect_diamond)
0.097678 P(make_iron_pickaxe)
0.193706 P(make_iron_sword)
0.797044 P(make_arrow)
0.845393 P(make_torch)
0.819784 P(place_torch)
0.009630 P(make_diamond_sword)
0.000050 P(make_iron_armour)
0.000000 P(make_diamond_armour)
0.002560 P(enter_gnomish_mines)
0.577388 P(enter_dungeon)
0.000010 P(enter_sewers)
0.000000 P(enter_vault)
0.000000 P(enter_troll_mines)
0.000000 P(enter_fire_realm)
0.000000 P(enter_ice_realm)
0.000000 P(enter_graveyard)
0.001740 P(defeat_gnome_warrior)
0.001000 P(defeat_gnome_archer)
0.444701 P(defeat_orc_solider)
0.339843 P(defeat_orc_mage)
0.000000 P(defeat_lizard)
0.000000 P(defeat_kobold)
0.000000 P(defeat_troll)
0.000000 P(defeat_deep_thing)
0.000000 P(defeat_pigman)
0.000000 P(defeat_fire_elemental)
0.000000 P(defeat_frost_troll)
0.000000 P(defeat_ice_elemental)
0.000000 P(damage_necromancer)
0.000000 P(defeat_necromancer)
0.001710 P(eat_bat)
0.490430 P(eat_snail)
0.555089 P(find_bow)
0.380742 P(fire_bow)
0.069559 P(collect_sapphire)
0.000000 P(learn_fireball)
0.000000 P(cast_fireball)
0.000000 P(learn_iceball)
0.000000 P(cast_iceball)
0.069239 P(collect_ruby)
0.009720 P(make_diamond_pickaxe)
0.555089 P(open_chest)
0.000000 P(drink_potion)
0.000000 P(enchant_sword)
0.000000 P(enchant_armour)
0.000000 P(defeat_knight)
0.000000 P(defeat_archer)

models/kb32_s5.sav
1236.164077 elapsed
100005.000000 reward/count
0.118278 reward/mean
0.038623 reward/std
0.270354 reward/max
435.582031 depth/mean
340.064788 depth/std
0.963530 P(open_chest|enter_dungeon)
0.848409 P(eat_snail|enter_dungeon)
0.776252 P(defeat_orc_soldier|enter_dungeon)
0.594353 P(defeat_orc_mage|enter_dungeon)
0.003168 P(enter_gnomish_mines|enter_dungeon)
0.637328 P(eat_bat|enter_gnomish_mines)
0.648316 P(defeat_gnome_warrior|enter_gnomish_mines)
0.390088 P(defeat_gnome_archer|enter_gnomish_mines)
0.995900 P(collect_wood)
0.976241 P(place_table)
0.684516 P(eat_cow)
0.887066 P(collect_sapling)
0.765942 P(collect_drink)
0.959862 P(make_wood_pickaxe)
0.912494 P(make_wood_sword)
0.883076 P(place_plant)
0.491175 P(defeat_zombie)
0.947813 P(collect_stone)
0.911204 P(place_stone)
0.040318 P(eat_plant)
0.457147 P(defeat_skeleton)
0.725924 P(make_stone_pickaxe)
0.882706 P(make_stone_sword)
0.339013 P(wake_up)
0.895805 P(place_furnace)
0.789891 P(collect_coal)
0.593830 P(collect_iron)
0.085226 P(collect_diamond)
0.101145 P(make_iron_pickaxe)
0.288086 P(make_iron_sword)
0.760002 P(make_arrow)
0.867487 P(make_torch)
0.842438 P(place_torch)
0.009860 P(make_diamond_sword)
0.000030 P(make_iron_armour)
0.000000 P(make_diamond_armour)
0.001820 P(enter_gnomish_mines)
0.574411 P(enter_dungeon)
0.000000 P(enter_sewers)
0.000000 P(enter_vault)
0.000000 P(enter_troll_mines)
0.000000 P(enter_fire_realm)
0.000000 P(enter_ice_realm)
0.000000 P(enter_graveyard)
0.001180 P(defeat_gnome_warrior)
0.000710 P(defeat_gnome_archer)
0.445888 P(defeat_orc_solider)
0.341403 P(defeat_orc_mage)
0.000000 P(defeat_lizard)
0.000000 P(defeat_kobold)
0.000000 P(defeat_troll)
0.000000 P(defeat_deep_thing)
0.000000 P(defeat_pigman)
0.000000 P(defeat_fire_elemental)
0.000000 P(defeat_frost_troll)
0.000000 P(defeat_ice_elemental)
0.000000 P(damage_necromancer)
0.000000 P(defeat_necromancer)
0.001160 P(eat_bat)
0.487336 P(eat_snail)
0.553462 P(find_bow)
0.352302 P(fire_bow)
0.072366 P(collect_sapphire)
0.000000 P(learn_fireball)
0.000000 P(cast_fireball)
0.000000 P(learn_iceball)
0.000000 P(cast_iceball)
0.071906 P(collect_ruby)
0.009650 P(make_diamond_pickaxe)
0.553462 P(open_chest)
0.000000 P(drink_potion)
0.000000 P(enchant_sword)
0.000000 P(enchant_armour)
0.000000 P(defeat_knight)
0.000000 P(defeat_archer)

models/kb32_s6.sav
1286.405439 elapsed
100002.000000 reward/count
0.117135 reward/mean
0.038208 reward/std
0.248230 reward/max
453.050629 depth/mean
372.218452 depth/std
0.961432 P(open_chest|enter_dungeon)
0.834778 P(eat_snail|enter_dungeon)
0.765464 P(defeat_orc_soldier|enter_dungeon)
0.579514 P(defeat_orc_mage|enter_dungeon)
0.003512 P(enter_gnomish_mines|enter_dungeon)
0.699473 P(eat_bat|enter_gnomish_mines)
0.714251 P(defeat_gnome_warrior|enter_gnomish_mines)
0.394069 P(defeat_gnome_archer|enter_gnomish_mines)
0.995670 P(collect_wood)
0.976200 P(place_table)
0.693776 P(eat_cow)
0.893432 P(collect_sapling)
0.772815 P(collect_drink)
0.957261 P(make_wood_pickaxe)
0.886312 P(make_wood_sword)
0.890252 P(place_plant)
0.488200 P(defeat_zombie)
0.944531 P(collect_stone)
0.905122 P(place_stone)
0.044469 P(eat_plant)
0.463931 P(defeat_skeleton)
0.689526 P(make_stone_pickaxe)
0.863003 P(make_stone_sword)
0.476280 P(wake_up)
0.896082 P(place_furnace)
0.769245 P(collect_coal)
0.563289 P(collect_iron)
0.080898 P(collect_diamond)
0.127257 P(make_iron_pickaxe)
0.201776 P(make_iron_sword)
0.709986 P(make_arrow)
0.849953 P(make_torch)
0.833553 P(place_torch)
0.009280 P(make_diamond_sword)
0.000290 P(make_iron_armour)
0.000000 P(make_diamond_armour)
0.002030 P(enter_gnomish_mines)
0.577938 P(enter_dungeon)
0.000000 P(enter_sewers)
0.000000 P(enter_vault)
0.000000 P(enter_troll_mines)
0.000000 P(enter_fire_realm)
0.000000 P(enter_ice_realm)
0.000000 P(enter_graveyard)
0.001450 P(defeat_gnome_warrior)
0.000800 P(defeat_gnome_archer)
0.442391 P(defeat_orc_solider)
0.334923 P(defeat_orc_mage)
0.000000 P(defeat_lizard)
0.000000 P(defeat_kobold)
0.000000 P(defeat_troll)
0.000000 P(defeat_deep_thing)
0.000000 P(defeat_pigman)
0.000000 P(defeat_fire_elemental)
0.000000 P(defeat_frost_troll)
0.000000 P(defeat_ice_elemental)
0.000000 P(damage_necromancer)
0.000000 P(defeat_necromancer)
0.001420 P(eat_bat)
0.482450 P(eat_snail)
0.555649 P(find_bow)
0.322924 P(fire_bow)
0.067789 P(collect_sapphire)
0.000000 P(learn_fireball)
0.000000 P(cast_fireball)
0.000000 P(learn_iceball)
0.000000 P(cast_iceball)
0.067779 P(collect_ruby)
0.008920 P(make_diamond_pickaxe)
0.555649 P(open_chest)
0.000000 P(drink_potion)
0.000000 P(enchant_sword)
0.000000 P(enchant_armour)
0.000000 P(defeat_knight)
0.000000 P(defeat_archer)

models/kb32_s7.sav
1351.353670 elapsed
100009.000000 reward/count
0.116380 reward/mean
0.038522 reward/std
0.265929 reward/max
474.638663 depth/mean
439.785629 depth/std
0.961740 P(open_chest|enter_dungeon)
0.836777 P(eat_snail|enter_dungeon)
0.779545 P(defeat_orc_soldier|enter_dungeon)
0.584654 P(defeat_orc_mage|enter_dungeon)
0.003209 P(enter_gnomish_mines|enter_dungeon)
0.608663 P(eat_bat|enter_gnomish_mines)
0.614097 P(defeat_gnome_warrior|enter_gnomish_mines)
0.413021 P(defeat_gnome_archer|enter_gnomish_mines)
0.994031 P(collect_wood)
0.971653 P(place_table)
0.683508 P(eat_cow)
0.907348 P(collect_sapling)
0.763941 P(collect_drink)
0.952734 P(make_wood_pickaxe)
0.882681 P(make_wood_sword)
0.902649 P(place_plant)
0.492086 P(defeat_zombie)
0.940305 P(collect_stone)
0.907348 P(place_stone)
0.048076 P(eat_plant)
0.458079 P(defeat_skeleton)
0.681169 P(make_stone_pickaxe)
0.852163 P(make_stone_sword)
0.370237 P(wake_up)
0.891770 P(place_furnace)
0.762001 P(collect_coal)
0.561179 P(collect_iron)
0.079783 P(collect_diamond)
0.085732 P(make_iron_pickaxe)
0.199452 P(make_iron_sword)
0.739103 P(make_arrow)
0.849084 P(make_torch)
0.826856 P(place_torch)
0.009349 P(make_diamond_sword)
0.000030 P(make_iron_armour)
0.000000 P(make_diamond_armour)
0.001840 P(enter_gnomish_mines)
0.573398 P(enter_dungeon)
0.000000 P(enter_sewers)
0.000000 P(enter_vault)
0.000000 P(enter_troll_mines)
0.000000 P(enter_fire_realm)
0.000000 P(enter_ice_realm)
0.000000 P(enter_graveyard)
0.001130 P(defeat_gnome_warrior)
0.000760 P(defeat_gnome_archer)
0.446990 P(defeat_orc_solider)
0.335240 P(defeat_orc_mage)
0.000000 P(defeat_lizard)
0.000000 P(defeat_kobold)
0.000000 P(defeat_troll)
0.000000 P(defeat_deep_thing)
0.000000 P(defeat_pigman)
0.000000 P(defeat_fire_elemental)
0.000000 P(defeat_frost_troll)
0.000000 P(defeat_ice_elemental)
0.000000 P(damage_necromancer)
0.000000 P(defeat_necromancer)
0.001120 P(eat_bat)
0.479807 P(eat_snail)
0.551460 P(find_bow)
0.336850 P(fire_bow)
0.066764 P(collect_sapphire)
0.000000 P(learn_fireball)
0.000000 P(cast_fireball)
0.000000 P(learn_iceball)
0.000000 P(cast_iceball)
0.067394 P(collect_ruby)
0.009499 P(make_diamond_pickaxe)
0.551460 P(open_chest)
0.000000 P(drink_potion)
0.000000 P(enchant_sword)
0.000000 P(enchant_armour)
0.000000 P(defeat_knight)
0.000000 P(defeat_archer)

models/kb32_s8.sav
1249.598066 elapsed
100000.000000 reward/count
0.118191 reward/mean
0.038051 reward/std
0.274779 reward/max
438.863840 depth/mean
364.750792 depth/std
0.961788 P(open_chest|enter_dungeon)
0.848797 P(eat_snail|enter_dungeon)
0.762381 P(defeat_orc_soldier|enter_dungeon)
0.590837 P(defeat_orc_mage|enter_dungeon)
0.004184 P(enter_gnomish_mines|enter_dungeon)
0.663941 P(eat_bat|enter_gnomish_mines)
0.692280 P(defeat_gnome_warrior|enter_gnomish_mines)
0.340067 P(defeat_gnome_archer|enter_gnomish_mines)
0.996370 P(collect_wood)
0.977680 P(place_table)
0.673360 P(eat_cow)
0.894470 P(collect_sapling)
0.783940 P(collect_drink)
0.960650 P(make_wood_pickaxe)
0.901780 P(make_wood_sword)
0.887490 P(place_plant)
0.477140 P(defeat_zombie)
0.948060 P(collect_stone)
0.903970 P(place_stone)
0.034570 P(eat_plant)
0.452210 P(defeat_skeleton)
0.690520 P(make_stone_pickaxe)
0.882040 P(make_stone_sword)
0.346680 P(wake_up)
0.883060 P(place_furnace)
0.777770 P(collect_coal)
0.567150 P(collect_iron)
0.083440 P(collect_diamond)
0.107450 P(make_iron_pickaxe)
0.252440 P(make_iron_sword)
0.730730 P(make_arrow)
0.864170 P(make_torch)
0.835390 P(place_torch)
0.009410 P(make_diamond_sword)
0.000150 P(make_iron_armour)
0.000000 P(make_diamond_armour)
0.002470 P(enter_gnomish_mines)
0.590400 P(enter_dungeon)
0.000000 P(enter_sewers)
0.000000 P(enter_vault)
0.000000 P(enter_troll_mines)
0.000000 P(enter_fire_realm)
0.000000 P(enter_ice_realm)
0.000000 P(enter_graveyard)
0.001710 P(defeat_gnome_warrior)
0.000840 P(defeat_gnome_archer)
0.450110 P(defeat_orc_solider)
0.348830 P(defeat_orc_mage)
0.000000 P(defeat_lizard)
0.000000 P(defeat_kobold)
0.000000 P(defeat_troll)
0.000000 P(defeat_deep_thing)
0.000000 P(defeat_pigman)
0.000000 P(defeat_fire_elemental)
0.000000 P(defeat_frost_troll)
0.000000 P(defeat_ice_elemental)
0.000000 P(damage_necromancer)
0.000000 P(defeat_necromancer)
0.001640 P(eat_bat)
0.501130 P(eat_snail)
0.567840 P(find_bow)
0.341800 P(fire_bow)
0.068480 P(collect_sapphire)
0.000000 P(learn_fireball)
0.000000 P(cast_fireball)
0.000000 P(learn_iceball)
0.000000 P(cast_iceball)
0.069330 P(collect_ruby)
0.008900 P(make_diamond_pickaxe)
0.567840 P(open_chest)
0.000000 P(drink_potion)
0.000000 P(enchant_sword)
0.000000 P(enchant_armour)
0.000000 P(defeat_knight)
0.000000 P(defeat_archer)

models/kb32_s9.sav
1305.068119 elapsed
100005.000000 reward/count
0.116975 reward/mean
0.038431 reward/std
0.252655 reward/max
459.148243 depth/mean
387.979980 depth/std
0.960666 P(open_chest|enter_dungeon)
0.855521 P(eat_snail|enter_dungeon)
0.768495 P(defeat_orc_soldier|enter_dungeon)
0.581400 P(defeat_orc_mage|enter_dungeon)
0.003214 P(enter_gnomish_mines|enter_dungeon)
0.657860 P(eat_bat|enter_gnomish_mines)
0.621020 P(defeat_gnome_warrior|enter_gnomish_mines)
0.394716 P(defeat_gnome_archer|enter_gnomish_mines)
0.995750 P(collect_wood)
0.977991 P(place_table)
0.680006 P(eat_cow)
0.913214 P(collect_sapling)
0.786471 P(collect_drink)
0.958022 P(make_wood_pickaxe)
0.895585 P(make_wood_sword)
0.911134 P(place_plant)
0.482166 P(defeat_zombie)
0.943733 P(collect_stone)
0.895725 P(place_stone)
0.045108 P(eat_plant)
0.442638 P(defeat_skeleton)
0.654357 P(make_stone_pickaxe)
0.866677 P(make_stone_sword)
0.482236 P(wake_up)
0.888086 P(place_furnace)
0.760812 P(collect_coal)
0.517144 P(collect_iron)
0.084356 P(collect_diamond)
0.029599 P(make_iron_pickaxe)
0.029559 P(make_iron_sword)
0.718484 P(make_arrow)
0.859507 P(make_torch)
0.838398 P(place_torch)
0.009720 P(make_diamond_sword)
0.000010 P(make_iron_armour)
0.000000 P(make_diamond_armour)
0.001900 P(enter_gnomish_mines)
0.591060 P(enter_dungeon)
0.000000 P(enter_sewers)
0.000000 P(enter_vault)
0.000000 P(enter_troll_mines)
0.000000 P(enter_fire_realm)
0.000000 P(enter_ice_realm)
0.000000 P(enter_graveyard)
0.001180 P(defeat_gnome_warrior)
0.000750 P(defeat_gnome_archer)
0.454227 P(defeat_orc_solider)
0.343643 P(defeat_orc_mage)
0.000000 P(defeat_lizard)
0.000000 P(defeat_kobold)
0.000000 P(defeat_troll)
0.000000 P(defeat_deep_thing)
0.000000 P(defeat_pigman)
0.000000 P(defeat_fire_elemental)
0.000000 P(defeat_frost_troll)
0.000000 P(defeat_ice_elemental)
0.000000 P(damage_necromancer)
0.000000 P(defeat_necromancer)
0.001250 P(eat_bat)
0.505665 P(eat_snail)
0.567812 P(find_bow)
0.336013 P(fire_bow)
0.070476 P(collect_sapphire)
0.000000 P(learn_fireball)
0.000000 P(cast_fireball)
0.000000 P(learn_iceball)
0.000000 P(cast_iceball)
0.071706 P(collect_ruby)
0.009930 P(make_diamond_pickaxe)
0.567812 P(open_chest)
0.000000 P(drink_potion)
0.000000 P(enchant_sword)
0.000000 P(enchant_armour)
0.000000 P(defeat_knight)
0.000000 P(defeat_archer)

models/kb32_s10.sav
1305.713729 elapsed
100000.000000 reward/count
0.116059 reward/mean
0.038705 reward/std
0.274779 reward/max
459.587270 depth/mean
381.080858 depth/std
0.958068 P(open_chest|enter_dungeon)
0.868838 P(eat_snail|enter_dungeon)
0.773290 P(defeat_orc_soldier|enter_dungeon)
0.588602 P(defeat_orc_mage|enter_dungeon)
0.003626 P(enter_gnomish_mines|enter_dungeon)
0.628682 P(eat_bat|enter_gnomish_mines)
0.648483 P(defeat_gnome_warrior|enter_gnomish_mines)
0.356418 P(defeat_gnome_archer|enter_gnomish_mines)
0.995600 P(collect_wood)
0.979310 P(place_table)
0.716240 P(eat_cow)
0.917430 P(collect_sapling)
0.772050 P(collect_drink)
0.967620 P(make_wood_pickaxe)
0.913230 P(make_wood_sword)
0.914700 P(place_plant)
0.489850 P(defeat_zombie)
0.955140 P(collect_stone)
0.911660 P(place_stone)
0.043060 P(eat_plant)
0.468530 P(defeat_skeleton)
0.707870 P(make_stone_pickaxe)
0.897410 P(make_stone_sword)
0.474650 P(wake_up)
0.908740 P(place_furnace)
0.770100 P(collect_coal)
0.548740 P(collect_iron)
0.076200 P(collect_diamond)
0.026460 P(make_iron_pickaxe)
0.027490 P(make_iron_sword)
0.760020 P(make_arrow)
0.865990 P(make_torch)
0.847990 P(place_torch)
0.009030 P(make_diamond_sword)
0.000000 P(make_iron_armour)
0.000000 P(make_diamond_armour)
0.002020 P(enter_gnomish_mines)
0.557100 P(enter_dungeon)
0.000010 P(enter_sewers)
0.000000 P(enter_vault)
0.000000 P(enter_troll_mines)
0.000000 P(enter_fire_realm)
0.000000 P(enter_ice_realm)
0.000000 P(enter_graveyard)
0.001310 P(defeat_gnome_warrior)
0.000720 P(defeat_gnome_archer)
0.430800 P(defeat_orc_solider)
0.327910 P(defeat_orc_mage)
0.000000 P(defeat_lizard)
0.000000 P(defeat_kobold)
0.000000 P(defeat_troll)
0.000000 P(defeat_deep_thing)
0.000000 P(defeat_pigman)
0.000000 P(defeat_fire_elemental)
0.000000 P(defeat_frost_troll)
0.000000 P(defeat_ice_elemental)
0.000000 P(damage_necromancer)
0.000000 P(defeat_necromancer)
0.001270 P(eat_bat)
0.484030 P(eat_snail)
0.533740 P(find_bow)
0.337760 P(fire_bow)
0.065070 P(collect_sapphire)
0.000000 P(learn_fireball)
0.000000 P(cast_fireball)
0.000000 P(learn_iceball)
0.000000 P(cast_iceball)
0.066590 P(collect_ruby)
0.008940 P(make_diamond_pickaxe)
0.533740 P(open_chest)
0.000000 P(drink_potion)
0.000000 P(enchant_sword)
0.000000 P(enchant_armour)
0.000000 P(defeat_knight)
0.000000 P(defeat_archer)

models/kb32_s11.sav
1289.480237 elapsed
100001.000000 reward/count
0.114565 reward/mean
0.038358 reward/std
0.265929 reward/max
452.717363 depth/mean
371.778599 depth/std
0.958258 P(open_chest|enter_dungeon)
0.840171 P(eat_snail|enter_dungeon)
0.778344 P(defeat_orc_soldier|enter_dungeon)
0.597863 P(defeat_orc_mage|enter_dungeon)
0.003999 P(enter_gnomish_mines|enter_dungeon)
0.589014 P(eat_bat|enter_gnomish_mines)
0.643806 P(defeat_gnome_warrior|enter_gnomish_mines)
0.347016 P(defeat_gnome_archer|enter_gnomish_mines)
0.997320 P(collect_wood)
0.983870 P(place_table)
0.721933 P(eat_cow)
0.910311 P(collect_sapling)
0.767452 P(collect_drink)
0.968340 P(make_wood_pickaxe)
0.906961 P(make_wood_sword)
0.905671 P(place_plant)
0.488305 P(defeat_zombie)
0.957300 P(collect_stone)
0.921831 P(place_stone)
0.038850 P(eat_plant)
0.470705 P(defeat_skeleton)
0.634684 P(make_stone_pickaxe)
0.891691 P(make_stone_sword)
0.521685 P(wake_up)
0.897781 P(place_furnace)
0.769242 P(collect_coal)
0.504435 P(collect_iron)
0.078159 P(collect_diamond)
0.025840 P(make_iron_pickaxe)
0.026390 P(make_iron_sword)
0.753192 P(make_arrow)
0.861091 P(make_torch)
0.846172 P(place_torch)
0.008840 P(make_diamond_sword)
0.000000 P(make_iron_armour)
0.000000 P(make_diamond_armour)
0.002190 P(enter_gnomish_mines)
0.547645 P(enter_dungeon)
0.000010 P(enter_sewers)
0.000000 P(enter_vault)
0.000000 P(enter_troll_mines)
0.000000 P(enter_fire_realm)
0.000000 P(enter_ice_realm)
0.000000 P(enter_graveyard)
0.001410 P(defeat_gnome_warrior)
0.000760 P(defeat_gnome_archer)
0.426256 P(defeat_orc_solider)
0.327417 P(defeat_orc_mage)
0.000000 P(defeat_lizard)
0.000000 P(defeat_kobold)
0.000000 P(defeat_troll)
0.000000 P(defeat_deep_thing)
0.000000 P(defeat_pigman)
0.000000 P(defeat_fire_elemental)
0.000000 P(defeat_frost_troll)
0.000000 P(defeat_ice_elemental)
0.000000 P(damage_necromancer)
0.000000 P(defeat_necromancer)
0.001290 P(eat_bat)
0.460115 P(eat_snail)
0.524785 P(find_bow)
0.324197 P(fire_bow)
0.063739 P(collect_sapphire)
0.000000 P(learn_fireball)
0.000000 P(cast_fireball)
0.000000 P(learn_iceball)
0.000000 P(cast_iceball)
0.064449 P(collect_ruby)
0.008070 P(make_diamond_pickaxe)
0.524785 P(open_chest)
0.000000 P(drink_potion)
0.000000 P(enchant_sword)
0.000000 P(enchant_armour)
0.000000 P(defeat_knight)
0.000000 P(defeat_archer)

models/kb32_s12.sav
1364.804664 elapsed
100000.000000 reward/count
0.118868 reward/mean
0.038623 reward/std
0.270354 reward/max
479.510300 depth/mean
419.735239 depth/std
0.965207 P(open_chest|enter_dungeon)
0.848535 P(eat_snail|enter_dungeon)
0.788717 P(defeat_orc_soldier|enter_dungeon)
0.598097 P(defeat_orc_mage|enter_dungeon)
0.006046 P(enter_gnomish_mines|enter_dungeon)
0.643436 P(eat_bat|enter_gnomish_mines)
0.676861 P(defeat_gnome_warrior|enter_gnomish_mines)
0.387176 P(defeat_gnome_archer|enter_gnomish_mines)
0.996430 P(collect_wood)
0.977290 P(place_table)
0.667740 P(eat_cow)
0.898520 P(collect_sapling)
0.803190 P(collect_drink)
0.956600 P(make_wood_pickaxe)
0.893880 P(make_wood_sword)
0.894590 P(place_plant)
0.498980 P(defeat_zombie)
0.943050 P(collect_stone)
0.901030 P(place_stone)
0.051970 P(eat_plant)
0.478470 P(defeat_skeleton)
0.685110 P(make_stone_pickaxe)
0.864010 P(make_stone_sword)
0.380900 P(wake_up)
0.866390 P(place_furnace)
0.768700 P(collect_coal)
0.562750 P(collect_iron)
0.087240 P(collect_diamond)
0.099650 P(make_iron_pickaxe)
0.238540 P(make_iron_sword)
0.723420 P(make_arrow)
0.853730 P(make_torch)
0.829780 P(place_torch)
0.010350 P(make_diamond_sword)
0.000090 P(make_iron_armour)
0.000010 P(make_diamond_armour)
0.003590 P(enter_gnomish_mines)
0.593800 P(enter_dungeon)
0.000000 P(enter_sewers)
0.000000 P(enter_vault)
0.000000 P(enter_troll_mines)
0.000000 P(enter_fire_realm)
0.000000 P(enter_ice_realm)
0.000000 P(enter_graveyard)
0.002430 P(defeat_gnome_warrior)
0.001390 P(defeat_gnome_archer)
0.468340 P(defeat_orc_solider)
0.355150 P(defeat_orc_mage)
0.000000 P(defeat_lizard)
0.000000 P(defeat_kobold)
0.000000 P(defeat_troll)
0.000000 P(defeat_deep_thing)
0.000000 P(defeat_pigman)
0.000000 P(defeat_fire_elemental)
0.000000 P(defeat_frost_troll)
0.000000 P(defeat_ice_elemental)
0.000000 P(damage_necromancer)
0.000000 P(defeat_necromancer)
0.002310 P(eat_bat)
0.503860 P(eat_snail)
0.573140 P(find_bow)
0.336500 P(fire_bow)
0.073430 P(collect_sapphire)
0.000000 P(learn_fireball)
0.000000 P(cast_fireball)
0.000000 P(learn_iceball)
0.000000 P(cast_iceball)
0.073570 P(collect_ruby)
0.009770 P(make_diamond_pickaxe)
0.573140 P(open_chest)
0.000000 P(drink_potion)
0.000000 P(enchant_sword)
0.000000 P(enchant_armour)
0.000000 P(defeat_knight)
0.000000 P(defeat_archer)

models/kb32_s13.sav
1370.411839 elapsed
100005.000000 reward/count
0.117372 reward/mean
0.038404 reward/std
0.261504 reward/max
480.865677 depth/mean
437.306195 depth/std
0.962110 P(open_chest|enter_dungeon)
0.849423 P(eat_snail|enter_dungeon)
0.775708 P(defeat_orc_soldier|enter_dungeon)
0.606602 P(defeat_orc_mage|enter_dungeon)
0.002947 P(enter_gnomish_mines|enter_dungeon)
0.610135 P(eat_bat|enter_gnomish_mines)
0.666629 P(defeat_gnome_warrior|enter_gnomish_mines)
0.384159 P(defeat_gnome_archer|enter_gnomish_mines)
0.996350 P(collect_wood)
0.979301 P(place_table)
0.672166 P(eat_cow)
0.893805 P(collect_sapling)
0.792340 P(collect_drink)
0.960372 P(make_wood_pickaxe)
0.893275 P(make_wood_sword)
0.889596 P(place_plant)
0.479736 P(defeat_zombie)
0.947433 P(collect_stone)
0.903765 P(place_stone)
0.054287 P(eat_plant)
0.460237 P(defeat_skeleton)
0.666357 P(make_stone_pickaxe)
0.867107 P(make_stone_sword)
0.380961 P(wake_up)
0.886036 P(place_furnace)
0.748163 P(collect_coal)
0.524484 P(collect_iron)
0.084616 P(collect_diamond)
0.029759 P(make_iron_pickaxe)
0.029799 P(make_iron_sword)
0.720714 P(make_arrow)
0.854907 P(make_torch)
0.820399 P(place_torch)
0.009600 P(make_diamond_sword)
0.000000 P(make_iron_armour)
0.000000 P(make_diamond_armour)
0.001770 P(enter_gnomish_mines)
0.600660 P(enter_dungeon)
0.000000 P(enter_sewers)
0.000000 P(enter_vault)
0.000000 P(enter_troll_mines)
0.000000 P(enter_fire_realm)
0.000000 P(enter_ice_realm)
0.000000 P(enter_graveyard)
0.001180 P(defeat_gnome_warrior)
0.000680 P(defeat_gnome_archer)
0.465937 P(defeat_orc_solider)
0.364362 P(defeat_orc_mage)
0.000000 P(defeat_lizard)
0.000000 P(defeat_kobold)
0.000000 P(defeat_troll)
0.000000 P(defeat_deep_thing)
0.000000 P(defeat_pigman)
0.000000 P(defeat_fire_elemental)
0.000000 P(defeat_frost_troll)
0.000000 P(defeat_ice_elemental)
0.000000 P(damage_necromancer)
0.000000 P(defeat_necromancer)
0.001080 P(eat_bat)
0.510214 P(eat_snail)
0.577901 P(find_bow)
0.336213 P(fire_bow)
0.071696 P(collect_sapphire)
0.000000 P(learn_fireball)
0.000000 P(cast_fireball)
0.000000 P(learn_iceball)
0.000000 P(cast_iceball)
0.070866 P(collect_ruby)
0.009770 P(make_diamond_pickaxe)
0.577901 P(open_chest)
0.000000 P(drink_potion)
0.000000 P(enchant_sword)
0.000000 P(enchant_armour)
0.000000 P(defeat_knight)
0.000000 P(defeat_archer)

models/kb32_s14.sav
1228.020395 elapsed
100002.000000 reward/count
0.112360 reward/mean
0.037507 reward/std
0.257080 reward/max
434.245025 depth/mean
346.639556 depth/std
0.958484 P(open_chest|enter_dungeon)
0.842114 P(eat_snail|enter_dungeon)
0.764721 P(defeat_orc_soldier|enter_dungeon)
0.586512 P(defeat_orc_mage|enter_dungeon)
0.002375 P(enter_gnomish_mines|enter_dungeon)
0.610640 P(eat_bat|enter_gnomish_mines)
0.641172 P(defeat_gnome_warrior|enter_gnomish_mines)
0.358751 P(defeat_gnome_archer|enter_gnomish_mines)
0.996350 P(collect_wood)
0.979690 P(place_table)
0.696046 P(eat_cow)
0.926141 P(collect_sapling)
0.759595 P(collect_drink)
0.962391 P(make_wood_pickaxe)
0.884832 P(make_wood_sword)
0.923182 P(place_plant)
0.478120 P(defeat_zombie)
0.948911 P(collect_stone)
0.910022 P(place_stone)
0.037009 P(eat_plant)
0.459221 P(defeat_skeleton)
0.601828 P(make_stone_pickaxe)
0.856203 P(make_stone_sword)
0.423492 P(wake_up)
0.909532 P(place_furnace)
0.755265 P(collect_coal)
0.478490 P(collect_iron)
0.077278 P(collect_diamond)
0.026439 P(make_iron_pickaxe)
0.027419 P(make_iron_sword)
0.662087 P(make_arrow)
0.851213 P(make_torch)
0.828073 P(place_torch)
0.009130 P(make_diamond_sword)
0.000000 P(make_iron_armour)
0.000000 P(make_diamond_armour)
0.001310 P(enter_gnomish_mines)
0.551589 P(enter_dungeon)
0.000000 P(enter_sewers)
0.000000 P(enter_vault)
0.000000 P(enter_troll_mines)
0.000000 P(enter_fire_realm)
0.000000 P(enter_ice_realm)
0.000000 P(enter_graveyard)
0.000840 P(defeat_gnome_warrior)
0.000470 P(defeat_gnome_archer)
0.421812 P(defeat_orc_solider)
0.323514 P(defeat_orc_mage)
0.000000 P(defeat_lizard)
0.000000 P(defeat_kobold)
0.000000 P(defeat_troll)
0.000000 P(defeat_deep_thing)
0.000000 P(defeat_pigman)
0.000000 P(defeat_fire_elemental)
0.000000 P(defeat_frost_troll)
0.000000 P(defeat_ice_elemental)
0.000000 P(damage_necromancer)
0.000000 P(defeat_necromancer)
0.000800 P(eat_bat)
0.464501 P(eat_snail)
0.528689 P(find_bow)
0.283214 P(fire_bow)
0.065399 P(collect_sapphire)
0.000000 P(learn_fireball)
0.000000 P(cast_fireball)
0.000000 P(learn_iceball)
0.000000 P(cast_iceball)
0.065139 P(collect_ruby)
0.009110 P(make_diamond_pickaxe)
0.528689 P(open_chest)
0.000000 P(drink_potion)
0.000000 P(enchant_sword)
0.000000 P(enchant_armour)
0.000000 P(defeat_knight)
0.000000 P(defeat_archer)

models/kb32_s15.sav
1288.865224 elapsed
100000.000000 reward/count
0.115382 reward/mean
0.038076 reward/std
0.257080 reward/max
452.591600 depth/mean
367.377839 depth/std
0.958037 P(open_chest|enter_dungeon)
0.849614 P(eat_snail|enter_dungeon)
0.767168 P(defeat_orc_soldier|enter_dungeon)
0.579261 P(defeat_orc_mage|enter_dungeon)
0.003104 P(enter_gnomish_mines|enter_dungeon)
0.603414 P(eat_bat|enter_gnomish_mines)
0.672375 P(defeat_gnome_warrior|enter_gnomish_mines)
0.350555 P(defeat_gnome_archer|enter_gnomish_mines)
0.995360 P(collect_wood)
0.973560 P(place_table)
0.695430 P(eat_cow)
0.897580 P(collect_sapling)
0.781760 P(collect_drink)
0.955210 P(make_wood_pickaxe)
0.902620 P(make_wood_sword)
0.894940 P(place_plant)
0.493980 P(defeat_zombie)
0.941910 P(collect_stone)
0.905740 P(place_stone)
0.043670 P(eat_plant)
0.456160 P(defeat_skeleton)
0.685030 P(make_stone_pickaxe)
0.866700 P(make_stone_sword)
0.383420 P(wake_up)
0.892150 P(place_furnace)
0.774500 P(collect_coal)
0.550060 P(collect_iron)
0.077790 P(collect_diamond)
0.083460 P(make_iron_pickaxe)
0.177250 P(make_iron_sword)
0.738470 P(make_arrow)
0.854050 P(make_torch)
0.832140 P(place_torch)
0.009210 P(make_diamond_sword)
0.000000 P(make_iron_armour)
0.000000 P(make_diamond_armour)
0.001740 P(enter_gnomish_mines)
0.560490 P(enter_dungeon)
0.000000 P(enter_sewers)
0.000000 P(enter_vault)
0.000000 P(enter_troll_mines)
0.000000 P(enter_fire_realm)
0.000000 P(enter_ice_realm)
0.000000 P(enter_graveyard)
0.001170 P(defeat_gnome_warrior)
0.000610 P(defeat_gnome_archer)
0.429990 P(defeat_orc_solider)
0.324670 P(defeat_orc_mage)
0.000000 P(defeat_lizard)
0.000000 P(defeat_kobold)
0.000000 P(defeat_troll)
0.000000 P(defeat_deep_thing)
0.000000 P(defeat_pigman)
0.000000 P(defeat_fire_elemental)
0.000000 P(defeat_frost_troll)
0.000000 P(defeat_ice_elemental)
0.000000 P(damage_necromancer)
0.000000 P(defeat_necromancer)
0.001050 P(eat_bat)
0.476200 P(eat_snail)
0.536970 P(find_bow)
0.324010 P(fire_bow)
0.063920 P(collect_sapphire)
0.000000 P(learn_fireball)
0.000000 P(cast_fireball)
0.000000 P(learn_iceball)
0.000000 P(cast_iceball)
0.064460 P(collect_ruby)
0.009060 P(make_diamond_pickaxe)
0.536970 P(open_chest)
0.000000 P(drink_potion)
0.000000 P(enchant_sword)
0.000000 P(enchant_armour)
0.000000 P(defeat_knight)
0.000000 P(defeat_archer)

models/kb32_s16.sav
1391.817373 elapsed
100001.000000 reward/count
0.117989 reward/mean
0.039348 reward/std
0.261504 reward/max
491.203668 depth/mean
433.188918 depth/std
0.963911 P(open_chest|enter_dungeon)
0.856850 P(eat_snail|enter_dungeon)
0.781801 P(defeat_orc_soldier|enter_dungeon)
0.609357 P(defeat_orc_mage|enter_dungeon)
0.006244 P(enter_gnomish_mines|enter_dungeon)
0.589515 P(eat_bat|enter_gnomish_mines)
0.630837 P(defeat_gnome_warrior|enter_gnomish_mines)
0.377400 P(defeat_gnome_archer|enter_gnomish_mines)
0.995330 P(collect_wood)
0.972700 P(place_table)
0.683233 P(eat_cow)
0.931531 P(collect_sapling)
0.804152 P(collect_drink)
0.955910 P(make_wood_pickaxe)
0.901891 P(make_wood_sword)
0.929151 P(place_plant)
0.495055 P(defeat_zombie)
0.942201 P(collect_stone)
0.896381 P(place_stone)
0.056569 P(eat_plant)
0.480105 P(defeat_skeleton)
0.685993 P(make_stone_pickaxe)
0.869181 P(make_stone_sword)
0.525195 P(wake_up)
0.892611 P(place_furnace)
0.761582 P(collect_coal)
0.559854 P(collect_iron)
0.087049 P(collect_diamond)
0.029750 P(make_iron_pickaxe)
0.028460 P(make_iron_sword)
0.720323 P(make_arrow)
0.863931 P(make_torch)
0.841982 P(place_torch)
0.009510 P(make_diamond_sword)
0.000000 P(make_iron_armour)
0.000000 P(make_diamond_armour)
0.003630 P(enter_gnomish_mines)
0.581344 P(enter_dungeon)
0.000000 P(enter_sewers)
0.000000 P(enter_vault)
0.000000 P(enter_troll_mines)
0.000000 P(enter_fire_realm)
0.000000 P(enter_ice_realm)
0.000000 P(enter_graveyard)
0.002290 P(defeat_gnome_warrior)
0.001370 P(defeat_gnome_archer)
0.454495 P(defeat_orc_solider)
0.354246 P(defeat_orc_mage)
0.000000 P(defeat_lizard)
0.000000 P(defeat_kobold)
0.000000 P(defeat_troll)
0.000000 P(defeat_deep_thing)
0.000000 P(defeat_pigman)
0.000000 P(defeat_fire_elemental)
0.000000 P(defeat_frost_troll)
0.000000 P(defeat_ice_elemental)
0.000000 P(damage_necromancer)
0.000000 P(defeat_necromancer)
0.002140 P(eat_bat)
0.498125 P(eat_snail)
0.560364 P(find_bow)
0.338067 P(fire_bow)
0.070169 P(collect_sapphire)
0.000000 P(learn_fireball)
0.000000 P(cast_fireball)
0.000000 P(learn_iceball)
0.000000 P(cast_iceball)
0.071799 P(collect_ruby)
0.010100 P(make_diamond_pickaxe)
0.560364 P(open_chest)
0.000000 P(drink_potion)
0.000000 P(enchant_sword)
0.000000 P(enchant_armour)
0.000000 P(defeat_knight)
0.000000 P(defeat_archer)

models/kb32_s17.sav
1343.513334 elapsed
100001.000000 reward/count
0.118631 reward/mean
0.039158 reward/std
0.265929 reward/max
472.511615 depth/mean
411.398017 depth/std
0.967938 P(open_chest|enter_dungeon)
0.840640 P(eat_snail|enter_dungeon)
0.777674 P(defeat_orc_soldier|enter_dungeon)
0.593577 P(defeat_orc_mage|enter_dungeon)
0.004923 P(enter_gnomish_mines|enter_dungeon)
0.680678 P(eat_bat|enter_gnomish_mines)
0.736816 P(defeat_gnome_warrior|enter_gnomish_mines)
0.414021 P(defeat_gnome_archer|enter_gnomish_mines)
0.996250 P(collect_wood)
0.982160 P(place_table)
0.696173 P(eat_cow)
0.910271 P(collect_sapling)
0.786342 P(collect_drink)
0.967910 P(make_wood_pickaxe)
0.902591 P(make_wood_sword)
0.908411 P(place_plant)
0.495125 P(defeat_zombie)
0.953990 P(collect_stone)
0.911671 P(place_stone)
0.052039 P(eat_plant)
0.459745 P(defeat_skeleton)
0.641724 P(make_stone_pickaxe)
0.869981 P(make_stone_sword)
0.409776 P(wake_up)
0.904131 P(place_furnace)
0.788162 P(collect_coal)
0.537885 P(collect_iron)
0.088679 P(collect_diamond)
0.098819 P(make_iron_pickaxe)
0.187108 P(make_iron_sword)
0.771652 P(make_arrow)
0.866101 P(make_torch)
0.855881 P(place_torch)
0.010030 P(make_diamond_sword)
0.000130 P(make_iron_armour)
0.000000 P(make_diamond_armour)
0.002850 P(enter_gnomish_mines)
0.578874 P(enter_dungeon)
0.000000 P(enter_sewers)
0.000000 P(enter_vault)
0.000000 P(enter_troll_mines)
0.000000 P(enter_fire_realm)
0.000000 P(enter_ice_realm)
0.000000 P(enter_graveyard)
0.002100 P(defeat_gnome_warrior)
0.001180 P(defeat_gnome_archer)
0.450175 P(defeat_orc_solider)
0.343607 P(defeat_orc_mage)
0.000000 P(defeat_lizard)
0.000000 P(defeat_kobold)
0.000000 P(defeat_troll)
0.000000 P(defeat_deep_thing)
0.000000 P(defeat_pigman)
0.000000 P(defeat_fire_elemental)
0.000000 P(defeat_frost_troll)
0.000000 P(defeat_ice_elemental)
0.000000 P(damage_necromancer)
0.000000 P(defeat_necromancer)
0.001940 P(eat_bat)
0.486625 P(eat_snail)
0.560314 P(find_bow)
0.376466 P(fire_bow)
0.071439 P(collect_sapphire)
0.000000 P(learn_fireball)
0.000000 P(cast_fireball)
0.000000 P(learn_iceball)
0.000000 P(cast_iceball)
0.071839 P(collect_ruby)
0.009900 P(make_diamond_pickaxe)
0.560314 P(open_chest)
0.000000 P(drink_potion)
0.000000 P(enchant_sword)
0.000000 P(enchant_armour)
0.000000 P(defeat_knight)
0.000000 P(defeat_archer)

models/kb32_s18.sav
1271.621022 elapsed
100007.000000 reward/count
0.120965 reward/mean
0.038461 reward/std
0.261504 reward/max
447.510334 depth/mean
360.608115 depth/std
0.961977 P(open_chest|enter_dungeon)
0.854591 P(eat_snail|enter_dungeon)
0.763333 P(defeat_orc_soldier|enter_dungeon)
0.570506 P(defeat_orc_mage|enter_dungeon)
0.003905 P(enter_gnomish_mines|enter_dungeon)
0.610853 P(eat_bat|enter_gnomish_mines)
0.648508 P(defeat_gnome_warrior|enter_gnomish_mines)
0.368185 P(defeat_gnome_archer|enter_gnomish_mines)
0.994050 P(collect_wood)
0.975152 P(place_table)
0.686772 P(eat_cow)
0.899257 P(collect_sapling)
0.778506 P(collect_drink)
0.952663 P(make_wood_pickaxe)
0.897827 P(make_wood_sword)
0.890228 P(place_plant)
0.490866 P(defeat_zombie)
0.940424 P(collect_stone)
0.893977 P(place_stone)
0.040047 P(eat_plant)
0.464727 P(defeat_skeleton)
0.705001 P(make_stone_pickaxe)
0.875699 P(make_stone_sword)
0.458648 P(wake_up)
0.895957 P(place_furnace)
0.785335 P(collect_coal)
0.592339 P(collect_iron)
0.085384 P(collect_diamond)
0.104203 P(make_iron_pickaxe)
0.241543 P(make_iron_sword)
0.750337 P(make_arrow)
0.875409 P(make_torch)
0.862270 P(place_torch)
0.010169 P(make_diamond_sword)
0.000130 P(make_iron_armour)
0.000000 P(make_diamond_armour)
0.002390 P(enter_gnomish_mines)
0.611957 P(enter_dungeon)
0.000000 P(enter_sewers)
0.000000 P(enter_vault)
0.000000 P(enter_troll_mines)
0.000000 P(enter_fire_realm)
0.000000 P(enter_ice_realm)
0.000000 P(enter_graveyard)
0.001550 P(defeat_gnome_warrior)
0.000880 P(defeat_gnome_archer)
0.467127 P(defeat_orc_solider)
0.349126 P(defeat_orc_mage)
0.000000 P(defeat_lizard)
0.000000 P(defeat_kobold)
0.000000 P(defeat_troll)
0.000000 P(defeat_deep_thing)
0.000000 P(defeat_pigman)
0.000000 P(defeat_fire_elemental)
0.000000 P(defeat_frost_troll)
0.000000 P(defeat_ice_elemental)
0.000000 P(damage_necromancer)
0.000000 P(defeat_necromancer)
0.001460 P(eat_bat)
0.522973 P(eat_snail)
0.588689 P(find_bow)
0.374284 P(fire_bow)
0.072275 P(collect_sapphire)
0.000000 P(learn_fireball)
0.000000 P(cast_fireball)
0.000000 P(learn_iceball)
0.000000 P(cast_iceball)
0.072465 P(collect_ruby)
0.009719 P(make_diamond_pickaxe)
0.588689 P(open_chest)
0.000000 P(drink_potion)
0.000000 P(enchant_sword)
0.000000 P(enchant_armour)
0.000000 P(defeat_knight)
0.000000 P(defeat_archer)

models/kb32_s19.sav
1369.790662 elapsed
100006.000000 reward/count
0.117291 reward/mean
0.039357 reward/std
0.270354 reward/max
483.049327 depth/mean
424.426636 depth/std
0.963267 P(open_chest|enter_dungeon)
0.847979 P(eat_snail|enter_dungeon)
0.795964 P(defeat_orc_soldier|enter_dungeon)
0.612700 P(defeat_orc_mage|enter_dungeon)
0.005193 P(enter_gnomish_mines|enter_dungeon)
0.728163 P(eat_bat|enter_gnomish_mines)
0.691252 P(defeat_gnome_warrior|enter_gnomish_mines)
0.463072 P(defeat_gnome_archer|enter_gnomish_mines)
0.996610 P(collect_wood)
0.980191 P(place_table)
0.697458 P(eat_cow)
0.913175 P(collect_sapling)
0.777953 P(collect_drink)
0.963002 P(make_wood_pickaxe)
0.896726 P(make_wood_sword)
0.910685 P(place_plant)
0.485601 P(defeat_zombie)
0.949743 P(collect_stone)
0.902286 P(place_stone)
0.049477 P(eat_plant)
0.474212 P(defeat_skeleton)
0.607714 P(make_stone_pickaxe)
0.877477 P(make_stone_sword)
0.528218 P(wake_up)
0.894556 P(place_furnace)
0.770164 P(collect_coal)
0.505900 P(collect_iron)
0.084525 P(collect_diamond)
0.029488 P(make_iron_pickaxe)
0.029728 P(make_iron_sword)
0.768974 P(make_arrow)
0.857229 P(make_torch)
0.840220 P(place_torch)
0.009379 P(make_diamond_sword)
0.000000 P(make_iron_armour)
0.000000 P(make_diamond_armour)
0.002980 P(enter_gnomish_mines)
0.573836 P(enter_dungeon)
0.000000 P(enter_sewers)
0.000000 P(enter_vault)
0.000000 P(enter_troll_mines)
0.000000 P(enter_fire_realm)
0.000000 P(enter_ice_realm)
0.000000 P(enter_graveyard)
0.002060 P(defeat_gnome_warrior)
0.001380 P(defeat_gnome_archer)
0.456753 P(defeat_orc_solider)
0.351589 P(defeat_orc_mage)
0.000000 P(defeat_lizard)
0.000000 P(defeat_kobold)
0.000000 P(defeat_troll)
0.000000 P(defeat_deep_thing)
0.000000 P(defeat_pigman)
0.000000 P(defeat_fire_elemental)
0.000000 P(defeat_frost_troll)
0.000000 P(defeat_ice_elemental)
0.000000 P(damage_necromancer)
0.000000 P(defeat_necromancer)
0.002170 P(eat_bat)
0.486601 P(eat_snail)
0.552757 P(find_bow)
0.365878 P(fire_bow)
0.071356 P(collect_sapphire)
0.000000 P(learn_fireball)
0.000000 P(cast_fireball)
0.000000 P(learn_iceball)
0.000000 P(cast_iceball)
0.071386 P(collect_ruby)
0.010009 P(make_diamond_pickaxe)
0.552757 P(open_chest)
0.000000 P(drink_potion)
0.000000 P(enchant_sword)
0.000000 P(enchant_armour)
0.000000 P(defeat_knight)
0.000000 P(defeat_archer)

models/kb32_s20.sav
1225.612016 elapsed
100005.000000 reward/count
0.115713 reward/mean
0.037606 reward/std
0.261504 reward/max
430.802350 depth/mean
351.522671 depth/std
0.960875 P(open_chest|enter_dungeon)
0.857100 P(eat_snail|enter_dungeon)
0.771849 P(defeat_orc_soldier|enter_dungeon)
0.576906 P(defeat_orc_mage|enter_dungeon)
0.003457 P(enter_gnomish_mines|enter_dungeon)
0.626231 P(eat_bat|enter_gnomish_mines)
0.661583 P(defeat_gnome_warrior|enter_gnomish_mines)
0.383819 P(defeat_gnome_archer|enter_gnomish_mines)
0.994380 P(collect_wood)
0.975351 P(place_table)
0.693895 P(eat_cow)
0.907155 P(collect_sapling)
0.772761 P(collect_drink)
0.955442 P(make_wood_pickaxe)
0.896465 P(make_wood_sword)
0.903315 P(place_plant)
0.478676 P(defeat_zombie)
0.943693 P(collect_stone)
0.907935 P(place_stone)
0.034458 P(eat_plant)
0.452997 P(defeat_skeleton)
0.691075 P(make_stone_pickaxe)
0.852657 P(make_stone_sword)
0.328334 P(wake_up)
0.894995 P(place_furnace)
0.771191 P(collect_coal)
0.554422 P(collect_iron)
0.078536 P(collect_diamond)
0.074926 P(make_iron_pickaxe)
0.220279 P(make_iron_sword)
0.692405 P(make_arrow)
0.856447 P(make_torch)
0.843168 P(place_torch)
0.008800 P(make_diamond_sword)
0.000070 P(make_iron_armour)
0.000000 P(make_diamond_armour)
0.001980 P(enter_gnomish_mines)
0.572751 P(enter_dungeon)
0.000000 P(enter_sewers)
0.000000 P(enter_vault)
0.000000 P(enter_troll_mines)
0.000000 P(enter_fire_realm)
0.000000 P(enter_ice_realm)
0.000000 P(enter_graveyard)
0.001310 P(defeat_gnome_warrior)
0.000760 P(defeat_gnome_archer)
0.442078 P(defeat_orc_solider)
0.330423 P(defeat_orc_mage)
0.000000 P(defeat_lizard)
0.000000 P(defeat_kobold)
0.000000 P(defeat_troll)
0.000000 P(defeat_deep_thing)
0.000000 P(defeat_pigman)
0.000000 P(defeat_fire_elemental)
0.000000 P(defeat_frost_troll)
0.000000 P(defeat_ice_elemental)
0.000000 P(damage_necromancer)
0.000000 P(defeat_necromancer)
0.001240 P(eat_bat)
0.490905 P(eat_snail)
0.550342 P(find_bow)
0.301535 P(fire_bow)
0.067097 P(collect_sapphire)
0.000000 P(learn_fireball)
0.000000 P(cast_fireball)
0.000000 P(learn_iceball)
0.000000 P(cast_iceball)
0.067807 P(collect_ruby)
0.009730 P(make_diamond_pickaxe)
0.550342 P(open_chest)
0.000000 P(drink_potion)
0.000000 P(enchant_sword)
0.000000 P(enchant_armour)
0.000000 P(defeat_knight)
0.000000 P(defeat_archer)

